start
2020-10-26T00:11:38.429-0800: [GC (Allocation Failure) 2020-10-26T00:11:38.430-0800: [ParNew: 139776K->17471K(157248K), 0.0217952 secs] 139776K->47588K(506816K), 0.0218877 secs] [Times: user=0.04 sys=0.14, real=0.03 secs] 
2020-10-26T00:11:38.475-0800: [GC (Allocation Failure) 2020-10-26T00:11:38.475-0800: [ParNew: 157247K->17472K(157248K), 0.0236039 secs] 187364K->91633K(506816K), 0.0236881 secs] [Times: user=0.05 sys=0.14, real=0.02 secs] 
2020-10-26T00:11:38.518-0800: [GC (Allocation Failure) 2020-10-26T00:11:38.518-0800: [ParNew: 157248K->17470K(157248K), 0.0274028 secs] 231409K->136444K(506816K), 0.0274815 secs] [Times: user=0.25 sys=0.02, real=0.03 secs] 
2020-10-26T00:11:38.565-0800: [GC (Allocation Failure) 2020-10-26T00:11:38.565-0800: [ParNew: 157246K->17471K(157248K), 0.0261388 secs] 276220K->178136K(506816K), 0.0262191 secs] [Times: user=0.25 sys=0.01, real=0.03 secs] 
2020-10-26T00:11:38.611-0800: [GC (Allocation Failure) 2020-10-26T00:11:38.611-0800: [ParNew: 156574K->17471K(157248K), 0.0266251 secs] 317238K->222108K(506816K), 0.0267035 secs] [Times: user=0.24 sys=0.02, real=0.02 secs] 
2020-10-26T00:11:38.638-0800: [GC (CMS Initial Mark) [1 CMS-initial-mark: 204637K(349568K)] 222900K(506816K), 0.0002575 secs] [Times: user=0.00 sys=0.00, real=0.00 secs] 
2020-10-26T00:11:38.638-0800: [CMS-concurrent-mark-start]
2020-10-26T00:11:38.640-0800: [CMS-concurrent-mark: 0.002/0.002 secs] [Times: user=0.01 sys=0.00, real=0.01 secs] 
2020-10-26T00:11:38.640-0800: [CMS-concurrent-preclean-start]
2020-10-26T00:11:38.641-0800: [CMS-concurrent-preclean: 0.001/0.001 secs] [Times: user=0.00 sys=0.00, real=0.00 secs] 
2020-10-26T00:11:38.641-0800: [CMS-concurrent-abortable-preclean-start]
2020-10-26T00:11:38.657-0800: [GC (Allocation Failure) 2020-10-26T00:11:38.657-0800: [ParNew: 157247K->17471K(157248K), 0.0309043 secs] 361884K->271624K(506816K), 0.0309781 secs] [Times: user=0.28 sys=0.02, real=0.03 secs] 
2020-10-26T00:11:38.707-0800: [GC (Allocation Failure) 2020-10-26T00:11:38.708-0800: [ParNew: 157247K->17470K(157248K), 0.0239963 secs] 411400K->309029K(506816K), 0.0240992 secs] [Times: user=0.21 sys=0.01, real=0.03 secs] 
2020-10-26T00:11:38.750-0800: [GC (Allocation Failure) 2020-10-26T00:11:38.750-0800: [ParNew: 157246K->17471K(157248K), 0.0267876 secs] 448805K->351532K(506816K), 0.0268722 secs] [Times: user=0.25 sys=0.02, real=0.02 secs] 
2020-10-26T00:11:38.777-0800: [CMS-concurrent-abortable-preclean: 0.004/0.136 secs] [Times: user=0.81 sys=0.05, real=0.13 secs] 
2020-10-26T00:11:38.777-0800: [GC (CMS Final Remark) [YG occupancy: 17615 K (157248 K)]2020-10-26T00:11:38.777-0800: [Rescan (parallel) , 0.0003147 secs]2020-10-26T00:11:38.777-0800: [weak refs processing, 0.0000361 secs]2020-10-26T00:11:38.777-0800: [class unloading, 0.0002094 secs]2020-10-26T00:11:38.777-0800: [scrub symbol table, 0.0003011 secs]2020-10-26T00:11:38.778-0800: [scrub string table, 0.0002076 secs][1 CMS-remark: 334060K(349568K)] 351676K(506816K), 0.0011929 secs] [Times: user=0.00 sys=0.00, real=0.00 secs] 
2020-10-26T00:11:38.778-0800: [CMS-concurrent-sweep-start]
2020-10-26T00:11:38.779-0800: [CMS-concurrent-sweep: 0.001/0.001 secs] [Times: user=0.00 sys=0.00, real=0.00 secs] 
2020-10-26T00:11:38.779-0800: [CMS-concurrent-reset-start]
2020-10-26T00:11:38.780-0800: [CMS-concurrent-reset: 0.001/0.001 secs] [Times: user=0.01 sys=0.00, real=0.01 secs] 
2020-10-26T00:11:38.805-0800: [GC (Allocation Failure) 2020-10-26T00:11:38.805-0800: [ParNew: 157247K->17471K(157248K), 0.0098042 secs] 448773K->353170K(506816K), 0.0098805 secs] [Times: user=0.09 sys=0.00, real=0.01 secs] 
2020-10-26T00:11:38.815-0800: [GC (CMS Initial Mark) [1 CMS-initial-mark: 335698K(349568K)] 353314K(506816K), 0.0002291 secs] [Times: user=0.00 sys=0.00, real=0.00 secs] 
2020-10-26T00:11:38.815-0800: [CMS-concurrent-mark-start]
2020-10-26T00:11:38.816-0800: [CMS-concurrent-mark: 0.001/0.001 secs] [Times: user=0.01 sys=0.00, real=0.00 secs] 
2020-10-26T00:11:38.816-0800: [CMS-concurrent-preclean-start]
2020-10-26T00:11:38.817-0800: [CMS-concurrent-preclean: 0.001/0.001 secs] [Times: user=0.00 sys=0.00, real=0.00 secs] 
2020-10-26T00:11:38.817-0800: [CMS-concurrent-abortable-preclean-start]
2020-10-26T00:11:38.817-0800: [CMS-concurrent-abortable-preclean: 0.000/0.000 secs] [Times: user=0.00 sys=0.00, real=0.00 secs] 
2020-10-26T00:11:38.817-0800: [GC (CMS Final Remark) [YG occupancy: 33012 K (157248 K)]2020-10-26T00:11:38.817-0800: [Rescan (parallel) , 0.0002683 secs]2020-10-26T00:11:38.817-0800: [weak refs processing, 0.0000291 secs]2020-10-26T00:11:38.817-0800: [class unloading, 0.0001961 secs]2020-10-26T00:11:38.818-0800: [scrub symbol table, 0.0002898 secs]2020-10-26T00:11:38.818-0800: [scrub string table, 0.0001978 secs][1 CMS-remark: 335698K(349568K)] 368711K(506816K), 0.0010671 secs] [Times: user=0.00 sys=0.00, real=0.00 secs] 
2020-10-26T00:11:38.818-0800: [CMS-concurrent-sweep-start]
2020-10-26T00:11:38.819-0800: [CMS-concurrent-sweep: 0.001/0.001 secs] [Times: user=0.00 sys=0.00, real=0.00 secs] 
2020-10-26T00:11:38.819-0800: [CMS-concurrent-reset-start]
2020-10-26T00:11:38.819-0800: [CMS-concurrent-reset: 0.000/0.000 secs] [Times: user=0.00 sys=0.00, real=0.00 secs] 
2020-10-26T00:11:38.835-0800: [GC (Allocation Failure) 2020-10-26T00:11:38.835-0800: [ParNew: 157240K->17470K(157248K), 0.0087690 secs] 398308K->298587K(506816K), 0.0088279 secs] [Times: user=0.08 sys=0.00, real=0.01 secs] 
2020-10-26T00:11:38.844-0800: [GC (CMS Initial Mark) [1 CMS-initial-mark: 281116K(349568K)] 301526K(506816K), 0.0002412 secs] [Times: user=0.00 sys=0.00, real=0.00 secs] 
2020-10-26T00:11:38.844-0800: [CMS-concurrent-mark-start]
2020-10-26T00:11:38.845-0800: [CMS-concurrent-mark: 0.001/0.001 secs] [Times: user=0.00 sys=0.00, real=0.00 secs] 
2020-10-26T00:11:38.845-0800: [CMS-concurrent-preclean-start]
2020-10-26T00:11:38.846-0800: [CMS-concurrent-preclean: 0.001/0.001 secs] [Times: user=0.00 sys=0.00, real=0.00 secs] 
2020-10-26T00:11:38.846-0800: [CMS-concurrent-abortable-preclean-start]
2020-10-26T00:11:38.864-0800: [GC (Allocation Failure) 2020-10-26T00:11:38.864-0800: [ParNew: 157166K->17471K(157248K), 0.0099852 secs] 438283K->341130K(506816K), 0.0100466 secs] [Times: user=0.10 sys=0.00, real=0.01 secs] 
2020-10-26T00:11:38.903-0800: [GC (Allocation Failure) 2020-10-26T00:11:38.903-0800: [ParNew: 157143K->157143K(157248K), 0.0000340 secs]2020-10-26T00:11:38.903-0800: [CMS2020-10-26T00:11:38.903-0800: [CMS-concurrent-abortable-preclean: 0.002/0.057 secs] [Times: user=0.15 sys=0.00, real=0.06 secs] 
 (concurrent mode failure): 323659K->296185K(349568K), 0.0526194 secs] 480802K->296185K(506816K), [Metaspace: 2673K->2673K(1056768K)], 0.0527355 secs] [Times: user=0.05 sys=0.00, real=0.05 secs] 
2020-10-26T00:11:38.974-0800: [GC (Allocation Failure) 2020-10-26T00:11:38.974-0800: [ParNew: 139776K->17471K(157248K), 0.0055723 secs] 435961K->340157K(506816K), 0.0056393 secs] [Times: user=0.05 sys=0.00, real=0.01 secs] 
2020-10-26T00:11:38.980-0800: [GC (CMS Initial Mark) [1 CMS-initial-mark: 322686K(349568K)] 340652K(506816K), 0.0002177 secs] [Times: user=0.00 sys=0.00, real=0.00 secs] 
2020-10-26T00:11:38.980-0800: [CMS-concurrent-mark-start]
2020-10-26T00:11:38.981-0800: [CMS-concurrent-mark: 0.001/0.001 secs] [Times: user=0.00 sys=0.00, real=0.00 secs] 
2020-10-26T00:11:38.981-0800: [CMS-concurrent-preclean-start]
2020-10-26T00:11:38.982-0800: [CMS-concurrent-preclean: 0.001/0.001 secs] [Times: user=0.00 sys=0.00, real=0.00 secs] 
2020-10-26T00:11:38.982-0800: [CMS-concurrent-abortable-preclean-start]
2020-10-26T00:11:38.982-0800: [CMS-concurrent-abortable-preclean: 0.000/0.000 secs] [Times: user=0.00 sys=0.00, real=0.00 secs] 
2020-10-26T00:11:38.982-0800: [GC (CMS Final Remark) [YG occupancy: 35958 K (157248 K)]2020-10-26T00:11:38.982-0800: [Rescan (parallel) , 0.0003416 secs]2020-10-26T00:11:38.982-0800: [weak refs processing, 0.0000261 secs]2020-10-26T00:11:38.982-0800: [class unloading, 0.0001892 secs]2020-10-26T00:11:38.982-0800: [scrub symbol table, 0.0002890 secs]2020-10-26T00:11:38.983-0800: [scrub string table, 0.0001981 secs][1 CMS-remark: 322686K(349568K)] 358644K(506816K), 0.0011284 secs] [Times: user=0.01 sys=0.00, real=0.00 secs] 
2020-10-26T00:11:38.983-0800: [CMS-concurrent-sweep-start]
2020-10-26T00:11:38.983-0800: [CMS-concurrent-sweep: 0.000/0.000 secs] [Times: user=0.00 sys=0.00, real=0.00 secs] 
2020-10-26T00:11:38.983-0800: [CMS-concurrent-reset-start]
2020-10-26T00:11:38.984-0800: [CMS-concurrent-reset: 0.000/0.000 secs] [Times: user=0.00 sys=0.00, real=0.00 secs] 
2020-10-26T00:11:38.998-0800: [GC (Allocation Failure) 2020-10-26T00:11:38.998-0800: [ParNew: 157247K->17471K(157248K), 0.0071842 secs] 444125K->345548K(506816K), 0.0072460 secs] [Times: user=0.07 sys=0.00, real=0.01 secs] 
2020-10-26T00:11:39.006-0800: [GC (CMS Initial Mark) [1 CMS-initial-mark: 328077K(349568K)] 346202K(506816K), 0.0002180 secs] [Times: user=0.00 sys=0.00, real=0.00 secs] 
2020-10-26T00:11:39.006-0800: [CMS-concurrent-mark-start]
2020-10-26T00:11:39.007-0800: [CMS-concurrent-mark: 0.001/0.001 secs] [Times: user=0.00 sys=0.00, real=0.00 secs] 
2020-10-26T00:11:39.007-0800: [CMS-concurrent-preclean-start]
2020-10-26T00:11:39.007-0800: [CMS-concurrent-preclean: 0.001/0.001 secs] [Times: user=0.00 sys=0.00, real=0.00 secs] 
2020-10-26T00:11:39.007-0800: [CMS-concurrent-abortable-preclean-start]
2020-10-26T00:11:39.007-0800: [CMS-concurrent-abortable-preclean: 0.000/0.000 secs] [Times: user=0.00 sys=0.00, real=0.00 secs] 
2020-10-26T00:11:39.008-0800: [GC (CMS Final Remark) [YG occupancy: 31446 K (157248 K)]2020-10-26T00:11:39.008-0800: [Rescan (parallel) , 0.0002429 secs]2020-10-26T00:11:39.008-0800: [weak refs processing, 0.0000181 secs]2020-10-26T00:11:39.008-0800: [class unloading, 0.0001854 secs]2020-10-26T00:11:39.008-0800: [scrub symbol table, 0.0002900 secs]2020-10-26T00:11:39.008-0800: [scrub string table, 0.0002001 secs][1 CMS-remark: 328077K(349568K)] 359523K(506816K), 0.0010096 secs] [Times: user=0.00 sys=0.00, real=0.00 secs] 
2020-10-26T00:11:39.009-0800: [CMS-concurrent-sweep-start]
2020-10-26T00:11:39.009-0800: [CMS-concurrent-sweep: 0.001/0.001 secs] [Times: user=0.00 sys=0.00, real=0.00 secs] 
2020-10-26T00:11:39.009-0800: [CMS-concurrent-reset-start]
2020-10-26T00:11:39.010-0800: [CMS-concurrent-reset: 0.000/0.000 secs] [Times: user=0.00 sys=0.00, real=0.01 secs] 
2020-10-26T00:11:39.034-0800: [GC (Allocation Failure) 2020-10-26T00:11:39.034-0800: [ParNew: 157240K->17471K(157248K), 0.0112853 secs] 450612K->358745K(506816K), 0.0113432 secs] [Times: user=0.11 sys=0.00, real=0.01 secs] 
2020-10-26T00:11:39.045-0800: [GC (CMS Initial Mark) [1 CMS-initial-mark: 341273K(349568K)] 361797K(506816K), 0.0002225 secs] [Times: user=0.00 sys=0.00, real=0.00 secs] 
2020-10-26T00:11:39.045-0800: [CMS-concurrent-mark-start]
2020-10-26T00:11:39.046-0800: [CMS-concurrent-mark: 0.001/0.001 secs] [Times: user=0.00 sys=0.00, real=0.00 secs] 
2020-10-26T00:11:39.046-0800: [CMS-concurrent-preclean-start]
2020-10-26T00:11:39.047-0800: [CMS-concurrent-preclean: 0.001/0.001 secs] [Times: user=0.00 sys=0.00, real=0.00 secs] 
2020-10-26T00:11:39.047-0800: [CMS-concurrent-abortable-preclean-start]
2020-10-26T00:11:39.047-0800: [CMS-concurrent-abortable-preclean: 0.000/0.000 secs] [Times: user=0.00 sys=0.00, real=0.00 secs] 
2020-10-26T00:11:39.047-0800: [GC (CMS Final Remark) [YG occupancy: 29824 K (157248 K)]2020-10-26T00:11:39.047-0800: [Rescan (parallel) , 0.0002769 secs]2020-10-26T00:11:39.047-0800: [weak refs processing, 0.0000208 secs]2020-10-26T00:11:39.047-0800: [class unloading, 0.0001935 secs]2020-10-26T00:11:39.048-0800: [scrub symbol table, 0.0002923 secs]2020-10-26T00:11:39.048-0800: [scrub string table, 0.0002006 secs][1 CMS-remark: 341273K(349568K)] 371097K(506816K), 0.0010645 secs] [Times: user=0.00 sys=0.00, real=0.00 secs] 
2020-10-26T00:11:39.048-0800: [CMS-concurrent-sweep-start]
2020-10-26T00:11:39.049-0800: [CMS-concurrent-sweep: 0.001/0.001 secs] [Times: user=0.00 sys=0.00, real=0.00 secs] 
2020-10-26T00:11:39.049-0800: [CMS-concurrent-reset-start]
2020-10-26T00:11:39.049-0800: [CMS-concurrent-reset: 0.000/0.000 secs] [Times: user=0.00 sys=0.00, real=0.00 secs] 
2020-10-26T00:11:39.065-0800: [GC (Allocation Failure) 2020-10-26T00:11:39.065-0800: [ParNew: 156997K->156997K(157248K), 0.0000349 secs]2020-10-26T00:11:39.065-0800: [CMS: 300691K->320615K(349568K), 0.0514651 secs] 457688K->320615K(506816K), [Metaspace: 2673K->2673K(1056768K)], 0.0516067 secs] [Times: user=0.06 sys=0.00, real=0.05 secs] 
2020-10-26T00:11:39.117-0800: [GC (CMS Initial Mark) [1 CMS-initial-mark: 320615K(349568K)] 323668K(506816K), 0.0002094 secs] [Times: user=0.00 sys=0.00, real=0.00 secs] 
2020-10-26T00:11:39.117-0800: [CMS-concurrent-mark-start]
2020-10-26T00:11:39.118-0800: [CMS-concurrent-mark: 0.001/0.001 secs] [Times: user=0.00 sys=0.00, real=0.00 secs] 
2020-10-26T00:11:39.118-0800: [CMS-concurrent-preclean-start]
2020-10-26T00:11:39.118-0800: [CMS-concurrent-preclean: 0.001/0.001 secs] [Times: user=0.00 sys=0.00, real=0.00 secs] 
2020-10-26T00:11:39.119-0800: [CMS-concurrent-abortable-preclean-start]
2020-10-26T00:11:39.143-0800: [GC (Allocation Failure) 2020-10-26T00:11:39.143-0800: [ParNew: 139693K->139693K(157248K), 0.0000333 secs]2020-10-26T00:11:39.144-0800: [CMS2020-10-26T00:11:39.144-0800: [CMS-concurrent-abortable-preclean: 0.001/0.025 secs] [Times: user=0.03 sys=0.00, real=0.03 secs] 
 (concurrent mode failure): 320615K->329712K(349568K), 0.0497501 secs] 460308K->329712K(506816K), [Metaspace: 2673K->2673K(1056768K)], 0.0498681 secs] [Times: user=0.05 sys=0.00, real=0.05 secs] 
2020-10-26T00:11:39.213-0800: [GC (Allocation Failure) 2020-10-26T00:11:39.213-0800: [ParNew: 139776K->139776K(157248K), 0.0000331 secs]2020-10-26T00:11:39.213-0800: [CMS: 329712K->338708K(349568K), 0.0484860 secs] 469488K->338708K(506816K), [Metaspace: 2673K->2673K(1056768K)], 0.0486067 secs] [Times: user=0.04 sys=0.00, real=0.05 secs] 
2020-10-26T00:11:39.261-0800: [GC (CMS Initial Mark) [1 CMS-initial-mark: 338708K(349568K)] 338875K(506816K), 0.0002459 secs] [Times: user=0.00 sys=0.00, real=0.00 secs] 
2020-10-26T00:11:39.262-0800: [CMS-concurrent-mark-start]
2020-10-26T00:11:39.263-0800: [CMS-concurrent-mark: 0.001/0.001 secs] [Times: user=0.01 sys=0.00, real=0.00 secs] 
2020-10-26T00:11:39.263-0800: [CMS-concurrent-preclean-start]
2020-10-26T00:11:39.263-0800: [CMS-concurrent-preclean: 0.001/0.001 secs] [Times: user=0.00 sys=0.00, real=0.00 secs] 
2020-10-26T00:11:39.264-0800: [CMS-concurrent-abortable-preclean-start]
2020-10-26T00:11:39.264-0800: [CMS-concurrent-abortable-preclean: 0.000/0.000 secs] [Times: user=0.00 sys=0.00, real=0.00 secs] 
2020-10-26T00:11:39.264-0800: [GC (CMS Final Remark) [YG occupancy: 13991 K (157248 K)]2020-10-26T00:11:39.264-0800: [Rescan (parallel) , 0.0002777 secs]2020-10-26T00:11:39.264-0800: [weak refs processing, 0.0000231 secs]2020-10-26T00:11:39.264-0800: [class unloading, 0.0001974 secs]2020-10-26T00:11:39.264-0800: [scrub symbol table, 0.0003093 secs]2020-10-26T00:11:39.265-0800: [scrub string table, 0.0002130 secs][1 CMS-remark: 338708K(349568K)] 352700K(506816K), 0.0011075 secs] [Times: user=0.00 sys=0.00, real=0.00 secs] 
2020-10-26T00:11:39.265-0800: [CMS-concurrent-sweep-start]
2020-10-26T00:11:39.265-0800: [CMS-concurrent-sweep: 0.000/0.000 secs] [Times: user=0.00 sys=0.00, real=0.00 secs] 
2020-10-26T00:11:39.265-0800: [CMS-concurrent-reset-start]
2020-10-26T00:11:39.266-0800: [CMS-concurrent-reset: 0.000/0.000 secs] [Times: user=0.00 sys=0.00, real=0.00 secs] 
2020-10-26T00:11:39.283-0800: [GC (Allocation Failure) 2020-10-26T00:11:39.283-0800: [ParNew: 139776K->139776K(157248K), 0.0000339 secs]2020-10-26T00:11:39.283-0800: [CMS: 337622K->349387K(349568K), 0.0500378 secs] 477398K->350693K(506816K), [Metaspace: 2673K->2673K(1056768K)], 0.0501582 secs] [Times: user=0.05 sys=0.00, real=0.05 secs] 
2020-10-26T00:11:39.334-0800: [GC (CMS Initial Mark) [1 CMS-initial-mark: 349387K(349568K)] 351311K(506816K), 0.0002769 secs] [Times: user=0.00 sys=0.00, real=0.00 secs] 
2020-10-26T00:11:39.334-0800: [CMS-concurrent-mark-start]
2020-10-26T00:11:39.335-0800: [CMS-concurrent-mark: 0.001/0.001 secs] [Times: user=0.00 sys=0.00, real=0.00 secs] 
2020-10-26T00:11:39.335-0800: [CMS-concurrent-preclean-start]
creat: 10092
2020-10-26T00:11:39.337-0800: [CMS-concurrent-preclean: 0.002/0.002 secs] [Times: user=0.01 sys=0.00, real=0.00 secs] 
2020-10-26T00:11:39.337-0800: [CMS-concurrent-abortable-preclean-start]
2020-10-26T00:11:39.337-0800: [CMS-concurrent-abortable-preclean: 0.000/0.000 secs] [Times: user=0.00 sys=0.00, real=0.00 secs] 
2020-10-26T00:11:39.337-0800: [GC (CMS Final Remark) [YG occupancy: 19958 K (157248 K)]2020-10-26T00:11:39.337-0800: [Rescan (parallel) , 0.0003840 secs]2020-10-26T00:11:39.337-0800: [weak refs processing, 0.0000246 secs]2020-10-26T00:11:39.337-0800: [class unloading, 0.0002321 secs]2020-10-26T00:11:39.338-0800: [scrub symbol table, 0.0003657 secs]2020-10-26T00:11:39.338-0800: [scrub string table, 0.0002549 secs][1 CMS-remark: 349387K(349568K)] 369346K(506816K), 0.0014016 secs] [Times: user=0.00 sys=0.01, real=0.00 secs] 
Heap
 par new generation   total 157248K, used 19958K [0x00000007a0000000, 0x00000007aaaa0000, 0x00000007aaaa0000)
  eden space 139776K,  14% used [0x00000007a0000000, 0x00000007a137dbc0, 0x00000007a8880000)
2020-10-26T00:11:39.339-0800: [CMS-concurrent-sweep-start]
  from space 17472K,   0% used [0x00000007a8880000, 0x00000007a8880000, 0x00000007a9990000)
  to   space 17472K,   0% used [0x00000007a9990000, 0x00000007a9990000, 0x00000007aaaa0000)
 concurrent mark-sweep generation total 349568K, used 349387K [0x00000007aaaa0000, 0x00000007c0000000, 0x00000007c0000000)
 Metaspace       used 2680K, capacity 4486K, committed 4864K, reserved 1056768K
  class space    used 292K, capacity 386K, committed 512K, reserved 1048576K
