start
2020-10-26T00:11:26.623-0800: [GC (Allocation Failure) 2020-10-26T00:11:26.623-0800: [ParNew: 34919K->4351K(39296K), 0.0050883 secs] 34919K->11875K(126720K), 0.0051781 secs] [Times: user=0.02 sys=0.03, real=0.00 secs] 
2020-10-26T00:11:26.637-0800: [GC (Allocation Failure) 2020-10-26T00:11:26.637-0800: [ParNew: 39021K->4350K(39296K), 0.0063367 secs] 46545K->23413K(126720K), 0.0064101 secs] [Times: user=0.02 sys=0.03, real=0.01 secs] 
2020-10-26T00:11:26.650-0800: [GC (Allocation Failure) 2020-10-26T00:11:26.650-0800: [ParNew: 39135K->4348K(39296K), 0.0089580 secs] 58198K->37543K(126720K), 0.0090319 secs] [Times: user=0.08 sys=0.00, real=0.00 secs] 
2020-10-26T00:11:26.665-0800: [GC (Allocation Failure) 2020-10-26T00:11:26.665-0800: [ParNew: 38998K->4337K(39296K), 0.0064806 secs] 72194K->47541K(126720K), 0.0065553 secs] [Times: user=0.06 sys=0.01, real=0.01 secs] 
2020-10-26T00:11:26.678-0800: [GC (Allocation Failure) 2020-10-26T00:11:26.678-0800: [ParNew: 39281K->4344K(39296K), 0.0082396 secs] 82485K->60242K(126720K), 0.0083142 secs] [Times: user=0.07 sys=0.00, real=0.01 secs] 
2020-10-26T00:11:26.686-0800: [GC (CMS Initial Mark) [1 CMS-initial-mark: 55898K(87424K)] 60530K(126720K), 0.0002740 secs] [Times: user=0.00 sys=0.00, real=0.00 secs] 
2020-10-26T00:11:26.687-0800: [CMS-concurrent-mark-start]
2020-10-26T00:11:26.687-0800: [CMS-concurrent-mark: 0.001/0.001 secs] [Times: user=0.00 sys=0.00, real=0.00 secs] 
2020-10-26T00:11:26.687-0800: [CMS-concurrent-preclean-start]
2020-10-26T00:11:26.687-0800: [CMS-concurrent-preclean: 0.000/0.000 secs] [Times: user=0.00 sys=0.00, real=0.00 secs] 
2020-10-26T00:11:26.688-0800: [CMS-concurrent-abortable-preclean-start]
2020-10-26T00:11:26.692-0800: [GC (Allocation Failure) 2020-10-26T00:11:26.692-0800: [ParNew: 39265K->4348K(39296K), 0.0073385 secs] 95163K->71607K(126720K), 0.0073998 secs] [Times: user=0.07 sys=0.00, real=0.01 secs] 
2020-10-26T00:11:26.707-0800: [GC (Allocation Failure) 2020-10-26T00:11:26.707-0800: [ParNew: 38942K->4347K(39296K), 0.0083003 secs] 106201K->84319K(126720K), 0.0083820 secs] [Times: user=0.08 sys=0.00, real=0.01 secs] 
2020-10-26T00:11:26.720-0800: [GC (Allocation Failure) 2020-10-26T00:11:26.720-0800: [ParNew: 39284K->39284K(39296K), 0.0000447 secs]2020-10-26T00:11:26.720-0800: [CMS2020-10-26T00:11:26.721-0800: [CMS-concurrent-abortable-preclean: 0.001/0.033 secs] [Times: user=0.16 sys=0.01, real=0.04 secs] 
 (concurrent mode failure): 79972K->87306K(87424K), 0.0149979 secs] 119256K->88414K(126720K), [Metaspace: 2673K->2673K(1056768K)], 0.0151466 secs] [Times: user=0.02 sys=0.00, real=0.01 secs] 
2020-10-26T00:11:26.742-0800: [Full GC (Allocation Failure) 2020-10-26T00:11:26.742-0800: [CMS: 87306K->87253K(87424K), 0.0102383 secs] 126284K->95695K(126720K), [Metaspace: 2673K->2673K(1056768K)], 0.0103334 secs] [Times: user=0.01 sys=0.00, real=0.01 secs] 
2020-10-26T00:11:26.752-0800: [GC (CMS Initial Mark) [1 CMS-initial-mark: 87253K(87424K)] 96048K(126720K), 0.0002542 secs] [Times: user=0.00 sys=0.00, real=0.00 secs] 
2020-10-26T00:11:26.753-0800: [CMS-concurrent-mark-start]
2020-10-26T00:11:26.753-0800: [CMS-concurrent-mark: 0.000/0.000 secs] [Times: user=0.00 sys=0.00, real=0.00 secs] 
2020-10-26T00:11:26.753-0800: [CMS-concurrent-preclean-start]
2020-10-26T00:11:26.754-0800: [CMS-concurrent-preclean: 0.001/0.001 secs] [Times: user=0.01 sys=0.00, real=0.00 secs] 
2020-10-26T00:11:26.754-0800: [CMS-concurrent-abortable-preclean-start]
2020-10-26T00:11:26.754-0800: [CMS-concurrent-abortable-preclean: 0.000/0.000 secs] [Times: user=0.00 sys=0.00, real=0.00 secs] 
2020-10-26T00:11:26.754-0800: [GC (CMS Final Remark) [YG occupancy: 14900 K (39296 K)]2020-10-26T00:11:26.754-0800: [Rescan (parallel) , 0.0002324 secs]2020-10-26T00:11:26.754-0800: [weak refs processing, 0.0000297 secs]2020-10-26T00:11:26.754-0800: [class unloading, 0.0002163 secs]2020-10-26T00:11:26.754-0800: [scrub symbol table, 0.0003028 secs]2020-10-26T00:11:26.755-0800: [scrub string table, 0.0002080 secs][1 CMS-remark: 87253K(87424K)] 102153K(126720K), 0.0011020 secs] [Times: user=0.00 sys=0.00, real=0.00 secs] 
2020-10-26T00:11:26.755-0800: [CMS-concurrent-sweep-start]
2020-10-26T00:11:26.755-0800: [CMS-concurrent-sweep: 0.000/0.000 secs] [Times: user=0.00 sys=0.00, real=0.00 secs] 
2020-10-26T00:11:26.755-0800: [CMS-concurrent-reset-start]
2020-10-26T00:11:26.755-0800: [CMS-concurrent-reset: 0.000/0.000 secs] [Times: user=0.00 sys=0.00, real=0.00 secs] 
2020-10-26T00:11:26.759-0800: [GC (Allocation Failure) 2020-10-26T00:11:26.759-0800: [ParNew: 39042K->39042K(39296K), 0.0000300 secs]2020-10-26T00:11:26.759-0800: [CMS: 87253K->87276K(87424K), 0.0106420 secs] 126295K->104175K(126720K), [Metaspace: 2673K->2673K(1056768K)], 0.0107429 secs] [Times: user=0.01 sys=0.00, real=0.02 secs] 
2020-10-26T00:11:26.770-0800: [GC (CMS Initial Mark) [1 CMS-initial-mark: 87276K(87424K)] 104867K(126720K), 0.0002184 secs] [Times: user=0.00 sys=0.00, real=0.00 secs] 
2020-10-26T00:11:26.770-0800: [CMS-concurrent-mark-start]
2020-10-26T00:11:26.770-0800: [CMS-concurrent-mark: 0.000/0.000 secs] [Times: user=0.00 sys=0.00, real=0.00 secs] 
2020-10-26T00:11:26.770-0800: [CMS-concurrent-preclean-start]
2020-10-26T00:11:26.771-0800: [CMS-concurrent-preclean: 0.001/0.001 secs] [Times: user=0.00 sys=0.00, real=0.00 secs] 
2020-10-26T00:11:26.771-0800: [CMS-concurrent-abortable-preclean-start]
2020-10-26T00:11:26.771-0800: [CMS-concurrent-abortable-preclean: 0.000/0.000 secs] [Times: user=0.00 sys=0.00, real=0.00 secs] 
2020-10-26T00:11:26.771-0800: [GC (CMS Final Remark) [YG occupancy: 24494 K (39296 K)]2020-10-26T00:11:26.771-0800: [Rescan (parallel) , 0.0002413 secs]2020-10-26T00:11:26.771-0800: [weak refs processing, 0.0000216 secs]2020-10-26T00:11:26.771-0800: [class unloading, 0.0001978 secs]2020-10-26T00:11:26.772-0800: [scrub symbol table, 0.0003020 secs]2020-10-26T00:11:26.772-0800: [scrub string table, 0.0002062 secs][1 CMS-remark: 87276K(87424K)] 111771K(126720K), 0.0010477 secs] [Times: user=0.00 sys=0.00, real=0.00 secs] 
2020-10-26T00:11:26.772-0800: [CMS-concurrent-sweep-start]
2020-10-26T00:11:26.772-0800: [CMS-concurrent-sweep: 0.000/0.000 secs] [Times: user=0.00 sys=0.00, real=0.00 secs] 
2020-10-26T00:11:26.773-0800: [CMS-concurrent-reset-start]
2020-10-26T00:11:26.773-0800: [CMS-concurrent-reset: 0.000/0.000 secs] [Times: user=0.00 sys=0.00, real=0.00 secs] 
2020-10-26T00:11:26.775-0800: [GC (Allocation Failure) 2020-10-26T00:11:26.775-0800: [ParNew: 39222K->39222K(39296K), 0.0000308 secs]2020-10-26T00:11:26.775-0800: [CMS: 87261K->87366K(87424K), 0.0113464 secs] 126484K->110597K(126720K), [Metaspace: 2673K->2673K(1056768K)], 0.0114485 secs] [Times: user=0.01 sys=0.00, real=0.01 secs] 
2020-10-26T00:11:26.787-0800: [GC (CMS Initial Mark) [1 CMS-initial-mark: 87366K(87424K)] 111967K(126720K), 0.0002426 secs] [Times: user=0.00 sys=0.00, real=0.00 secs] 
2020-10-26T00:11:26.787-0800: [CMS-concurrent-mark-start]
2020-10-26T00:11:26.788-0800: [CMS-concurrent-mark: 0.000/0.000 secs] [Times: user=0.00 sys=0.00, real=0.00 secs] 
2020-10-26T00:11:26.788-0800: [CMS-concurrent-preclean-start]
2020-10-26T00:11:26.788-0800: [CMS-concurrent-preclean: 0.001/0.001 secs] [Times: user=0.00 sys=0.00, real=0.00 secs] 
2020-10-26T00:11:26.788-0800: [CMS-concurrent-abortable-preclean-start]
2020-10-26T00:11:26.788-0800: [CMS-concurrent-abortable-preclean: 0.000/0.000 secs] [Times: user=0.00 sys=0.00, real=0.00 secs] 
2020-10-26T00:11:26.788-0800: [GC (CMS Final Remark) [YG occupancy: 32405 K (39296 K)]2020-10-26T00:11:26.788-0800: [Rescan (parallel) , 0.0004217 secs]2020-10-26T00:11:26.789-0800: [weak refs processing, 0.0000232 secs]2020-10-26T00:11:26.789-0800: [class unloading, 0.0002028 secs]2020-10-26T00:11:26.789-0800: [scrub symbol table, 0.0003135 secs]2020-10-26T00:11:26.789-0800: [scrub string table, 0.0002289 secs][1 CMS-remark: 87366K(87424K)] 119771K(126720K), 0.0012732 secs] [Times: user=0.00 sys=0.00, real=0.01 secs] 
2020-10-26T00:11:26.790-0800: [CMS-concurrent-sweep-start]
2020-10-26T00:11:26.790-0800: [CMS-concurrent-sweep: 0.000/0.000 secs] [Times: user=0.00 sys=0.00, real=0.00 secs] 
2020-10-26T00:11:26.790-0800: [CMS-concurrent-reset-start]
2020-10-26T00:11:26.790-0800: [CMS-concurrent-reset: 0.000/0.000 secs] [Times: user=0.00 sys=0.00, real=0.00 secs] 
2020-10-26T00:11:26.791-0800: [GC (Allocation Failure) 2020-10-26T00:11:26.791-0800: [ParNew: 39257K->39257K(39296K), 0.0000310 secs]2020-10-26T00:11:26.791-0800: [CMS: 87366K->87227K(87424K), 0.0120802 secs] 126623K->113910K(126720K), [Metaspace: 2673K->2673K(1056768K)], 0.0121774 secs] [Times: user=0.01 sys=0.01, real=0.01 secs] 
2020-10-26T00:11:26.804-0800: [GC (CMS Initial Mark) [1 CMS-initial-mark: 87227K(87424K)] 114054K(126720K), 0.0002663 secs] [Times: user=0.00 sys=0.00, real=0.00 secs] 
2020-10-26T00:11:26.804-0800: [CMS-concurrent-mark-start]
2020-10-26T00:11:26.804-0800: [CMS-concurrent-mark: 0.000/0.000 secs] [Times: user=0.00 sys=0.00, real=0.00 secs] 
2020-10-26T00:11:26.804-0800: [CMS-concurrent-preclean-start]
2020-10-26T00:11:26.805-0800: [CMS-concurrent-preclean: 0.001/0.001 secs] [Times: user=0.00 sys=0.00, real=0.00 secs] 
2020-10-26T00:11:26.805-0800: [CMS-concurrent-abortable-preclean-start]
2020-10-26T00:11:26.805-0800: [CMS-concurrent-abortable-preclean: 0.000/0.000 secs] [Times: user=0.00 sys=0.00, real=0.00 secs] 
2020-10-26T00:11:26.805-0800: [GC (CMS Final Remark) [YG occupancy: 33823 K (39296 K)]2020-10-26T00:11:26.805-0800: [Rescan (parallel) , 0.0003181 secs]2020-10-26T00:11:26.806-0800: [weak refs processing, 0.0000213 secs]2020-10-26T00:11:26.806-0800: [class unloading, 0.0002142 secs]2020-10-26T00:11:26.806-0800: [scrub symbol table, 0.0003188 secs]2020-10-26T00:11:26.806-0800: [scrub string table, 0.0002221 secs][1 CMS-remark: 87227K(87424K)] 121050K(126720K), 0.0011795 secs] [Times: user=0.00 sys=0.00, real=0.00 secs] 
2020-10-26T00:11:26.806-0800: [CMS-concurrent-sweep-start]
2020-10-26T00:11:26.807-0800: [CMS-concurrent-sweep: 0.000/0.000 secs] [Times: user=0.00 sys=0.00, real=0.00 secs] 
2020-10-26T00:11:26.807-0800: [CMS-concurrent-reset-start]
2020-10-26T00:11:26.807-0800: [CMS-concurrent-reset: 0.000/0.000 secs] [Times: user=0.00 sys=0.00, real=0.00 secs] 
2020-10-26T00:11:26.807-0800: [GC (Allocation Failure) 2020-10-26T00:11:26.807-0800: [ParNew: 39154K->39154K(39296K), 0.0000320 secs]2020-10-26T00:11:26.807-0800: [CMS: 87227K->87417K(87424K), 0.0114176 secs] 126381K->116617K(126720K), [Metaspace: 2673K->2673K(1056768K)], 0.0115177 secs] [Times: user=0.01 sys=0.00, real=0.01 secs] 
2020-10-26T00:11:26.819-0800: [GC (CMS Initial Mark) [1 CMS-initial-mark: 87417K(87424K)] 117434K(126720K), 0.0002717 secs] [Times: user=0.00 sys=0.00, real=0.00 secs] 
2020-10-26T00:11:26.819-0800: [CMS-concurrent-mark-start]
2020-10-26T00:11:26.820-0800: [CMS-concurrent-mark: 0.000/0.000 secs] [Times: user=0.00 sys=0.00, real=0.01 secs] 
2020-10-26T00:11:26.820-0800: [CMS-concurrent-preclean-start]
2020-10-26T00:11:26.821-0800: [CMS-concurrent-preclean: 0.001/0.001 secs] [Times: user=0.00 sys=0.00, real=0.00 secs] 
2020-10-26T00:11:26.821-0800: [CMS-concurrent-abortable-preclean-start]
2020-10-26T00:11:26.821-0800: [CMS-concurrent-abortable-preclean: 0.000/0.000 secs] [Times: user=0.00 sys=0.00, real=0.00 secs] 
2020-10-26T00:11:26.821-0800: [GC (CMS Final Remark) [YG occupancy: 36389 K (39296 K)]2020-10-26T00:11:26.821-0800: [Rescan (parallel) , 0.0002383 secs]2020-10-26T00:11:26.821-0800: [weak refs processing, 0.0000230 secs]2020-10-26T00:11:26.821-0800: [class unloading, 0.0001980 secs]2020-10-26T00:11:26.821-0800: [scrub symbol table, 0.0003129 secs]2020-10-26T00:11:26.822-0800: [scrub string table, 0.0002218 secs][1 CMS-remark: 87417K(87424K)] 123806K(126720K), 0.0010799 secs] [Times: user=0.00 sys=0.00, real=0.00 secs] 
2020-10-26T00:11:26.822-0800: [CMS-concurrent-sweep-start]
2020-10-26T00:11:26.822-0800: [CMS-concurrent-sweep: 0.000/0.000 secs] [Times: user=0.00 sys=0.00, real=0.00 secs] 
2020-10-26T00:11:26.822-0800: [CMS-concurrent-reset-start]
2020-10-26T00:11:26.822-0800: [CMS-concurrent-reset: 0.000/0.000 secs] [Times: user=0.00 sys=0.00, real=0.00 secs] 
2020-10-26T00:11:26.823-0800: [GC (Allocation Failure) 2020-10-26T00:11:26.823-0800: [ParNew: 39043K->39043K(39296K), 0.0000533 secs]2020-10-26T00:11:26.823-0800: [CMS: 87417K->87023K(87424K), 0.0097256 secs] 126460K->118073K(126720K), [Metaspace: 2673K->2673K(1056768K)], 0.0098470 secs] [Times: user=0.01 sys=0.00, real=0.01 secs] 
2020-10-26T00:11:26.833-0800: [GC (CMS Initial Mark) [1 CMS-initial-mark: 87023K(87424K)] 118626K(126720K), 0.0002751 secs] [Times: user=0.00 sys=0.00, real=0.00 secs] 
2020-10-26T00:11:26.833-0800: [CMS-concurrent-mark-start]
2020-10-26T00:11:26.833-0800: [CMS-concurrent-mark: 0.000/0.000 secs] [Times: user=0.00 sys=0.00, real=0.00 secs] 
2020-10-26T00:11:26.833-0800: [CMS-concurrent-preclean-start]
2020-10-26T00:11:26.834-0800: [CMS-concurrent-preclean: 0.001/0.001 secs] [Times: user=0.00 sys=0.00, real=0.00 secs] 
2020-10-26T00:11:26.834-0800: [CMS-concurrent-abortable-preclean-start]
2020-10-26T00:11:26.834-0800: [CMS-concurrent-abortable-preclean: 0.000/0.000 secs] [Times: user=0.00 sys=0.00, real=0.00 secs] 
2020-10-26T00:11:26.834-0800: [Full GC (Allocation Failure) 2020-10-26T00:11:26.834-0800: [CMS (concurrent mode failure): 87158K->87392K(87424K), 0.0132467 secs] 126422K->120753K(126720K), [Metaspace: 2673K->2673K(1056768K)], 0.0133134 secs] [Times: user=0.01 sys=0.00, real=0.01 secs] 
2020-10-26T00:11:26.849-0800: [Full GC (Allocation Failure) 2020-10-26T00:11:26.849-0800: [CMS: 87392K->87377K(87424K), 0.0084784 secs] 126595K->121721K(126720K), [Metaspace: 2673K->2673K(1056768K)], 0.0085546 secs] [Times: user=0.01 sys=0.00, real=0.01 secs] 
2020-10-26T00:11:26.857-0800: [GC (CMS Initial Mark) [1 CMS-initial-mark: 87377K(87424K)] 122218K(126720K), 0.0002721 secs] [Times: user=0.00 sys=0.00, real=0.00 secs] 
2020-10-26T00:11:26.858-0800: [CMS-concurrent-mark-start]
2020-10-26T00:11:26.858-0800: [CMS-concurrent-mark: 0.000/0.000 secs] [Times: user=0.00 sys=0.00, real=0.00 secs] 
2020-10-26T00:11:26.858-0800: [CMS-concurrent-preclean-start]
2020-10-26T00:11:26.859-0800: [Full GC (Allocation Failure) 2020-10-26T00:11:26.859-0800: [CMS2020-10-26T00:11:26.859-0800: [CMS-concurrent-preclean: 0.001/0.001 secs] [Times: user=0.01 sys=0.00, real=0.00 secs] 
 (concurrent mode failure): 87377K->87358K(87424K), 0.0097624 secs] 126633K->123466K(126720K), [Metaspace: 2673K->2673K(1056768K)], 0.0098281 secs] [Times: user=0.00 sys=0.00, real=0.01 secs] 
2020-10-26T00:11:26.870-0800: [Full GC (Allocation Failure) 2020-10-26T00:11:26.870-0800: [CMS: 87358K->87195K(87424K), 0.0028782 secs] 126630K->124091K(126720K), [Metaspace: 2673K->2673K(1056768K)], 0.0029412 secs] [Times: user=0.00 sys=0.00, real=0.00 secs] 
2020-10-26T00:11:26.873-0800: [GC (CMS Initial Mark) [1 CMS-initial-mark: 87195K(87424K)] 124379K(126720K), 0.0002691 secs] [Times: user=0.00 sys=0.00, real=0.00 secs] 
2020-10-26T00:11:26.873-0800: [CMS-concurrent-mark-start]
2020-10-26T00:11:26.873-0800: [Full GC (Allocation Failure) 2020-10-26T00:11:26.873-0800: [CMS2020-10-26T00:11:26.875-0800: [CMS-concurrent-mark: 0.001/0.002 secs] [Times: user=0.00 sys=0.00, real=0.00 secs] 
 (concurrent mode failure): 87195K->87101K(87424K), 0.0065537 secs] 126213K->124270K(126720K), [Metaspace: 2673K->2673K(1056768K)], 0.0066219 secs] [Times: user=0.01 sys=0.00, real=0.01 secs] 
2020-10-26T00:11:26.880-0800: [Full GC (Allocation Failure) 2020-10-26T00:11:26.881-0800: [CMS: 87101K->87101K(87424K), 0.0020476 secs] 125936K->124681K(126720K), [Metaspace: 2673K->2673K(1056768K)], 0.0021036 secs] [Times: user=0.00 sys=0.00, real=0.00 secs] 
2020-10-26T00:11:26.883-0800: [GC (CMS Initial Mark) [1 CMS-initial-mark: 87101K(87424K)] 125469K(126720K), 0.0002218 secs] [Times: user=0.00 sys=0.00, real=0.00 secs] 
2020-10-26T00:11:26.883-0800: [CMS-concurrent-mark-start]
2020-10-26T00:11:26.883-0800: [Full GC (Allocation Failure) 2020-10-26T00:11:26.883-0800: [CMS2020-10-26T00:11:26.885-0800: [CMS-concurrent-mark: 0.000/0.002 secs] [Times: user=0.00 sys=0.00, real=0.00 secs] 
 (concurrent mode failure): 87320K->87115K(87424K), 0.0111723 secs] 126615K->125297K(126720K), [Metaspace: 2673K->2673K(1056768K)], 0.0112307 secs] [Times: user=0.01 sys=0.00, real=0.01 secs] 
2020-10-26T00:11:26.895-0800: [Full GC (Allocation Failure) 2020-10-26T00:11:26.895-0800: [CMS: 87115K->87414K(87424K), 0.0054965 secs] 126134K->125298K(126720K), [Metaspace: 2673K->2673K(1056768K)], 0.0055606 secs] [Times: user=0.01 sys=0.00, real=0.01 secs] 
2020-10-26T00:11:26.901-0800: [GC (CMS Initial Mark) [1 CMS-initial-mark: 87414K(87424K)] 125715K(126720K), 0.0003162 secs] [Times: user=0.00 sys=0.00, real=0.00 secs] 
2020-10-26T00:11:26.901-0800: [CMS-concurrent-mark-start]
2020-10-26T00:11:26.901-0800: [Full GC (Allocation Failure) 2020-10-26T00:11:26.901-0800: [CMS2020-10-26T00:11:26.903-0800: [CMS-concurrent-mark: 0.001/0.002 secs] [Times: user=0.00 sys=0.00, real=0.00 secs] 
 (concurrent mode failure): 87414K->87103K(87424K), 0.0192863 secs] 126579K->124872K(126720K), [Metaspace: 2673K->2673K(1056768K)], 0.0193523 secs] [Times: user=0.01 sys=0.00, real=0.02 secs] 
2020-10-26T00:11:26.921-0800: [Full GC (Allocation Failure) 2020-10-26T00:11:26.921-0800: [CMS: 87103K->87035K(87424K), 0.0121269 secs] 126133K->125670K(126720K), [Metaspace: 2673K->2673K(1056768K)], 0.0121850 secs] [Times: user=0.01 sys=0.00, real=0.01 secs] 
2020-10-26T00:11:26.933-0800: [GC (CMS Initial Mark) [1 CMS-initial-mark: 87035K(87424K)] 125958K(126720K), 0.0002214 secs] [Times: user=0.00 sys=0.00, real=0.00 secs] 
2020-10-26T00:11:26.934-0800: [CMS-concurrent-mark-start]
2020-10-26T00:11:26.934-0800: [Full GC (Allocation Failure) 2020-10-26T00:11:26.934-0800: [CMS2020-10-26T00:11:26.935-0800: [CMS-concurrent-mark: 0.000/0.002 secs] [Times: user=0.00 sys=0.00, real=0.00 secs] 
 (concurrent mode failure): 87251K->86879K(87424K), 0.0047075 secs] 126449K->125556K(126720K), [Metaspace: 2673K->2673K(1056768K)], 0.0047673 secs] [Times: user=0.00 sys=0.00, real=0.00 secs] 
2020-10-26T00:11:26.939-0800: [Full GC (Allocation Failure) 2020-10-26T00:11:26.939-0800: [CMS: 87239K->87095K(87424K), 0.0017619 secs] 126472K->125854K(126720K), [Metaspace: 2673K->2673K(1056768K)], 0.0018126 secs] [Times: user=0.00 sys=0.00, real=0.01 secs] 
2020-10-26T00:11:26.941-0800: [Full GC (Allocation Failure) 2020-10-26T00:11:26.941-0800: [CMS: 87095K->87076K(87424K), 0.0074692 secs] 125854K->125835K(126720K), [Metaspace: 2673K->2673K(1056768K)], 0.0075112 secs] [Times: user=0.01 sys=0.00, real=0.00 secs] 
2020-10-26T00:11:26.948-0800: [GC (CMS Initial Mark) [1 CMS-initial-mark: 87076K(87424K)] 125835K(126720K), 0.0002656 secs] [Times: user=0.00 sys=0.00, real=0.00 secs] 
2020-10-26T00:11:26.949-0800: [CMS-concurrent-mark-start]
2020-10-26T00:11:26.949-0800: [CMS-concurrent-mark: 0.000/0.000 secs] [Times: user=0.00 sys=0.00, real=0.00 secs] 
2020-10-26T00:11:26.949-0800: [CMS-concurrent-preclean-start]
2020-10-26T00:11:26.950-0800: [CMS-concurrent-preclean: 0.000/0.001 secs] [Times: user=0.00 sys=0.00, real=0.01 secs] 
2020-10-26T00:11:26.950-0800: [CMS-concurrent-abortable-preclean-start]
2020-10-26T00:11:26.950-0800: [CMS-concurrent-abortable-preclean: 0.000/0.000 secs] [Times: user=0.00 sys=0.00, real=0.00 secs] 
2020-10-26T00:11:26.950-0800: [GC (CMS Final Remark) [YG occupancy: 38807 K (39296 K)]2020-10-26T00:11:26.950-0800: [Rescan (parallel) , 0.0002461 secs]2020-10-26T00:11:26.950-0800: [weak refs processing, 0.0000221 secs]2020-10-26T00:11:26.950-0800: [class unloading, 0.0001530 secs]2020-10-26T00:11:26.951-0800: [scrub symbol table, 0.0002380 secs]2020-10-26T00:11:26.951-0800: [scrub string table, 0.0002133 secs][1 CMS-remark: 87076K(87424K)] 125883K(126720K), 0.0009510 secs] [Times: user=0.00 sys=0.00, real=0.00 secs] 

Exception in thread "main" java.lang.OutOfMemoryError: Java heap space
	at GCLogAnalysis.generateGarbage(GCLogAnalysis.java:39)
	at GCLogAnalysis.main(GCLogAnalysis.java:18)

Heap
 par new generation   total 39296K, used 38807K [0x00000007b8000000, 0x00000007baaa0000, 0x00000007baaa0000)
  eden space 34944K, 100% used [0x00000007b8000000, 0x00000007ba220000, 0x00000007ba220000)
  from space 4352K,  88% used [0x00000007ba660000, 0x00000007baa25de0, 0x00000007baaa0000)
  to   space 4352K,   0% used [0x00000007ba220000, 0x00000007ba220000, 0x00000007ba660000)
 concurrent mark-sweep generation total 87424K, used 87076K [0x00000007baaa0000, 0x00000007c0000000, 0x00000007c0000000)
 Metaspace       used 2704K, capacity 4486K, committed 4864K, reserved 1056768K
  class space    used 295K, capacity 386K, committed 512K, reserved 1048576K
