start
2020-10-26T00:11:32.179-0800: [GC (Allocation Failure) 2020-10-26T00:11:32.179-0800: [ParNew: 69952K->8697K(78656K), 0.0111805 secs] 69952K->26773K(253440K), 0.0112718 secs] [Times: user=0.03 sys=0.06, real=0.02 secs] 
2020-10-26T00:11:32.202-0800: [GC (Allocation Failure) 2020-10-26T00:11:32.202-0800: [ParNew: 78649K->8704K(78656K), 0.0123767 secs] 96725K->52371K(253440K), 0.0124582 secs] [Times: user=0.03 sys=0.07, real=0.01 secs] 
2020-10-26T00:11:32.226-0800: [GC (Allocation Failure) 2020-10-26T00:11:32.226-0800: [ParNew: 78656K->8703K(78656K), 0.0154906 secs] 122323K->77308K(253440K), 0.0155739 secs] [Times: user=0.14 sys=0.01, real=0.02 secs] 
2020-10-26T00:11:32.255-0800: [GC (Allocation Failure) 2020-10-26T00:11:32.256-0800: [ParNew: 78655K->8701K(78656K), 0.0148457 secs] 147260K->100265K(253440K), 0.0149170 secs] [Times: user=0.14 sys=0.01, real=0.02 secs] 
2020-10-26T00:11:32.271-0800: [GC (CMS Initial Mark) [1 CMS-initial-mark: 91564K(174784K)] 100991K(253440K), 0.0002521 secs] [Times: user=0.00 sys=0.00, real=0.00 secs] 
2020-10-26T00:11:32.271-0800: [CMS-concurrent-mark-start]
2020-10-26T00:11:32.272-0800: [CMS-concurrent-mark: 0.001/0.001 secs] [Times: user=0.00 sys=0.00, real=0.00 secs] 
2020-10-26T00:11:32.272-0800: [CMS-concurrent-preclean-start]
2020-10-26T00:11:32.272-0800: [CMS-concurrent-preclean: 0.000/0.000 secs] [Times: user=0.00 sys=0.00, real=0.00 secs] 
2020-10-26T00:11:32.272-0800: [CMS-concurrent-abortable-preclean-start]
2020-10-26T00:11:32.282-0800: [GC (Allocation Failure) 2020-10-26T00:11:32.282-0800: [ParNew: 78556K->8702K(78656K), 0.0166704 secs] 170120K->122463K(253440K), 0.0167544 secs] [Times: user=0.15 sys=0.01, real=0.01 secs] 
2020-10-26T00:11:32.310-0800: [GC (Allocation Failure) 2020-10-26T00:11:32.310-0800: [ParNew: 78559K->8699K(78656K), 0.0117548 secs] 192319K->141087K(253440K), 0.0118384 secs] [Times: user=0.11 sys=0.00, real=0.01 secs] 
2020-10-26T00:11:32.333-0800: [GC (Allocation Failure) 2020-10-26T00:11:32.333-0800: [ParNew: 78651K->8703K(78656K), 0.0146973 secs] 211039K->164723K(253440K), 0.0147753 secs] [Times: user=0.13 sys=0.01, real=0.01 secs] 
2020-10-26T00:11:32.358-0800: [GC (Allocation Failure) 2020-10-26T00:11:32.358-0800: [ParNew: 78655K->78655K(78656K), 0.0000491 secs]2020-10-26T00:11:32.358-0800: [CMS2020-10-26T00:11:32.358-0800: [CMS-concurrent-abortable-preclean: 0.003/0.086 secs] [Times: user=0.44 sys=0.02, real=0.08 secs] 
 (concurrent mode failure): 156020K->155241K(174784K), 0.0214907 secs] 234675K->155241K(253440K), [Metaspace: 2673K->2673K(1056768K)], 0.0216476 secs] [Times: user=0.02 sys=0.00, real=0.02 secs] 
2020-10-26T00:11:32.389-0800: [GC (Allocation Failure) 2020-10-26T00:11:32.389-0800: [ParNew (promotion failed): 69952K->78651K(78656K), 0.0123589 secs]2020-10-26T00:11:32.401-0800: [CMS: 174085K->174764K(174784K), 0.0273701 secs] 225193K->175335K(253440K), [Metaspace: 2673K->2673K(1056768K)], 0.0398406 secs] [Times: user=0.14 sys=0.01, real=0.04 secs] 
2020-10-26T00:11:32.429-0800: [GC (CMS Initial Mark) [1 CMS-initial-mark: 174764K(174784K)] 176739K(253440K), 0.0002445 secs] [Times: user=0.00 sys=0.00, real=0.00 secs] 
2020-10-26T00:11:32.429-0800: [CMS-concurrent-mark-start]
2020-10-26T00:11:32.430-0800: [CMS-concurrent-mark: 0.001/0.001 secs] [Times: user=0.00 sys=0.00, real=0.01 secs] 
2020-10-26T00:11:32.430-0800: [CMS-concurrent-preclean-start]
2020-10-26T00:11:32.431-0800: [CMS-concurrent-preclean: 0.001/0.001 secs] [Times: user=0.01 sys=0.00, real=0.00 secs] 
2020-10-26T00:11:32.431-0800: [CMS-concurrent-abortable-preclean-start]
2020-10-26T00:11:32.431-0800: [CMS-concurrent-abortable-preclean: 0.000/0.000 secs] [Times: user=0.00 sys=0.00, real=0.00 secs] 
2020-10-26T00:11:32.431-0800: [GC (CMS Final Remark) [YG occupancy: 12001 K (78656 K)]2020-10-26T00:11:32.431-0800: [Rescan (parallel) , 0.0002369 secs]2020-10-26T00:11:32.431-0800: [weak refs processing, 0.0000431 secs]2020-10-26T00:11:32.432-0800: [class unloading, 0.0002379 secs]2020-10-26T00:11:32.432-0800: [scrub symbol table, 0.0003668 secs]2020-10-26T00:11:32.432-0800: [scrub string table, 0.0002282 secs][1 CMS-remark: 174764K(174784K)] 186765K(253440K), 0.0012436 secs] [Times: user=0.00 sys=0.00, real=0.00 secs] 
2020-10-26T00:11:32.432-0800: [CMS-concurrent-sweep-start]
2020-10-26T00:11:32.433-0800: [CMS-concurrent-sweep: 0.000/0.000 secs] [Times: user=0.00 sys=0.00, real=0.00 secs] 
2020-10-26T00:11:32.433-0800: [CMS-concurrent-reset-start]
2020-10-26T00:11:32.433-0800: [CMS-concurrent-reset: 0.000/0.000 secs] [Times: user=0.00 sys=0.00, real=0.00 secs] 
2020-10-26T00:11:32.442-0800: [GC (Allocation Failure) 2020-10-26T00:11:32.442-0800: [ParNew: 78616K->78616K(78656K), 0.0000330 secs]2020-10-26T00:11:32.442-0800: [CMS: 174764K->174723K(174784K), 0.0221262 secs] 253381K->189089K(253440K), [Metaspace: 2673K->2673K(1056768K)], 0.0222450 secs] [Times: user=0.02 sys=0.00, real=0.02 secs] 
2020-10-26T00:11:32.465-0800: [GC (CMS Initial Mark) [1 CMS-initial-mark: 174723K(174784K)] 189767K(253440K), 0.0002732 secs] [Times: user=0.00 sys=0.00, real=0.00 secs] 
2020-10-26T00:11:32.465-0800: [CMS-concurrent-mark-start]
2020-10-26T00:11:32.466-0800: [CMS-concurrent-mark: 0.001/0.001 secs] [Times: user=0.00 sys=0.00, real=0.00 secs] 
2020-10-26T00:11:32.466-0800: [CMS-concurrent-preclean-start]
2020-10-26T00:11:32.467-0800: [CMS-concurrent-preclean: 0.001/0.001 secs] [Times: user=0.01 sys=0.00, real=0.00 secs] 
2020-10-26T00:11:32.467-0800: [CMS-concurrent-abortable-preclean-start]
2020-10-26T00:11:32.467-0800: [CMS-concurrent-abortable-preclean: 0.000/0.000 secs] [Times: user=0.00 sys=0.00, real=0.00 secs] 
2020-10-26T00:11:32.467-0800: [GC (CMS Final Remark) [YG occupancy: 23197 K (78656 K)]2020-10-26T00:11:32.467-0800: [Rescan (parallel) , 0.0002920 secs]2020-10-26T00:11:32.467-0800: [weak refs processing, 0.0000227 secs]2020-10-26T00:11:32.467-0800: [class unloading, 0.0002033 secs]2020-10-26T00:11:32.468-0800: [scrub symbol table, 0.0003380 secs]2020-10-26T00:11:32.468-0800: [scrub string table, 0.0002206 secs][1 CMS-remark: 174723K(174784K)] 197920K(253440K), 0.0011694 secs] [Times: user=0.00 sys=0.00, real=0.00 secs] 
2020-10-26T00:11:32.468-0800: [CMS-concurrent-sweep-start]
2020-10-26T00:11:32.468-0800: [CMS-concurrent-sweep: 0.000/0.000 secs] [Times: user=0.00 sys=0.00, real=0.00 secs] 
2020-10-26T00:11:32.469-0800: [CMS-concurrent-reset-start]
2020-10-26T00:11:32.469-0800: [CMS-concurrent-reset: 0.000/0.000 secs] [Times: user=0.00 sys=0.00, real=0.00 secs] 
2020-10-26T00:11:32.478-0800: [GC (Allocation Failure) 2020-10-26T00:11:32.478-0800: [ParNew: 78608K->78608K(78656K), 0.0000340 secs]2020-10-26T00:11:32.478-0800: [CMS: 174723K->174721K(174784K), 0.0262691 secs] 253331K->198300K(253440K), [Metaspace: 2673K->2673K(1056768K)], 0.0263960 secs] [Times: user=0.03 sys=0.00, real=0.03 secs] 
2020-10-26T00:11:32.504-0800: [GC (CMS Initial Mark) [1 CMS-initial-mark: 174721K(174784K)] 198669K(253440K), 0.0002754 secs] [Times: user=0.00 sys=0.00, real=0.00 secs] 
2020-10-26T00:11:32.505-0800: [CMS-concurrent-mark-start]
2020-10-26T00:11:32.505-0800: [CMS-concurrent-mark: 0.001/0.001 secs] [Times: user=0.00 sys=0.00, real=0.00 secs] 
2020-10-26T00:11:32.505-0800: [CMS-concurrent-preclean-start]
2020-10-26T00:11:32.506-0800: [CMS-concurrent-preclean: 0.001/0.001 secs] [Times: user=0.00 sys=0.00, real=0.00 secs] 
2020-10-26T00:11:32.506-0800: [CMS-concurrent-abortable-preclean-start]
2020-10-26T00:11:32.506-0800: [CMS-concurrent-abortable-preclean: 0.000/0.000 secs] [Times: user=0.00 sys=0.00, real=0.00 secs] 
2020-10-26T00:11:32.506-0800: [GC (CMS Final Remark) [YG occupancy: 33489 K (78656 K)]2020-10-26T00:11:32.506-0800: [Rescan (parallel) , 0.0002288 secs]2020-10-26T00:11:32.507-0800: [weak refs processing, 0.0000246 secs]2020-10-26T00:11:32.507-0800: [class unloading, 0.0002031 secs]2020-10-26T00:11:32.507-0800: [scrub symbol table, 0.0003401 secs]2020-10-26T00:11:32.507-0800: [scrub string table, 0.0002232 secs][1 CMS-remark: 174721K(174784K)] 208211K(253440K), 0.0011101 secs] [Times: user=0.00 sys=0.00, real=0.00 secs] 
2020-10-26T00:11:32.508-0800: [CMS-concurrent-sweep-start]
2020-10-26T00:11:32.508-0800: [CMS-concurrent-sweep: 0.000/0.000 secs] [Times: user=0.00 sys=0.00, real=0.00 secs] 
2020-10-26T00:11:32.508-0800: [CMS-concurrent-reset-start]
2020-10-26T00:11:32.508-0800: [CMS-concurrent-reset: 0.000/0.000 secs] [Times: user=0.00 sys=0.00, real=0.00 secs] 
2020-10-26T00:11:32.515-0800: [GC (Allocation Failure) 2020-10-26T00:11:32.515-0800: [ParNew: 78429K->78429K(78656K), 0.0000314 secs]2020-10-26T00:11:32.515-0800: [CMS: 174356K->174705K(174784K), 0.0251832 secs] 252785K->205677K(253440K), [Metaspace: 2673K->2673K(1056768K)], 0.0253003 secs] [Times: user=0.03 sys=0.00, real=0.03 secs] 
2020-10-26T00:11:32.540-0800: [GC (CMS Initial Mark) [1 CMS-initial-mark: 174705K(174784K)] 206198K(253440K), 0.0002783 secs] [Times: user=0.00 sys=0.00, real=0.00 secs] 
2020-10-26T00:11:32.541-0800: [CMS-concurrent-mark-start]
2020-10-26T00:11:32.541-0800: [CMS-concurrent-mark: 0.001/0.001 secs] [Times: user=0.00 sys=0.00, real=0.00 secs] 
2020-10-26T00:11:32.541-0800: [CMS-concurrent-preclean-start]
2020-10-26T00:11:32.542-0800: [CMS-concurrent-preclean: 0.001/0.001 secs] [Times: user=0.00 sys=0.00, real=0.00 secs] 
2020-10-26T00:11:32.542-0800: [CMS-concurrent-abortable-preclean-start]
2020-10-26T00:11:32.542-0800: [CMS-concurrent-abortable-preclean: 0.000/0.000 secs] [Times: user=0.00 sys=0.00, real=0.00 secs] 
2020-10-26T00:11:32.542-0800: [GC (CMS Final Remark) [YG occupancy: 37947 K (78656 K)]2020-10-26T00:11:32.542-0800: [Rescan (parallel) , 0.0002703 secs]2020-10-26T00:11:32.543-0800: [weak refs processing, 0.0000255 secs]2020-10-26T00:11:32.543-0800: [class unloading, 0.0002032 secs]2020-10-26T00:11:32.543-0800: [scrub symbol table, 0.0003371 secs]2020-10-26T00:11:32.543-0800: [scrub string table, 0.0002417 secs][1 CMS-remark: 174705K(174784K)] 212653K(253440K), 0.0011778 secs] [Times: user=0.00 sys=0.00, real=0.00 secs] 
2020-10-26T00:11:32.544-0800: [CMS-concurrent-sweep-start]
2020-10-26T00:11:32.544-0800: [CMS-concurrent-sweep: 0.000/0.000 secs] [Times: user=0.00 sys=0.00, real=0.00 secs] 
2020-10-26T00:11:32.544-0800: [CMS-concurrent-reset-start]
2020-10-26T00:11:32.544-0800: [CMS-concurrent-reset: 0.000/0.000 secs] [Times: user=0.00 sys=0.00, real=0.00 secs] 
2020-10-26T00:11:32.550-0800: [GC (Allocation Failure) 2020-10-26T00:11:32.550-0800: [ParNew: 78584K->78584K(78656K), 0.0000338 secs]2020-10-26T00:11:32.550-0800: [CMS: 174705K->174625K(174784K), 0.0257138 secs] 253290K->213365K(253440K), [Metaspace: 2673K->2673K(1056768K)], 0.0258338 secs] [Times: user=0.03 sys=0.00, real=0.02 secs] 
2020-10-26T00:11:32.576-0800: [GC (CMS Initial Mark) [1 CMS-initial-mark: 174625K(174784K)] 214617K(253440K), 0.0002918 secs] [Times: user=0.00 sys=0.00, real=0.00 secs] 
2020-10-26T00:11:32.576-0800: [CMS-concurrent-mark-start]
2020-10-26T00:11:32.577-0800: [CMS-concurrent-mark: 0.001/0.001 secs] [Times: user=0.00 sys=0.00, real=0.00 secs] 
2020-10-26T00:11:32.577-0800: [CMS-concurrent-preclean-start]
2020-10-26T00:11:32.578-0800: [CMS-concurrent-preclean: 0.001/0.001 secs] [Times: user=0.00 sys=0.00, real=0.00 secs] 
2020-10-26T00:11:32.578-0800: [CMS-concurrent-abortable-preclean-start]
2020-10-26T00:11:32.578-0800: [CMS-concurrent-abortable-preclean: 0.000/0.000 secs] [Times: user=0.00 sys=0.00, real=0.00 secs] 
2020-10-26T00:11:32.578-0800: [GC (CMS Final Remark) [YG occupancy: 51528 K (78656 K)]2020-10-26T00:11:32.578-0800: [Rescan (parallel) , 0.0003829 secs]2020-10-26T00:11:32.579-0800: [weak refs processing, 0.0000256 secs]2020-10-26T00:11:32.579-0800: [class unloading, 0.0002050 secs]2020-10-26T00:11:32.579-0800: [scrub symbol table, 0.0003370 secs]2020-10-26T00:11:32.579-0800: [scrub string table, 0.0002457 secs][1 CMS-remark: 174625K(174784K)] 226154K(253440K), 0.0012923 secs] [Times: user=0.00 sys=0.00, real=0.01 secs] 
2020-10-26T00:11:32.580-0800: [CMS-concurrent-sweep-start]
2020-10-26T00:11:32.580-0800: [CMS-concurrent-sweep: 0.000/0.000 secs] [Times: user=0.00 sys=0.00, real=0.00 secs] 
2020-10-26T00:11:32.580-0800: [CMS-concurrent-reset-start]
2020-10-26T00:11:32.580-0800: [CMS-concurrent-reset: 0.000/0.000 secs] [Times: user=0.00 sys=0.00, real=0.00 secs] 
2020-10-26T00:11:32.587-0800: [GC (Allocation Failure) 2020-10-26T00:11:32.587-0800: [ParNew: 78517K->78517K(78656K), 0.0000341 secs]2020-10-26T00:11:32.587-0800: [CMS: 174442K->174321K(174784K), 0.0294482 secs] 252959K->218360K(253440K), [Metaspace: 2673K->2673K(1056768K)], 0.0295623 secs] [Times: user=0.03 sys=0.00, real=0.03 secs] 
2020-10-26T00:11:32.616-0800: [GC (CMS Initial Mark) [1 CMS-initial-mark: 174321K(174784K)] 218504K(253440K), 0.0002933 secs] [Times: user=0.00 sys=0.00, real=0.00 secs] 
2020-10-26T00:11:32.617-0800: [CMS-concurrent-mark-start]
2020-10-26T00:11:32.617-0800: [CMS-concurrent-mark: 0.001/0.001 secs] [Times: user=0.00 sys=0.00, real=0.00 secs] 
2020-10-26T00:11:32.617-0800: [CMS-concurrent-preclean-start]
2020-10-26T00:11:32.618-0800: [CMS-concurrent-preclean: 0.001/0.001 secs] [Times: user=0.00 sys=0.00, real=0.00 secs] 
2020-10-26T00:11:32.618-0800: [CMS-concurrent-abortable-preclean-start]
2020-10-26T00:11:32.618-0800: [CMS-concurrent-abortable-preclean: 0.000/0.000 secs] [Times: user=0.00 sys=0.00, real=0.00 secs] 
2020-10-26T00:11:32.619-0800: [GC (CMS Final Remark) [YG occupancy: 56027 K (78656 K)]2020-10-26T00:11:32.619-0800: [Rescan (parallel) , 0.0002112 secs]2020-10-26T00:11:32.619-0800: [weak refs processing, 0.0000249 secs]2020-10-26T00:11:32.619-0800: [class unloading, 0.0002041 secs]2020-10-26T00:11:32.619-0800: [scrub symbol table, 0.0003374 secs]2020-10-26T00:11:32.619-0800: [scrub string table, 0.0002380 secs][1 CMS-remark: 174321K(174784K)] 230349K(253440K), 0.0011177 secs] [Times: user=0.00 sys=0.00, real=0.01 secs] 
2020-10-26T00:11:32.620-0800: [CMS-concurrent-sweep-start]
2020-10-26T00:11:32.620-0800: [CMS-concurrent-sweep: 0.000/0.000 secs] [Times: user=0.00 sys=0.00, real=0.00 secs] 
2020-10-26T00:11:32.620-0800: [CMS-concurrent-reset-start]
2020-10-26T00:11:32.620-0800: [CMS-concurrent-reset: 0.000/0.000 secs] [Times: user=0.00 sys=0.00, real=0.00 secs] 
2020-10-26T00:11:32.624-0800: [GC (Allocation Failure) 2020-10-26T00:11:32.624-0800: [ParNew: 78559K->78559K(78656K), 0.0000330 secs]2020-10-26T00:11:32.624-0800: [CMS: 173937K->174636K(174784K), 0.0251484 secs] 252497K->224577K(253440K), [Metaspace: 2673K->2673K(1056768K)], 0.0252564 secs] [Times: user=0.03 sys=0.00, real=0.02 secs] 
2020-10-26T00:11:32.649-0800: [GC (CMS Initial Mark) [1 CMS-initial-mark: 174636K(174784K)] 225366K(253440K), 0.0002718 secs] [Times: user=0.00 sys=0.00, real=0.00 secs] 
2020-10-26T00:11:32.649-0800: [CMS-concurrent-mark-start]
2020-10-26T00:11:32.650-0800: [CMS-concurrent-mark: 0.001/0.001 secs] [Times: user=0.00 sys=0.00, real=0.01 secs] 
2020-10-26T00:11:32.650-0800: [CMS-concurrent-preclean-start]
2020-10-26T00:11:32.651-0800: [CMS-concurrent-preclean: 0.001/0.001 secs] [Times: user=0.00 sys=0.00, real=0.00 secs] 
2020-10-26T00:11:32.651-0800: [CMS-concurrent-abortable-preclean-start]
2020-10-26T00:11:32.651-0800: [CMS-concurrent-abortable-preclean: 0.000/0.000 secs] [Times: user=0.00 sys=0.00, real=0.00 secs] 
2020-10-26T00:11:32.651-0800: [GC (CMS Final Remark) [YG occupancy: 60098 K (78656 K)]2020-10-26T00:11:32.651-0800: [Rescan (parallel) , 0.0002767 secs]2020-10-26T00:11:32.652-0800: [weak refs processing, 0.0000359 secs]2020-10-26T00:11:32.652-0800: [class unloading, 0.0002098 secs]2020-10-26T00:11:32.652-0800: [scrub symbol table, 0.0003506 secs]2020-10-26T00:11:32.652-0800: [scrub string table, 0.0002380 secs][1 CMS-remark: 174636K(174784K)] 234735K(253440K), 0.0012092 secs] [Times: user=0.00 sys=0.00, real=0.00 secs] 
2020-10-26T00:11:32.653-0800: [CMS-concurrent-sweep-start]
2020-10-26T00:11:32.653-0800: [CMS-concurrent-sweep: 0.000/0.000 secs] [Times: user=0.00 sys=0.00, real=0.00 secs] 
2020-10-26T00:11:32.653-0800: [CMS-concurrent-reset-start]
2020-10-26T00:11:32.653-0800: [CMS-concurrent-reset: 0.000/0.000 secs] [Times: user=0.01 sys=0.00, real=0.00 secs] 
2020-10-26T00:11:32.656-0800: [GC (Allocation Failure) 2020-10-26T00:11:32.657-0800: [ParNew: 78441K->78441K(78656K), 0.0000360 secs]2020-10-26T00:11:32.657-0800: [CMS: 174636K->174636K(174784K), 0.0288229 secs] 253077K->226167K(253440K), [Metaspace: 2673K->2673K(1056768K)], 0.0289334 secs] [Times: user=0.03 sys=0.00, real=0.03 secs] 
2020-10-26T00:11:32.686-0800: [GC (CMS Initial Mark) [1 CMS-initial-mark: 174636K(174784K)] 226707K(253440K), 0.0002661 secs] [Times: user=0.00 sys=0.00, real=0.00 secs] 
2020-10-26T00:11:32.686-0800: [CMS-concurrent-mark-start]
2020-10-26T00:11:32.687-0800: [CMS-concurrent-mark: 0.001/0.001 secs] [Times: user=0.00 sys=0.00, real=0.00 secs] 
2020-10-26T00:11:32.687-0800: [CMS-concurrent-preclean-start]
2020-10-26T00:11:32.688-0800: [CMS-concurrent-preclean: 0.001/0.001 secs] [Times: user=0.00 sys=0.00, real=0.00 secs] 
2020-10-26T00:11:32.688-0800: [CMS-concurrent-abortable-preclean-start]
2020-10-26T00:11:32.688-0800: [CMS-concurrent-abortable-preclean: 0.000/0.000 secs] [Times: user=0.00 sys=0.00, real=0.00 secs] 
2020-10-26T00:11:32.688-0800: [GC (CMS Final Remark) [YG occupancy: 62191 K (78656 K)]2020-10-26T00:11:32.688-0800: [Rescan (parallel) , 0.0002400 secs]2020-10-26T00:11:32.688-0800: [weak refs processing, 0.0000278 secs]2020-10-26T00:11:32.688-0800: [class unloading, 0.0002075 secs]2020-10-26T00:11:32.688-0800: [scrub symbol table, 0.0003367 secs]2020-10-26T00:11:32.689-0800: [scrub string table, 0.0002409 secs][1 CMS-remark: 174636K(174784K)] 236828K(253440K), 0.0011459 secs] [Times: user=0.00 sys=0.00, real=0.00 secs] 
2020-10-26T00:11:32.689-0800: [CMS-concurrent-sweep-start]
2020-10-26T00:11:32.689-0800: [CMS-concurrent-sweep: 0.000/0.000 secs] [Times: user=0.00 sys=0.00, real=0.00 secs] 
2020-10-26T00:11:32.689-0800: [CMS-concurrent-reset-start]
2020-10-26T00:11:32.690-0800: [CMS-concurrent-reset: 0.000/0.000 secs] [Times: user=0.00 sys=0.00, real=0.01 secs] 
2020-10-26T00:11:32.692-0800: [GC (Allocation Failure) 2020-10-26T00:11:32.692-0800: [ParNew: 78594K->78594K(78656K), 0.0000322 secs]2020-10-26T00:11:32.692-0800: [CMS: 174217K->174439K(174784K), 0.0307047 secs] 252811K->228953K(253440K), [Metaspace: 2673K->2673K(1056768K)], 0.0308089 secs] [Times: user=0.03 sys=0.00, real=0.03 secs] 
2020-10-26T00:11:32.723-0800: [GC (CMS Initial Mark) [1 CMS-initial-mark: 174439K(174784K)] 229919K(253440K), 0.0002899 secs] [Times: user=0.00 sys=0.00, real=0.00 secs] 
2020-10-26T00:11:32.723-0800: [CMS-concurrent-mark-start]
2020-10-26T00:11:32.724-0800: [CMS-concurrent-mark: 0.001/0.001 secs] [Times: user=0.00 sys=0.00, real=0.00 secs] 
2020-10-26T00:11:32.724-0800: [CMS-concurrent-preclean-start]
2020-10-26T00:11:32.725-0800: [CMS-concurrent-preclean: 0.001/0.001 secs] [Times: user=0.00 sys=0.00, real=0.00 secs] 
2020-10-26T00:11:32.725-0800: [CMS-concurrent-abortable-preclean-start]
2020-10-26T00:11:32.725-0800: [CMS-concurrent-abortable-preclean: 0.000/0.000 secs] [Times: user=0.00 sys=0.00, real=0.00 secs] 
2020-10-26T00:11:32.725-0800: [GC (CMS Final Remark) [YG occupancy: 64563 K (78656 K)]2020-10-26T00:11:32.725-0800: [Rescan (parallel) , 0.0001986 secs]2020-10-26T00:11:32.725-0800: [weak refs processing, 0.0000201 secs]2020-10-26T00:11:32.725-0800: [class unloading, 0.0001908 secs]2020-10-26T00:11:32.726-0800: [scrub symbol table, 0.0003114 secs]2020-10-26T00:11:32.726-0800: [scrub string table, 0.0002205 secs][1 CMS-remark: 174439K(174784K)] 239002K(253440K), 0.0010192 secs] [Times: user=0.00 sys=0.00, real=0.00 secs] 
2020-10-26T00:11:32.726-0800: [CMS-concurrent-sweep-start]
2020-10-26T00:11:32.727-0800: [CMS-concurrent-sweep: 0.000/0.000 secs] [Times: user=0.01 sys=0.00, real=0.00 secs] 
2020-10-26T00:11:32.727-0800: [CMS-concurrent-reset-start]
2020-10-26T00:11:32.727-0800: [CMS-concurrent-reset: 0.000/0.000 secs] [Times: user=0.00 sys=0.00, real=0.00 secs] 
2020-10-26T00:11:32.728-0800: [GC (Allocation Failure) 2020-10-26T00:11:32.728-0800: [ParNew: 78054K->78054K(78656K), 0.0000304 secs]2020-10-26T00:11:32.728-0800: [CMS: 173901K->174325K(174784K), 0.0263023 secs] 251955K->233980K(253440K), [Metaspace: 2673K->2673K(1056768K)], 0.0264009 secs] [Times: user=0.02 sys=0.00, real=0.03 secs] 
2020-10-26T00:11:32.755-0800: [GC (CMS Initial Mark) [1 CMS-initial-mark: 174325K(174784K)] 234779K(253440K), 0.0002549 secs] [Times: user=0.00 sys=0.00, real=0.00 secs] 
2020-10-26T00:11:32.755-0800: [CMS-concurrent-mark-start]
2020-10-26T00:11:32.756-0800: [CMS-concurrent-mark: 0.001/0.001 secs] [Times: user=0.01 sys=0.00, real=0.00 secs] 
2020-10-26T00:11:32.756-0800: [CMS-concurrent-preclean-start]
2020-10-26T00:11:32.757-0800: [CMS-concurrent-preclean: 0.001/0.001 secs] [Times: user=0.00 sys=0.00, real=0.00 secs] 
2020-10-26T00:11:32.757-0800: [CMS-concurrent-abortable-preclean-start]
2020-10-26T00:11:32.757-0800: [CMS-concurrent-abortable-preclean: 0.000/0.000 secs] [Times: user=0.00 sys=0.00, real=0.00 secs] 
2020-10-26T00:11:32.757-0800: [GC (CMS Final Remark) [YG occupancy: 71955 K (78656 K)]2020-10-26T00:11:32.757-0800: [Rescan (parallel) , 0.0003931 secs]2020-10-26T00:11:32.758-0800: [weak refs processing, 0.0000247 secs]2020-10-26T00:11:32.758-0800: [class unloading, 0.0002040 secs]2020-10-26T00:11:32.758-0800: [scrub symbol table, 0.0003368 secs]2020-10-26T00:11:32.758-0800: [scrub string table, 0.0002235 secs][1 CMS-remark: 174325K(174784K)] 246281K(253440K), 0.0012713 secs] [Times: user=0.00 sys=0.00, real=0.00 secs] 
2020-10-26T00:11:32.758-0800: [CMS-concurrent-sweep-start]
2020-10-26T00:11:32.759-0800: [CMS-concurrent-sweep: 0.000/0.000 secs] [Times: user=0.00 sys=0.00, real=0.00 secs] 
2020-10-26T00:11:32.759-0800: [CMS-concurrent-reset-start]
2020-10-26T00:11:32.759-0800: [CMS-concurrent-reset: 0.000/0.000 secs] [Times: user=0.00 sys=0.00, real=0.00 secs] 
2020-10-26T00:11:32.760-0800: [GC (Allocation Failure) 2020-10-26T00:11:32.760-0800: [ParNew: 78651K->78651K(78656K), 0.0000328 secs]2020-10-26T00:11:32.760-0800: [CMS: 174325K->174360K(174784K), 0.0235999 secs] 252977K->238201K(253440K), [Metaspace: 2673K->2673K(1056768K)], 0.0237087 secs] [Times: user=0.03 sys=0.00, real=0.02 secs] 
2020-10-26T00:11:32.784-0800: [GC (CMS Initial Mark) [1 CMS-initial-mark: 174360K(174784K)] 238751K(253440K), 0.0002595 secs] [Times: user=0.00 sys=0.00, real=0.00 secs] 
2020-10-26T00:11:32.784-0800: [CMS-concurrent-mark-start]
2020-10-26T00:11:32.785-0800: [CMS-concurrent-mark: 0.001/0.001 secs] [Times: user=0.00 sys=0.00, real=0.00 secs] 
2020-10-26T00:11:32.785-0800: [CMS-concurrent-preclean-start]
2020-10-26T00:11:32.786-0800: [CMS-concurrent-preclean: 0.001/0.001 secs] [Times: user=0.00 sys=0.00, real=0.00 secs] 
2020-10-26T00:11:32.786-0800: [CMS-concurrent-abortable-preclean-start]
2020-10-26T00:11:32.786-0800: [CMS-concurrent-abortable-preclean: 0.000/0.000 secs] [Times: user=0.00 sys=0.00, real=0.00 secs] 
2020-10-26T00:11:32.786-0800: [GC (CMS Final Remark) [YG occupancy: 73937 K (78656 K)]2020-10-26T00:11:32.786-0800: [Rescan (parallel) , 0.0002658 secs]2020-10-26T00:11:32.786-0800: [weak refs processing, 0.0000243 secs]2020-10-26T00:11:32.786-0800: [class unloading, 0.0002204 secs]2020-10-26T00:11:32.786-0800: [scrub symbol table, 0.0003248 secs]2020-10-26T00:11:32.787-0800: [scrub string table, 0.0002288 secs][1 CMS-remark: 174360K(174784K)] 248298K(253440K), 0.0011563 secs] [Times: user=0.00 sys=0.00, real=0.00 secs] 
2020-10-26T00:11:32.787-0800: [CMS-concurrent-sweep-start]
2020-10-26T00:11:32.787-0800: [CMS-concurrent-sweep: 0.000/0.000 secs] [Times: user=0.00 sys=0.00, real=0.00 secs] 
2020-10-26T00:11:32.787-0800: [CMS-concurrent-reset-start]
2020-10-26T00:11:32.787-0800: [CMS-concurrent-reset: 0.000/0.000 secs] [Times: user=0.00 sys=0.00, real=0.00 secs] 
2020-10-26T00:11:32.788-0800: [GC (Allocation Failure) 2020-10-26T00:11:32.788-0800: [ParNew: 78544K->78544K(78656K), 0.0000322 secs]2020-10-26T00:11:32.788-0800: [CMS: 174360K->174288K(174784K), 0.0246960 secs] 252905K->240824K(253440K), [Metaspace: 2673K->2673K(1056768K)], 0.0248039 secs] [Times: user=0.03 sys=0.00, real=0.03 secs] 
2020-10-26T00:11:32.813-0800: [GC (CMS Initial Mark) [1 CMS-initial-mark: 174288K(174784K)] 240982K(253440K), 0.0002871 secs] [Times: user=0.00 sys=0.00, real=0.00 secs] 
2020-10-26T00:11:32.813-0800: [CMS-concurrent-mark-start]
2020-10-26T00:11:32.814-0800: [CMS-concurrent-mark: 0.001/0.001 secs] [Times: user=0.00 sys=0.00, real=0.00 secs] 
2020-10-26T00:11:32.814-0800: [CMS-concurrent-preclean-start]
2020-10-26T00:11:32.815-0800: [CMS-concurrent-preclean: 0.001/0.001 secs] [Times: user=0.00 sys=0.00, real=0.00 secs] 
2020-10-26T00:11:32.815-0800: [CMS-concurrent-abortable-preclean-start]
2020-10-26T00:11:32.815-0800: [CMS-concurrent-abortable-preclean: 0.000/0.000 secs] [Times: user=0.00 sys=0.00, real=0.00 secs] 
2020-10-26T00:11:32.815-0800: [GC (CMS Final Remark) [YG occupancy: 78655 K (78656 K)]2020-10-26T00:11:32.815-0800: [Rescan (parallel) , 0.0002734 secs]2020-10-26T00:11:32.816-0800: [weak refs processing, 0.0000263 secs]2020-10-26T00:11:32.816-0800: [class unloading, 0.0002036 secs]2020-10-26T00:11:32.816-0800: [scrub symbol table, 0.0003347 secs]2020-10-26T00:11:32.816-0800: [scrub string table, 0.0002396 secs][1 CMS-remark: 174288K(174784K)] 252943K(253440K), 0.0011815 secs] [Times: user=0.01 sys=0.00, real=0.00 secs] 
2020-10-26T00:11:32.817-0800: [CMS-concurrent-sweep-start]
2020-10-26T00:11:32.817-0800: [Full GC (Allocation Failure) 2020-10-26T00:11:32.817-0800: [CMS2020-10-26T00:11:32.817-0800: [CMS-concurrent-sweep: 0.000/0.000 secs] [Times: user=0.00 sys=0.00, real=0.00 secs] 
 (concurrent mode failure): 174654K->174753K(174784K), 0.0350982 secs] 253309K->244367K(253440K), [Metaspace: 2673K->2673K(1056768K)], 0.0351629 secs] [Times: user=0.03 sys=0.00, real=0.04 secs] 
2020-10-26T00:11:32.854-0800: [Full GC (Allocation Failure) 2020-10-26T00:11:32.854-0800: [CMS: 174753K->174347K(174784K), 0.0292159 secs] 253322K->245884K(253440K), [Metaspace: 2673K->2673K(1056768K)], 0.0292836 secs] [Times: user=0.03 sys=0.00, real=0.03 secs] 
2020-10-26T00:11:32.883-0800: [GC (CMS Initial Mark) [1 CMS-initial-mark: 174347K(174784K)] 246484K(253440K), 0.0002796 secs] [Times: user=0.00 sys=0.00, real=0.00 secs] 
2020-10-26T00:11:32.883-0800: [CMS-concurrent-mark-start]
2020-10-26T00:11:32.884-0800: [CMS-concurrent-mark: 0.001/0.001 secs] [Times: user=0.00 sys=0.00, real=0.00 secs] 
2020-10-26T00:11:32.884-0800: [CMS-concurrent-preclean-start]
2020-10-26T00:11:32.885-0800: [Full GC (Allocation Failure) 2020-10-26T00:11:32.885-0800: [CMS2020-10-26T00:11:32.885-0800: [CMS-concurrent-preclean: 0.001/0.001 secs] [Times: user=0.01 sys=0.00, real=0.00 secs] 
 (concurrent mode failure): 174563K->174664K(174784K), 0.0242813 secs] 253188K->245399K(253440K), [Metaspace: 2673K->2673K(1056768K)], 0.0243416 secs] [Times: user=0.02 sys=0.00, real=0.02 secs] 
2020-10-26T00:11:32.910-0800: [Full GC (Allocation Failure) 2020-10-26T00:11:32.910-0800: [CMS: 174664K->174470K(174784K), 0.0268357 secs] 253223K->245249K(253440K), [Metaspace: 2673K->2673K(1056768K)], 0.0269039 secs] [Times: user=0.03 sys=0.00, real=0.02 secs] 
2020-10-26T00:11:32.938-0800: [GC (CMS Initial Mark) [1 CMS-initial-mark: 174470K(174784K)] 245560K(253440K), 0.0002853 secs] [Times: user=0.00 sys=0.00, real=0.00 secs] 
2020-10-26T00:11:32.938-0800: [CMS-concurrent-mark-start]
2020-10-26T00:11:32.939-0800: [CMS-concurrent-mark: 0.001/0.001 secs] [Times: user=0.00 sys=0.00, real=0.00 secs] 
2020-10-26T00:11:32.939-0800: [CMS-concurrent-preclean-start]
2020-10-26T00:11:32.939-0800: [Full GC (Allocation Failure) 2020-10-26T00:11:32.939-0800: [CMS2020-10-26T00:11:32.940-0800: [CMS-concurrent-preclean: 0.001/0.001 secs] [Times: user=0.00 sys=0.00, real=0.01 secs] 
 (concurrent mode failure): 174470K->174622K(174784K), 0.0224544 secs] 252974K->244194K(253440K), [Metaspace: 2673K->2673K(1056768K)], 0.0225219 secs] [Times: user=0.03 sys=0.00, real=0.03 secs] 
2020-10-26T00:11:32.964-0800: [Full GC (Allocation Failure) 2020-10-26T00:11:32.964-0800: [CMS: 174622K->174294K(174784K), 0.0352534 secs] 252941K->245783K(253440K), [Metaspace: 2673K->2673K(1056768K)], 0.0353370 secs] [Times: user=0.03 sys=0.00, real=0.03 secs] 
2020-10-26T00:11:32.999-0800: [GC (CMS Initial Mark) [1 CMS-initial-mark: 174294K(174784K)] 246172K(253440K), 0.0002755 secs] [Times: user=0.00 sys=0.00, real=0.01 secs] 
2020-10-26T00:11:33.000-0800: [CMS-concurrent-mark-start]
2020-10-26T00:11:33.000-0800: [CMS-concurrent-mark: 0.001/0.001 secs] [Times: user=0.00 sys=0.00, real=0.00 secs] 
2020-10-26T00:11:33.000-0800: [CMS-concurrent-preclean-start]
2020-10-26T00:11:33.001-0800: [Full GC (Allocation Failure) 2020-10-26T00:11:33.001-0800: [CMS2020-10-26T00:11:33.002-0800: [CMS-concurrent-preclean: 0.001/0.001 secs] [Times: user=0.01 sys=0.00, real=0.00 secs] 
 (concurrent mode failure): 174294K->174722K(174784K), 0.0260712 secs] 252640K->245879K(253440K), [Metaspace: 2673K->2673K(1056768K)], 0.0261452 secs] [Times: user=0.02 sys=0.00, real=0.02 secs] 
2020-10-26T00:11:33.029-0800: [Full GC (Allocation Failure) 2020-10-26T00:11:33.029-0800: [CMS: 174722K->174777K(174784K), 0.0285025 secs] 252930K->246728K(253440K), [Metaspace: 2673K->2673K(1056768K)], 0.0285763 secs] [Times: user=0.03 sys=0.00, real=0.03 secs] 
2020-10-26T00:11:33.057-0800: [GC (CMS Initial Mark) [1 CMS-initial-mark: 174777K(174784K)] 247313K(253440K), 0.0002773 secs] [Times: user=0.00 sys=0.00, real=0.00 secs] 
2020-10-26T00:11:33.058-0800: [CMS-concurrent-mark-start]
2020-10-26T00:11:33.059-0800: [CMS-concurrent-mark: 0.001/0.001 secs] [Times: user=0.01 sys=0.00, real=0.00 secs] 
2020-10-26T00:11:33.059-0800: [CMS-concurrent-preclean-start]
2020-10-26T00:11:33.059-0800: [Full GC (Allocation Failure) 2020-10-26T00:11:33.059-0800: [CMS2020-10-26T00:11:33.060-0800: [CMS-concurrent-preclean: 0.001/0.001 secs] [Times: user=0.00 sys=0.00, real=0.01 secs] 
 (concurrent mode failure): 174777K->174526K(174784K), 0.0283739 secs] 253066K->247729K(253440K), [Metaspace: 2673K->2673K(1056768K)], 0.0284442 secs] [Times: user=0.02 sys=0.00, real=0.03 secs] 
2020-10-26T00:11:33.089-0800: [Full GC (Allocation Failure) 2020-10-26T00:11:33.089-0800: [CMS: 174756K->174755K(174784K), 0.0273386 secs] 253412K->248914K(253440K), [Metaspace: 2673K->2673K(1056768K)], 0.0274132 secs] [Times: user=0.02 sys=0.00, real=0.03 secs] 
2020-10-26T00:11:33.117-0800: [GC (CMS Initial Mark) [1 CMS-initial-mark: 174755K(174784K)] 248950K(253440K), 0.0003341 secs] [Times: user=0.00 sys=0.00, real=0.00 secs] 
2020-10-26T00:11:33.117-0800: [CMS-concurrent-mark-start]
2020-10-26T00:11:33.118-0800: [CMS-concurrent-mark: 0.001/0.001 secs] [Times: user=0.01 sys=0.00, real=0.00 secs] 
2020-10-26T00:11:33.118-0800: [CMS-concurrent-preclean-start]
2020-10-26T00:11:33.118-0800: [Full GC (Allocation Failure) 2020-10-26T00:11:33.118-0800: [CMS2020-10-26T00:11:33.119-0800: [CMS-concurrent-preclean: 0.001/0.001 secs] [Times: user=0.00 sys=0.00, real=0.00 secs] 
 (concurrent mode failure): 174755K->174715K(174784K), 0.0130675 secs] 252913K->249931K(253440K), [Metaspace: 2673K->2673K(1056768K)], 0.0131349 secs] [Times: user=0.01 sys=0.00, real=0.02 secs] 
creat: 4366
Heap
 par new generation   total 78656K, used 75988K [0x00000007b0000000, 0x00000007b5550000, 0x00000007b5550000)
  eden space 69952K, 100% used [0x00000007b0000000, 0x00000007b4450000, 0x00000007b4450000)
  from space 8704K,  69% used [0x00000007b4450000, 0x00000007b4a35138, 0x00000007b4cd0000)
  to   space 8704K,   0% used [0x00000007b4cd0000, 0x00000007b4cd0000, 0x00000007b5550000)
 concurrent mark-sweep generation total 174784K, used 174715K [0x00000007b5550000, 0x00000007c0000000, 0x00000007c0000000)
 Metaspace       used 2680K, capacity 4486K, committed 4864K, reserved 1056768K
  class space    used 292K, capacity 386K, committed 512K, reserved 1048576K
