start
2020-10-26T00:11:51.092-0800: [GC (Allocation Failure) 2020-10-26T00:11:51.092-0800: [ParNew: 559232K->69887K(629120K), 0.0680514 secs] 559232K->153283K(2027264K), 0.0681496 secs] [Times: user=0.11 sys=0.42, real=0.07 secs] 
2020-10-26T00:11:51.253-0800: [GC (Allocation Failure) 2020-10-26T00:11:51.253-0800: [ParNew: 629119K->69888K(629120K), 0.0659237 secs] 712515K->266179K(2027264K), 0.0660093 secs] [Times: user=0.14 sys=0.39, real=0.06 secs] 
2020-10-26T00:11:51.403-0800: [GC (Allocation Failure) 2020-10-26T00:11:51.403-0800: [ParNew: 629120K->69888K(629120K), 0.0817989 secs] 825411K->392288K(2027264K), 0.0818941 secs] [Times: user=0.76 sys=0.04, real=0.08 secs] 
2020-10-26T00:11:51.558-0800: [GC (Allocation Failure) 2020-10-26T00:11:51.558-0800: [ParNew: 629120K->69887K(629120K), 0.0882125 secs] 951520K->528579K(2027264K), 0.0882937 secs] [Times: user=0.82 sys=0.05, real=0.09 secs] 
2020-10-26T00:11:51.724-0800: [GC (Allocation Failure) 2020-10-26T00:11:51.724-0800: [ParNew: 629119K->69887K(629120K), 0.0770460 secs] 1087811K->652386K(2027264K), 0.0771320 secs] [Times: user=0.72 sys=0.04, real=0.08 secs] 
creat: 10512
Heap
 par new generation   total 629120K, used 92661K [0x0000000740000000, 0x000000076aaa0000, 0x000000076aaa0000)
  eden space 559232K,   4% used [0x0000000740000000, 0x000000074163d570, 0x0000000762220000)
  from space 69888K,  99% used [0x0000000766660000, 0x000000076aa9ffa0, 0x000000076aaa0000)
  to   space 69888K,   0% used [0x0000000762220000, 0x0000000762220000, 0x0000000766660000)
 concurrent mark-sweep generation total 1398144K, used 582498K [0x000000076aaa0000, 0x00000007c0000000, 0x00000007c0000000)
 Metaspace       used 2680K, capacity 4486K, committed 4864K, reserved 1056768K
  class space    used 292K, capacity 386K, committed 512K, reserved 1048576K
