start
2020-10-26T00:09:43.148-0800: [GC pause (G1 Evacuation Pause) (young), 0.0030469 secs]
   [Parallel Time: 2.4 ms, GC Workers: 10]
      [GC Worker Start (ms): Min: 94.1, Avg: 94.2, Max: 94.2, Diff: 0.1]
      [Ext Root Scanning (ms): Min: 0.1, Avg: 0.1, Max: 0.3, Diff: 0.2, Sum: 1.4]
      [Update RS (ms): Min: 0.0, Avg: 0.0, Max: 0.0, Diff: 0.0, Sum: 0.0]
         [Processed Buffers: Min: 0, Avg: 0.0, Max: 0, Diff: 0, Sum: 0]
      [Scan RS (ms): Min: 0.0, Avg: 0.0, Max: 0.0, Diff: 0.0, Sum: 0.0]
      [Code Root Scanning (ms): Min: 0.0, Avg: 0.0, Max: 0.0, Diff: 0.0, Sum: 0.0]
      [Object Copy (ms): Min: 1.3, Avg: 1.7, Max: 1.9, Diff: 0.6, Sum: 16.7]
      [Termination (ms): Min: 0.0, Avg: 0.3, Max: 0.7, Diff: 0.7, Sum: 2.7]
         [Termination Attempts: Min: 1, Avg: 1.0, Max: 1, Diff: 0, Sum: 10]
      [GC Worker Other (ms): Min: 0.0, Avg: 0.0, Max: 0.0, Diff: 0.0, Sum: 0.2]
      [GC Worker Total (ms): Min: 2.0, Avg: 2.1, Max: 2.3, Diff: 0.3, Sum: 21.1]
      [GC Worker End (ms): Min: 96.2, Avg: 96.3, Max: 96.4, Diff: 0.2]
   [Code Root Fixup: 0.0 ms]
   [Code Root Purge: 0.0 ms]
   [Clear CT: 0.1 ms]
   [Other: 0.5 ms]
      [Choose CSet: 0.0 ms]
      [Ref Proc: 0.2 ms]
      [Ref Enq: 0.0 ms]
      [Redirty Cards: 0.2 ms]
      [Humongous Register: 0.0 ms]
      [Humongous Reclaim: 0.0 ms]
      [Free CSet: 0.0 ms]
   [Eden: 24.0M(24.0M)->0.0B(29.0M) Survivors: 0.0B->3072.0K Heap: 27.7M(256.0M)->8383.9K(256.0M)]
 [Times: user=0.01 sys=0.01, real=0.01 secs] 
2020-10-26T00:09:43.166-0800: [GC pause (G1 Evacuation Pause) (young), 0.0045774 secs]
   [Parallel Time: 3.7 ms, GC Workers: 10]
      [GC Worker Start (ms): Min: 112.2, Avg: 112.3, Max: 112.3, Diff: 0.1]
      [Ext Root Scanning (ms): Min: 0.1, Avg: 0.1, Max: 0.2, Diff: 0.1, Sum: 1.1]
      [Update RS (ms): Min: 0.0, Avg: 0.0, Max: 0.2, Diff: 0.2, Sum: 0.2]
         [Processed Buffers: Min: 0, Avg: 0.2, Max: 1, Diff: 1, Sum: 2]
      [Scan RS (ms): Min: 0.0, Avg: 0.0, Max: 0.0, Diff: 0.0, Sum: 0.0]
      [Code Root Scanning (ms): Min: 0.0, Avg: 0.0, Max: 0.0, Diff: 0.0, Sum: 0.0]
      [Object Copy (ms): Min: 3.0, Avg: 3.2, Max: 3.3, Diff: 0.3, Sum: 31.9]
      [Termination (ms): Min: 0.0, Avg: 0.2, Max: 0.5, Diff: 0.5, Sum: 1.8]
         [Termination Attempts: Min: 1, Avg: 1.0, Max: 1, Diff: 0, Sum: 10]
      [GC Worker Other (ms): Min: 0.0, Avg: 0.0, Max: 0.0, Diff: 0.0, Sum: 0.1]
      [GC Worker Total (ms): Min: 3.4, Avg: 3.5, Max: 3.6, Diff: 0.2, Sum: 35.2]
      [GC Worker End (ms): Min: 115.7, Avg: 115.8, Max: 115.9, Diff: 0.1]
   [Code Root Fixup: 0.0 ms]
   [Code Root Purge: 0.0 ms]
   [Clear CT: 0.2 ms]
   [Other: 0.7 ms]
      [Choose CSet: 0.0 ms]
      [Ref Proc: 0.4 ms]
      [Ref Enq: 0.0 ms]
      [Redirty Cards: 0.2 ms]
      [Humongous Register: 0.0 ms]
      [Humongous Reclaim: 0.0 ms]
      [Free CSet: 0.0 ms]
   [Eden: 29.0M(29.0M)->0.0B(40.0M) Survivors: 3072.0K->4096.0K Heap: 44.3M(256.0M)->19.8M(256.0M)]
 [Times: user=0.01 sys=0.02, real=0.01 secs] 
2020-10-26T00:09:43.184-0800: [GC pause (G1 Evacuation Pause) (young), 0.0058173 secs]
   [Parallel Time: 5.2 ms, GC Workers: 10]
      [GC Worker Start (ms): Min: 130.0, Avg: 130.2, Max: 130.2, Diff: 0.2]
      [Ext Root Scanning (ms): Min: 0.0, Avg: 0.1, Max: 0.2, Diff: 0.2, Sum: 0.7]
      [Update RS (ms): Min: 0.0, Avg: 0.1, Max: 0.3, Diff: 0.3, Sum: 0.6]
         [Processed Buffers: Min: 0, Avg: 1.2, Max: 2, Diff: 2, Sum: 12]
      [Scan RS (ms): Min: 0.0, Avg: 0.0, Max: 0.0, Diff: 0.0, Sum: 0.0]
      [Code Root Scanning (ms): Min: 0.0, Avg: 0.0, Max: 0.0, Diff: 0.0, Sum: 0.0]
      [Object Copy (ms): Min: 3.7, Avg: 4.4, Max: 4.8, Diff: 1.1, Sum: 44.5]
      [Termination (ms): Min: 0.0, Avg: 0.3, Max: 0.7, Diff: 0.7, Sum: 3.3]
         [Termination Attempts: Min: 1, Avg: 1.0, Max: 1, Diff: 0, Sum: 10]
      [GC Worker Other (ms): Min: 0.0, Avg: 0.0, Max: 0.0, Diff: 0.0, Sum: 0.1]
      [GC Worker Total (ms): Min: 4.8, Avg: 4.9, Max: 5.1, Diff: 0.3, Sum: 49.2]
      [GC Worker End (ms): Min: 135.0, Avg: 135.1, Max: 135.2, Diff: 0.2]
   [Code Root Fixup: 0.0 ms]
   [Code Root Purge: 0.0 ms]
   [Clear CT: 0.2 ms]
   [Other: 0.5 ms]
      [Choose CSet: 0.0 ms]
      [Ref Proc: 0.2 ms]
      [Ref Enq: 0.0 ms]
      [Redirty Cards: 0.1 ms]
      [Humongous Register: 0.0 ms]
      [Humongous Reclaim: 0.0 ms]
      [Free CSet: 0.0 ms]
   [Eden: 40.0M(40.0M)->0.0B(56.0M) Survivors: 4096.0K->6144.0K Heap: 64.0M(256.0M)->33.1M(256.0M)]
 [Times: user=0.01 sys=0.03, real=0.01 secs] 
2020-10-26T00:09:43.218-0800: [GC pause (G1 Evacuation Pause) (young), 0.0088189 secs]
   [Parallel Time: 8.2 ms, GC Workers: 10]
      [GC Worker Start (ms): Min: 163.4, Avg: 163.5, Max: 163.5, Diff: 0.1]
      [Ext Root Scanning (ms): Min: 0.0, Avg: 0.1, Max: 0.2, Diff: 0.1, Sum: 1.0]
      [Update RS (ms): Min: 0.5, Avg: 0.6, Max: 0.6, Diff: 0.1, Sum: 5.7]
         [Processed Buffers: Min: 5, Avg: 6.8, Max: 8, Diff: 3, Sum: 68]
      [Scan RS (ms): Min: 0.0, Avg: 0.0, Max: 0.0, Diff: 0.0, Sum: 0.0]
      [Code Root Scanning (ms): Min: 0.0, Avg: 0.0, Max: 0.0, Diff: 0.0, Sum: 0.0]
      [Object Copy (ms): Min: 6.6, Avg: 6.8, Max: 7.1, Diff: 0.5, Sum: 67.9]
      [Termination (ms): Min: 0.0, Avg: 0.4, Max: 0.7, Diff: 0.7, Sum: 4.0]
         [Termination Attempts: Min: 1, Avg: 1.0, Max: 1, Diff: 0, Sum: 10]
      [GC Worker Other (ms): Min: 0.0, Avg: 0.0, Max: 0.0, Diff: 0.0, Sum: 0.1]
      [GC Worker Total (ms): Min: 7.7, Avg: 7.9, Max: 8.1, Diff: 0.3, Sum: 78.7]
      [GC Worker End (ms): Min: 171.3, Avg: 171.4, Max: 171.5, Diff: 0.2]
   [Code Root Fixup: 0.0 ms]
   [Code Root Purge: 0.0 ms]
   [Clear CT: 0.1 ms]
   [Other: 0.5 ms]
      [Choose CSet: 0.0 ms]
      [Ref Proc: 0.2 ms]
      [Ref Enq: 0.0 ms]
      [Redirty Cards: 0.2 ms]
      [Humongous Register: 0.0 ms]
      [Humongous Reclaim: 0.0 ms]
      [Free CSet: 0.0 ms]
   [Eden: 56.0M(56.0M)->0.0B(106.0M) Survivors: 6144.0K->8192.0K Heap: 104.5M(256.0M)->54.6M(256.0M)]
 [Times: user=0.02 sys=0.05, real=0.01 secs] 
2020-10-26T00:09:43.280-0800: [GC pause (G1 Evacuation Pause) (young) (to-space exhausted), 0.0175268 secs]
   [Parallel Time: 16.5 ms, GC Workers: 10]
      [GC Worker Start (ms): Min: 225.3, Avg: 225.4, Max: 225.4, Diff: 0.1]
      [Ext Root Scanning (ms): Min: 0.0, Avg: 0.1, Max: 0.2, Diff: 0.2, Sum: 1.0]
      [Update RS (ms): Min: 0.1, Avg: 0.1, Max: 0.2, Diff: 0.1, Sum: 1.3]
         [Processed Buffers: Min: 1, Avg: 1.5, Max: 2, Diff: 1, Sum: 15]
      [Scan RS (ms): Min: 0.0, Avg: 0.0, Max: 0.0, Diff: 0.0, Sum: 0.1]
      [Code Root Scanning (ms): Min: 0.0, Avg: 0.0, Max: 0.0, Diff: 0.0, Sum: 0.0]
      [Object Copy (ms): Min: 15.6, Avg: 15.8, Max: 15.9, Diff: 0.3, Sum: 157.7]
      [Termination (ms): Min: 0.0, Avg: 0.2, Max: 0.5, Diff: 0.4, Sum: 2.1]
         [Termination Attempts: Min: 1, Avg: 1.0, Max: 1, Diff: 0, Sum: 10]
      [GC Worker Other (ms): Min: 0.0, Avg: 0.0, Max: 0.0, Diff: 0.0, Sum: 0.1]
      [GC Worker Total (ms): Min: 16.1, Avg: 16.2, Max: 16.4, Diff: 0.2, Sum: 162.4]
      [GC Worker End (ms): Min: 241.5, Avg: 241.6, Max: 241.8, Diff: 0.2]
   [Code Root Fixup: 0.0 ms]
   [Code Root Purge: 0.0 ms]
   [Clear CT: 0.2 ms]
   [Other: 0.9 ms]
      [Evacuation Failure: 0.2 ms]
      [Choose CSet: 0.0 ms]
      [Ref Proc: 0.3 ms]
      [Ref Enq: 0.0 ms]
      [Redirty Cards: 0.1 ms]
      [Humongous Register: 0.0 ms]
      [Humongous Reclaim: 0.0 ms]
      [Free CSet: 0.0 ms]
   [Eden: 106.0M(106.0M)->0.0B(70.0M) Survivors: 8192.0K->15.0M Heap: 188.7M(256.0M)->117.1M(256.0M)]
 [Times: user=0.02 sys=0.12, real=0.01 secs] 
2020-10-26T00:09:43.298-0800: [GC pause (G1 Humongous Allocation) (young) (initial-mark), 0.0023613 secs]
   [Parallel Time: 1.8 ms, GC Workers: 10]
      [GC Worker Start (ms): Min: 244.1, Avg: 244.2, Max: 244.2, Diff: 0.1]
      [Ext Root Scanning (ms): Min: 0.1, Avg: 0.1, Max: 0.2, Diff: 0.1, Sum: 1.1]
      [Update RS (ms): Min: 0.0, Avg: 0.0, Max: 0.0, Diff: 0.0, Sum: 0.2]
         [Processed Buffers: Min: 1, Avg: 1.4, Max: 3, Diff: 2, Sum: 14]
      [Scan RS (ms): Min: 0.0, Avg: 0.0, Max: 0.0, Diff: 0.0, Sum: 0.0]
      [Code Root Scanning (ms): Min: 0.0, Avg: 0.0, Max: 0.0, Diff: 0.0, Sum: 0.0]
      [Object Copy (ms): Min: 1.1, Avg: 1.2, Max: 1.3, Diff: 0.2, Sum: 12.2]
      [Termination (ms): Min: 0.0, Avg: 0.2, Max: 0.5, Diff: 0.5, Sum: 1.7]
         [Termination Attempts: Min: 1, Avg: 1.0, Max: 1, Diff: 0, Sum: 10]
      [GC Worker Other (ms): Min: 0.0, Avg: 0.0, Max: 0.0, Diff: 0.0, Sum: 0.1]
      [GC Worker Total (ms): Min: 1.4, Avg: 1.5, Max: 1.8, Diff: 0.3, Sum: 15.3]
      [GC Worker End (ms): Min: 245.7, Avg: 245.7, Max: 245.9, Diff: 0.2]
   [Code Root Fixup: 0.0 ms]
   [Code Root Purge: 0.0 ms]
   [Clear CT: 0.1 ms]
   [Other: 0.4 ms]
      [Choose CSet: 0.0 ms]
      [Ref Proc: 0.2 ms]
      [Ref Enq: 0.0 ms]
      [Redirty Cards: 0.1 ms]
      [Humongous Register: 0.0 ms]
      [Humongous Reclaim: 0.0 ms]
      [Free CSet: 0.0 ms]
   [Eden: 5120.0K(70.0M)->0.0B(74.0M) Survivors: 15.0M->1024.0K Heap: 121.6M(256.0M)->116.2M(256.0M)]
 [Times: user=0.01 sys=0.00, real=0.01 secs] 
2020-10-26T00:09:43.301-0800: [GC concurrent-root-region-scan-start]
2020-10-26T00:09:43.301-0800: [GC concurrent-root-region-scan-end, 0.0000949 secs]
2020-10-26T00:09:43.301-0800: [GC concurrent-mark-start]
2020-10-26T00:09:43.302-0800: [GC concurrent-mark-end, 0.0007885 secs]
2020-10-26T00:09:43.302-0800: [GC remark 2020-10-26T00:09:43.302-0800: [Finalize Marking, 0.0003050 secs] 2020-10-26T00:09:43.302-0800: [GC ref-proc, 0.0000588 secs] 2020-10-26T00:09:43.302-0800: [Unloading, 0.0004700 secs], 0.0012054 secs]
 [Times: user=0.01 sys=0.00, real=0.00 secs] 
2020-10-26T00:09:43.303-0800: [GC cleanup 120M->120M(256M), 0.0006134 secs]
 [Times: user=0.00 sys=0.00, real=0.00 secs] 
2020-10-26T00:09:43.318-0800: [GC pause (G1 Evacuation Pause) (young) (to-space exhausted), 0.0023587 secs]
   [Parallel Time: 1.3 ms, GC Workers: 10]
      [GC Worker Start (ms): Min: 263.7, Avg: 263.8, Max: 263.8, Diff: 0.1]
      [Ext Root Scanning (ms): Min: 0.0, Avg: 0.1, Max: 0.2, Diff: 0.1, Sum: 1.0]
      [Update RS (ms): Min: 0.1, Avg: 0.2, Max: 0.2, Diff: 0.1, Sum: 1.7]
         [Processed Buffers: Min: 1, Avg: 2.0, Max: 4, Diff: 3, Sum: 20]
      [Scan RS (ms): Min: 0.0, Avg: 0.0, Max: 0.0, Diff: 0.0, Sum: 0.1]
      [Code Root Scanning (ms): Min: 0.0, Avg: 0.0, Max: 0.0, Diff: 0.0, Sum: 0.0]
      [Object Copy (ms): Min: 0.7, Avg: 0.8, Max: 0.8, Diff: 0.1, Sum: 7.8]
      [Termination (ms): Min: 0.0, Avg: 0.0, Max: 0.1, Diff: 0.1, Sum: 0.4]
         [Termination Attempts: Min: 1, Avg: 1.3, Max: 3, Diff: 2, Sum: 13]
      [GC Worker Other (ms): Min: 0.0, Avg: 0.0, Max: 0.0, Diff: 0.0, Sum: 0.1]
      [GC Worker Total (ms): Min: 1.1, Avg: 1.1, Max: 1.2, Diff: 0.1, Sum: 11.2]
      [GC Worker End (ms): Min: 264.9, Avg: 264.9, Max: 264.9, Diff: 0.0]
   [Code Root Fixup: 0.0 ms]
   [Code Root Purge: 0.0 ms]
   [Clear CT: 0.2 ms]
   [Other: 0.9 ms]
      [Evacuation Failure: 0.4 ms]
      [Choose CSet: 0.0 ms]
      [Ref Proc: 0.2 ms]
      [Ref Enq: 0.0 ms]
      [Redirty Cards: 0.2 ms]
      [Humongous Register: 0.0 ms]
      [Humongous Reclaim: 0.0 ms]
      [Free CSet: 0.0 ms]
   [Eden: 74.0M(74.0M)->0.0B(3072.0K) Survivors: 1024.0K->9216.0K Heap: 216.0M(256.0M)->189.7M(256.0M)]
 [Times: user=0.01 sys=0.00, real=0.01 secs] 
2020-10-26T00:09:43.321-0800: [GC pause (G1 Evacuation Pause) (mixed), 0.0022701 secs]
   [Parallel Time: 1.7 ms, GC Workers: 10]
      [GC Worker Start (ms): Min: 267.0, Avg: 267.1, Max: 267.2, Diff: 0.1]
      [Ext Root Scanning (ms): Min: 0.0, Avg: 0.1, Max: 0.2, Diff: 0.1, Sum: 0.9]
      [Update RS (ms): Min: 0.1, Avg: 0.1, Max: 0.2, Diff: 0.1, Sum: 1.2]
         [Processed Buffers: Min: 0, Avg: 1.7, Max: 3, Diff: 3, Sum: 17]
      [Scan RS (ms): Min: 0.0, Avg: 0.0, Max: 0.0, Diff: 0.0, Sum: 0.1]
      [Code Root Scanning (ms): Min: 0.0, Avg: 0.0, Max: 0.0, Diff: 0.0, Sum: 0.0]
      [Object Copy (ms): Min: 0.8, Avg: 1.0, Max: 1.1, Diff: 0.3, Sum: 9.7]
      [Termination (ms): Min: 0.0, Avg: 0.2, Max: 0.5, Diff: 0.5, Sum: 1.7]
         [Termination Attempts: Min: 1, Avg: 1.0, Max: 1, Diff: 0, Sum: 10]
      [GC Worker Other (ms): Min: 0.0, Avg: 0.0, Max: 0.0, Diff: 0.0, Sum: 0.1]
      [GC Worker Total (ms): Min: 1.3, Avg: 1.4, Max: 1.6, Diff: 0.3, Sum: 13.7]
      [GC Worker End (ms): Min: 268.4, Avg: 268.5, Max: 268.6, Diff: 0.2]
   [Code Root Fixup: 0.0 ms]
   [Code Root Purge: 0.0 ms]
   [Clear CT: 0.1 ms]
   [Other: 0.5 ms]
      [Choose CSet: 0.0 ms]
      [Ref Proc: 0.3 ms]
      [Ref Enq: 0.0 ms]
      [Redirty Cards: 0.1 ms]
      [Humongous Register: 0.0 ms]
      [Humongous Reclaim: 0.0 ms]
      [Free CSet: 0.0 ms]
   [Eden: 3072.0K(3072.0K)->0.0B(21.0M) Survivors: 9216.0K->1024.0K Heap: 194.1M(256.0M)->180.9M(256.0M)]
 [Times: user=0.00 sys=0.01, real=0.00 secs] 
2020-10-26T00:09:43.325-0800: [GC pause (G1 Humongous Allocation) (young) (initial-mark), 0.0009943 secs]
   [Parallel Time: 0.4 ms, GC Workers: 10]
      [GC Worker Start (ms): Min: 270.5, Avg: 270.6, Max: 270.6, Diff: 0.1]
      [Ext Root Scanning (ms): Min: 0.1, Avg: 0.1, Max: 0.2, Diff: 0.1, Sum: 1.3]
      [Update RS (ms): Min: 0.0, Avg: 0.0, Max: 0.0, Diff: 0.0, Sum: 0.2]
         [Processed Buffers: Min: 1, Avg: 1.0, Max: 1, Diff: 0, Sum: 10]
      [Scan RS (ms): Min: 0.0, Avg: 0.0, Max: 0.0, Diff: 0.0, Sum: 0.0]
      [Code Root Scanning (ms): Min: 0.0, Avg: 0.0, Max: 0.0, Diff: 0.0, Sum: 0.0]
      [Object Copy (ms): Min: 0.0, Avg: 0.0, Max: 0.1, Diff: 0.1, Sum: 0.4]
      [Termination (ms): Min: 0.0, Avg: 0.1, Max: 0.1, Diff: 0.1, Sum: 0.7]
         [Termination Attempts: Min: 1, Avg: 1.0, Max: 1, Diff: 0, Sum: 10]
      [GC Worker Other (ms): Min: 0.0, Avg: 0.0, Max: 0.0, Diff: 0.0, Sum: 0.1]
      [GC Worker Total (ms): Min: 0.2, Avg: 0.3, Max: 0.3, Diff: 0.1, Sum: 2.7]
      [GC Worker End (ms): Min: 270.8, Avg: 270.8, Max: 270.9, Diff: 0.1]
   [Code Root Fixup: 0.0 ms]
   [Code Root Purge: 0.0 ms]
   [Clear CT: 0.1 ms]
   [Other: 0.5 ms]
      [Choose CSet: 0.0 ms]
      [Ref Proc: 0.2 ms]
      [Ref Enq: 0.0 ms]
      [Redirty Cards: 0.1 ms]
      [Humongous Register: 0.0 ms]
      [Humongous Reclaim: 0.0 ms]
      [Free CSet: 0.0 ms]
   [Eden: 4096.0K(21.0M)->0.0B(21.0M) Survivors: 1024.0K->2048.0K Heap: 184.0M(256.0M)->181.2M(256.0M)]
 [Times: user=0.01 sys=0.00, real=0.00 secs] 
2020-10-26T00:09:43.326-0800: [GC concurrent-root-region-scan-start]
2020-10-26T00:09:43.326-0800: [GC concurrent-root-region-scan-end, 0.0000976 secs]
2020-10-26T00:09:43.326-0800: [GC concurrent-mark-start]
2020-10-26T00:09:43.327-0800: [GC concurrent-mark-end, 0.0006499 secs]
2020-10-26T00:09:43.327-0800: [GC remark 2020-10-26T00:09:43.327-0800: [Finalize Marking, 0.0003170 secs] 2020-10-26T00:09:43.327-0800: [GC ref-proc, 0.0000577 secs] 2020-10-26T00:09:43.327-0800: [Unloading, 0.0004258 secs], 0.0012109 secs]
 [Times: user=0.01 sys=0.00, real=0.00 secs] 
2020-10-26T00:09:43.328-0800: [GC cleanup 186M->185M(256M), 0.0007496 secs]
 [Times: user=0.00 sys=0.00, real=0.00 secs] 
2020-10-26T00:09:43.329-0800: [GC concurrent-cleanup-start]
2020-10-26T00:09:43.329-0800: [GC concurrent-cleanup-end, 0.0000366 secs]
2020-10-26T00:09:43.334-0800: [GC pause (G1 Evacuation Pause) (young), 0.0016704 secs]
   [Parallel Time: 1.1 ms, GC Workers: 10]
      [GC Worker Start (ms): Min: 279.3, Avg: 279.3, Max: 279.4, Diff: 0.1]
      [Ext Root Scanning (ms): Min: 0.1, Avg: 0.1, Max: 0.2, Diff: 0.1, Sum: 1.1]
      [Update RS (ms): Min: 0.1, Avg: 0.2, Max: 0.2, Diff: 0.1, Sum: 1.8]
         [Processed Buffers: Min: 0, Avg: 1.8, Max: 2, Diff: 2, Sum: 18]
      [Scan RS (ms): Min: 0.0, Avg: 0.0, Max: 0.0, Diff: 0.0, Sum: 0.0]
      [Code Root Scanning (ms): Min: 0.0, Avg: 0.0, Max: 0.0, Diff: 0.0, Sum: 0.0]
      [Object Copy (ms): Min: 0.4, Avg: 0.4, Max: 0.5, Diff: 0.1, Sum: 4.2]
      [Termination (ms): Min: 0.0, Avg: 0.2, Max: 0.2, Diff: 0.2, Sum: 1.8]
         [Termination Attempts: Min: 1, Avg: 1.0, Max: 1, Diff: 0, Sum: 10]
      [GC Worker Other (ms): Min: 0.0, Avg: 0.0, Max: 0.0, Diff: 0.0, Sum: 0.1]
      [GC Worker Total (ms): Min: 0.8, Avg: 0.9, Max: 1.0, Diff: 0.2, Sum: 9.1]
      [GC Worker End (ms): Min: 280.2, Avg: 280.2, Max: 280.3, Diff: 0.1]
   [Code Root Fixup: 0.0 ms]
   [Code Root Purge: 0.0 ms]
   [Clear CT: 0.1 ms]
   [Other: 0.5 ms]
      [Choose CSet: 0.0 ms]
      [Ref Proc: 0.2 ms]
      [Ref Enq: 0.0 ms]
      [Redirty Cards: 0.1 ms]
      [Humongous Register: 0.0 ms]
      [Humongous Reclaim: 0.0 ms]
      [Free CSet: 0.0 ms]
   [Eden: 21.0M(21.0M)->0.0B(9216.0K) Survivors: 2048.0K->3072.0K Heap: 208.3M(256.0M)->190.5M(256.0M)]
 [Times: user=0.01 sys=0.00, real=0.00 secs] 
2020-10-26T00:09:43.337-0800: [GC pause (G1 Evacuation Pause) (mixed), 0.0016799 secs]
   [Parallel Time: 1.1 ms, GC Workers: 10]
      [GC Worker Start (ms): Min: 282.9, Avg: 283.0, Max: 283.1, Diff: 0.1]
      [Ext Root Scanning (ms): Min: 0.1, Avg: 0.1, Max: 0.2, Diff: 0.1, Sum: 1.1]
      [Update RS (ms): Min: 0.1, Avg: 0.1, Max: 0.2, Diff: 0.1, Sum: 1.5]
         [Processed Buffers: Min: 2, Avg: 2.3, Max: 3, Diff: 1, Sum: 23]
      [Scan RS (ms): Min: 0.0, Avg: 0.0, Max: 0.0, Diff: 0.0, Sum: 0.1]
      [Code Root Scanning (ms): Min: 0.0, Avg: 0.0, Max: 0.0, Diff: 0.0, Sum: 0.0]
      [Object Copy (ms): Min: 0.4, Avg: 0.5, Max: 0.6, Diff: 0.2, Sum: 4.9]
      [Termination (ms): Min: 0.0, Avg: 0.1, Max: 0.2, Diff: 0.2, Sum: 1.2]
         [Termination Attempts: Min: 1, Avg: 1.0, Max: 1, Diff: 0, Sum: 10]
      [GC Worker Other (ms): Min: 0.0, Avg: 0.0, Max: 0.0, Diff: 0.0, Sum: 0.1]
      [GC Worker Total (ms): Min: 0.8, Avg: 0.9, Max: 1.0, Diff: 0.2, Sum: 8.8]
      [GC Worker End (ms): Min: 283.8, Avg: 283.9, Max: 284.0, Diff: 0.1]
   [Code Root Fixup: 0.0 ms]
   [Code Root Purge: 0.0 ms]
   [Clear CT: 0.1 ms]
   [Other: 0.5 ms]
      [Choose CSet: 0.0 ms]
      [Ref Proc: 0.2 ms]
      [Ref Enq: 0.0 ms]
      [Redirty Cards: 0.2 ms]
      [Humongous Register: 0.0 ms]
      [Humongous Reclaim: 0.0 ms]
      [Free CSet: 0.0 ms]
   [Eden: 9216.0K(9216.0K)->0.0B(10.0M) Survivors: 3072.0K->2048.0K Heap: 201.1M(256.0M)->170.4M(256.0M)]
 [Times: user=0.01 sys=0.00, real=0.00 secs] 
2020-10-26T00:09:43.341-0800: [GC pause (G1 Evacuation Pause) (mixed), 0.0020624 secs]
   [Parallel Time: 1.5 ms, GC Workers: 10]
      [GC Worker Start (ms): Min: 286.9, Avg: 286.9, Max: 287.1, Diff: 0.2]
      [Ext Root Scanning (ms): Min: 0.0, Avg: 0.1, Max: 0.2, Diff: 0.2, Sum: 1.2]
      [Update RS (ms): Min: 0.0, Avg: 0.1, Max: 0.2, Diff: 0.2, Sum: 0.7]
         [Processed Buffers: Min: 0, Avg: 1.6, Max: 3, Diff: 3, Sum: 16]
      [Scan RS (ms): Min: 0.0, Avg: 0.0, Max: 0.0, Diff: 0.0, Sum: 0.1]
      [Code Root Scanning (ms): Min: 0.0, Avg: 0.0, Max: 0.0, Diff: 0.0, Sum: 0.0]
      [Object Copy (ms): Min: 0.8, Avg: 0.9, Max: 1.1, Diff: 0.3, Sum: 9.3]
      [Termination (ms): Min: 0.0, Avg: 0.2, Max: 0.3, Diff: 0.3, Sum: 2.1]
         [Termination Attempts: Min: 1, Avg: 1.0, Max: 1, Diff: 0, Sum: 10]
      [GC Worker Other (ms): Min: 0.0, Avg: 0.0, Max: 0.0, Diff: 0.0, Sum: 0.1]
      [GC Worker Total (ms): Min: 1.2, Avg: 1.4, Max: 1.4, Diff: 0.3, Sum: 13.5]
      [GC Worker End (ms): Min: 288.2, Avg: 288.3, Max: 288.3, Diff: 0.1]
   [Code Root Fixup: 0.0 ms]
   [Code Root Purge: 0.0 ms]
   [Clear CT: 0.1 ms]
   [Other: 0.4 ms]
      [Choose CSet: 0.0 ms]
      [Ref Proc: 0.2 ms]
      [Ref Enq: 0.0 ms]
      [Redirty Cards: 0.1 ms]
      [Humongous Register: 0.0 ms]
      [Humongous Reclaim: 0.0 ms]
      [Free CSet: 0.0 ms]
   [Eden: 10.0M(10.0M)->0.0B(10.0M) Survivors: 2048.0K->2048.0K Heap: 181.0M(256.0M)->156.8M(256.0M)]
 [Times: user=0.01 sys=0.00, real=0.00 secs] 
2020-10-26T00:09:43.346-0800: [GC pause (G1 Evacuation Pause) (mixed), 0.0034440 secs]
   [Parallel Time: 2.2 ms, GC Workers: 10]
      [GC Worker Start (ms): Min: 291.4, Avg: 291.5, Max: 292.1, Diff: 0.6]
      [Ext Root Scanning (ms): Min: 0.0, Avg: 0.1, Max: 0.2, Diff: 0.2, Sum: 1.1]
      [Update RS (ms): Min: 0.0, Avg: 0.2, Max: 0.3, Diff: 0.3, Sum: 1.9]
         [Processed Buffers: Min: 0, Avg: 2.8, Max: 4, Diff: 4, Sum: 28]
      [Scan RS (ms): Min: 0.0, Avg: 0.0, Max: 0.1, Diff: 0.1, Sum: 0.1]
      [Code Root Scanning (ms): Min: 0.0, Avg: 0.0, Max: 0.0, Diff: 0.0, Sum: 0.0]
      [Object Copy (ms): Min: 0.7, Avg: 1.0, Max: 1.7, Diff: 0.9, Sum: 10.4]
      [Termination (ms): Min: 0.0, Avg: 0.7, Max: 0.8, Diff: 0.8, Sum: 6.7]
         [Termination Attempts: Min: 1, Avg: 1.0, Max: 1, Diff: 0, Sum: 10]
      [GC Worker Other (ms): Min: 0.0, Avg: 0.0, Max: 0.0, Diff: 0.0, Sum: 0.1]
      [GC Worker Total (ms): Min: 1.5, Avg: 2.0, Max: 2.1, Diff: 0.6, Sum: 20.2]
      [GC Worker End (ms): Min: 293.5, Avg: 293.5, Max: 293.6, Diff: 0.1]
   [Code Root Fixup: 0.0 ms]
   [Code Root Purge: 0.0 ms]
   [Clear CT: 0.1 ms]
   [Other: 1.1 ms]
      [Choose CSet: 0.0 ms]
      [Ref Proc: 0.8 ms]
      [Ref Enq: 0.0 ms]
      [Redirty Cards: 0.1 ms]
      [Humongous Register: 0.0 ms]
      [Humongous Reclaim: 0.0 ms]
      [Free CSet: 0.0 ms]
   [Eden: 10.0M(10.0M)->0.0B(40.0M) Survivors: 2048.0K->2048.0K Heap: 168.8M(256.0M)->153.4M(256.0M)]
 [Times: user=0.02 sys=0.00, real=0.00 secs] 
2020-10-26T00:09:43.351-0800: [GC pause (G1 Humongous Allocation) (young) (initial-mark), 0.0013827 secs]
   [Parallel Time: 0.7 ms, GC Workers: 10]
      [GC Worker Start (ms): Min: 296.3, Avg: 296.4, Max: 296.4, Diff: 0.1]
      [Ext Root Scanning (ms): Min: 0.1, Avg: 0.1, Max: 0.2, Diff: 0.1, Sum: 1.2]
      [Update RS (ms): Min: 0.0, Avg: 0.0, Max: 0.0, Diff: 0.0, Sum: 0.3]
         [Processed Buffers: Min: 1, Avg: 1.2, Max: 2, Diff: 1, Sum: 12]
      [Scan RS (ms): Min: 0.0, Avg: 0.0, Max: 0.0, Diff: 0.0, Sum: 0.0]
      [Code Root Scanning (ms): Min: 0.0, Avg: 0.0, Max: 0.0, Diff: 0.0, Sum: 0.0]
      [Object Copy (ms): Min: 0.2, Avg: 0.3, Max: 0.4, Diff: 0.1, Sum: 3.2]
      [Termination (ms): Min: 0.0, Avg: 0.0, Max: 0.1, Diff: 0.1, Sum: 0.4]
         [Termination Attempts: Min: 1, Avg: 1.1, Max: 2, Diff: 1, Sum: 11]
      [GC Worker Other (ms): Min: 0.0, Avg: 0.0, Max: 0.0, Diff: 0.0, Sum: 0.1]
      [GC Worker Total (ms): Min: 0.5, Avg: 0.5, Max: 0.6, Diff: 0.2, Sum: 5.2]
      [GC Worker End (ms): Min: 296.9, Avg: 296.9, Max: 296.9, Diff: 0.1]
   [Code Root Fixup: 0.0 ms]
   [Code Root Purge: 0.0 ms]
   [Clear CT: 0.2 ms]
   [Other: 0.5 ms]
      [Choose CSet: 0.0 ms]
      [Ref Proc: 0.3 ms]
      [Ref Enq: 0.0 ms]
      [Redirty Cards: 0.1 ms]
      [Humongous Register: 0.0 ms]
      [Humongous Reclaim: 0.0 ms]
      [Free CSet: 0.0 ms]
   [Eden: 8192.0K(40.0M)->0.0B(36.0M) Survivors: 2048.0K->6144.0K Heap: 160.6M(256.0M)->156.9M(256.0M)]
 [Times: user=0.00 sys=0.01, real=0.00 secs] 
2020-10-26T00:09:43.352-0800: [GC concurrent-root-region-scan-start]
2020-10-26T00:09:43.352-0800: [GC concurrent-root-region-scan-end, 0.0001050 secs]
2020-10-26T00:09:43.352-0800: [GC concurrent-mark-start]
2020-10-26T00:09:43.353-0800: [GC concurrent-mark-end, 0.0006958 secs]
2020-10-26T00:09:43.353-0800: [GC remark 2020-10-26T00:09:43.353-0800: [Finalize Marking, 0.0001897 secs] 2020-10-26T00:09:43.353-0800: [GC ref-proc, 0.0000576 secs] 2020-10-26T00:09:43.353-0800: [Unloading, 0.0003844 secs], 0.0011014 secs]
 [Times: user=0.01 sys=0.00, real=0.00 secs] 
2020-10-26T00:09:43.354-0800: [GC cleanup 162M->162M(256M), 0.0007777 secs]
 [Times: user=0.00 sys=0.00, real=0.00 secs] 
2020-10-26T00:09:43.363-0800: [GC pause (G1 Evacuation Pause) (young), 0.0024171 secs]
   [Parallel Time: 1.8 ms, GC Workers: 10]
      [GC Worker Start (ms): Min: 308.5, Avg: 308.6, Max: 308.7, Diff: 0.2]
      [Ext Root Scanning (ms): Min: 0.0, Avg: 0.1, Max: 0.2, Diff: 0.2, Sum: 0.7]
      [Update RS (ms): Min: 0.2, Avg: 0.3, Max: 0.3, Diff: 0.1, Sum: 2.8]
         [Processed Buffers: Min: 2, Avg: 3.1, Max: 5, Diff: 3, Sum: 31]
      [Scan RS (ms): Min: 0.0, Avg: 0.0, Max: 0.0, Diff: 0.0, Sum: 0.0]
      [Code Root Scanning (ms): Min: 0.0, Avg: 0.0, Max: 0.0, Diff: 0.0, Sum: 0.0]
      [Object Copy (ms): Min: 1.1, Avg: 1.2, Max: 1.2, Diff: 0.1, Sum: 11.6]
      [Termination (ms): Min: 0.0, Avg: 0.1, Max: 0.1, Diff: 0.1, Sum: 0.6]
         [Termination Attempts: Min: 1, Avg: 1.0, Max: 1, Diff: 0, Sum: 10]
      [GC Worker Other (ms): Min: 0.0, Avg: 0.0, Max: 0.0, Diff: 0.0, Sum: 0.1]
      [GC Worker Total (ms): Min: 1.5, Avg: 1.6, Max: 1.7, Diff: 0.2, Sum: 15.9]
      [GC Worker End (ms): Min: 310.2, Avg: 310.2, Max: 310.3, Diff: 0.0]
   [Code Root Fixup: 0.0 ms]
   [Code Root Purge: 0.0 ms]
   [Clear CT: 0.2 ms]
   [Other: 0.5 ms]
      [Choose CSet: 0.0 ms]
      [Ref Proc: 0.2 ms]
      [Ref Enq: 0.0 ms]
      [Redirty Cards: 0.1 ms]
      [Humongous Register: 0.0 ms]
      [Humongous Reclaim: 0.0 ms]
      [Free CSet: 0.0 ms]
   [Eden: 36.0M(36.0M)->0.0B(6144.0K) Survivors: 6144.0K->6144.0K Heap: 203.1M(256.0M)->174.1M(256.0M)]
 [Times: user=0.02 sys=0.00, real=0.00 secs] 
2020-10-26T00:09:43.367-0800: [GC pause (G1 Evacuation Pause) (mixed), 0.0025786 secs]
   [Parallel Time: 1.9 ms, GC Workers: 10]
      [GC Worker Start (ms): Min: 312.3, Avg: 312.4, Max: 312.5, Diff: 0.2]
      [Ext Root Scanning (ms): Min: 0.0, Avg: 0.1, Max: 0.2, Diff: 0.2, Sum: 0.7]
      [Update RS (ms): Min: 0.0, Avg: 0.0, Max: 0.1, Diff: 0.1, Sum: 0.3]
         [Processed Buffers: Min: 0, Avg: 1.0, Max: 2, Diff: 2, Sum: 10]
      [Scan RS (ms): Min: 0.0, Avg: 0.0, Max: 0.2, Diff: 0.2, Sum: 0.3]
      [Code Root Scanning (ms): Min: 0.0, Avg: 0.0, Max: 0.0, Diff: 0.0, Sum: 0.0]
      [Object Copy (ms): Min: 1.2, Avg: 1.4, Max: 1.5, Diff: 0.3, Sum: 14.3]
      [Termination (ms): Min: 0.0, Avg: 0.1, Max: 0.2, Diff: 0.2, Sum: 0.7]
         [Termination Attempts: Min: 1, Avg: 1.0, Max: 1, Diff: 0, Sum: 10]
      [GC Worker Other (ms): Min: 0.0, Avg: 0.0, Max: 0.0, Diff: 0.0, Sum: 0.1]
      [GC Worker Total (ms): Min: 1.5, Avg: 1.6, Max: 1.7, Diff: 0.2, Sum: 16.4]
      [GC Worker End (ms): Min: 314.0, Avg: 314.0, Max: 314.1, Diff: 0.1]
   [Code Root Fixup: 0.0 ms]
   [Code Root Purge: 0.0 ms]
   [Clear CT: 0.1 ms]
   [Other: 0.5 ms]
      [Choose CSet: 0.0 ms]
      [Ref Proc: 0.3 ms]
      [Ref Enq: 0.0 ms]
      [Redirty Cards: 0.1 ms]
      [Humongous Register: 0.0 ms]
      [Humongous Reclaim: 0.0 ms]
      [Free CSet: 0.0 ms]
   [Eden: 6144.0K(6144.0K)->0.0B(26.0M) Survivors: 6144.0K->2048.0K Heap: 180.1M(256.0M)->167.8M(256.0M)]
 [Times: user=0.02 sys=0.00, real=0.00 secs] 
2020-10-26T00:09:43.370-0800: [GC pause (G1 Humongous Allocation) (young) (initial-mark), 0.0011159 secs]
   [Parallel Time: 0.6 ms, GC Workers: 10]
      [GC Worker Start (ms): Min: 315.2, Avg: 315.3, Max: 315.4, Diff: 0.1]
      [Ext Root Scanning (ms): Min: 0.1, Avg: 0.1, Max: 0.2, Diff: 0.1, Sum: 1.1]
      [Update RS (ms): Min: 0.0, Avg: 0.1, Max: 0.2, Diff: 0.2, Sum: 0.5]
         [Processed Buffers: Min: 1, Avg: 1.1, Max: 2, Diff: 1, Sum: 11]
      [Scan RS (ms): Min: 0.0, Avg: 0.0, Max: 0.0, Diff: 0.0, Sum: 0.0]
      [Code Root Scanning (ms): Min: 0.0, Avg: 0.0, Max: 0.0, Diff: 0.0, Sum: 0.0]
      [Object Copy (ms): Min: 0.0, Avg: 0.0, Max: 0.1, Diff: 0.1, Sum: 0.5]
      [Termination (ms): Min: 0.0, Avg: 0.2, Max: 0.2, Diff: 0.2, Sum: 1.6]
         [Termination Attempts: Min: 1, Avg: 1.2, Max: 2, Diff: 1, Sum: 12]
      [GC Worker Other (ms): Min: 0.0, Avg: 0.0, Max: 0.0, Diff: 0.0, Sum: 0.1]
      [GC Worker Total (ms): Min: 0.3, Avg: 0.4, Max: 0.5, Diff: 0.2, Sum: 3.8]
      [GC Worker End (ms): Min: 315.6, Avg: 315.7, Max: 315.7, Diff: 0.1]
   [Code Root Fixup: 0.0 ms]
   [Code Root Purge: 0.0 ms]
   [Clear CT: 0.2 ms]
   [Other: 0.4 ms]
      [Choose CSet: 0.0 ms]
      [Ref Proc: 0.2 ms]
      [Ref Enq: 0.0 ms]
      [Redirty Cards: 0.1 ms]
      [Humongous Register: 0.0 ms]
      [Humongous Reclaim: 0.0 ms]
      [Free CSet: 0.0 ms]
   [Eden: 1024.0K(26.0M)->0.0B(25.0M) Survivors: 2048.0K->2048.0K Heap: 168.5M(256.0M)->167.5M(256.0M)]
 [Times: user=0.00 sys=0.00, real=0.00 secs] 
2020-10-26T00:09:43.371-0800: [GC concurrent-root-region-scan-start]
2020-10-26T00:09:43.371-0800: [GC concurrent-root-region-scan-end, 0.0001360 secs]
2020-10-26T00:09:43.371-0800: [GC concurrent-mark-start]
2020-10-26T00:09:43.372-0800: [GC concurrent-mark-end, 0.0006583 secs]
2020-10-26T00:09:43.372-0800: [GC remark 2020-10-26T00:09:43.372-0800: [Finalize Marking, 0.0002727 secs] 2020-10-26T00:09:43.372-0800: [GC ref-proc, 0.0000575 secs] 2020-10-26T00:09:43.372-0800: [Unloading, 0.0004686 secs], 0.0012351 secs]
 [Times: user=0.01 sys=0.00, real=0.00 secs] 
2020-10-26T00:09:43.373-0800: [GC cleanup 172M->172M(256M), 0.0006315 secs]
 [Times: user=0.00 sys=0.00, real=0.00 secs] 
2020-10-26T00:09:43.378-0800: [GC pause (G1 Evacuation Pause) (young), 0.0019061 secs]
   [Parallel Time: 1.3 ms, GC Workers: 10]
      [GC Worker Start (ms): Min: 323.3, Avg: 323.4, Max: 323.4, Diff: 0.1]
      [Ext Root Scanning (ms): Min: 0.1, Avg: 0.1, Max: 0.2, Diff: 0.1, Sum: 1.2]
      [Update RS (ms): Min: 0.2, Avg: 0.2, Max: 0.3, Diff: 0.1, Sum: 2.3]
         [Processed Buffers: Min: 2, Avg: 2.8, Max: 4, Diff: 2, Sum: 28]
      [Scan RS (ms): Min: 0.0, Avg: 0.0, Max: 0.0, Diff: 0.0, Sum: 0.0]
      [Code Root Scanning (ms): Min: 0.0, Avg: 0.0, Max: 0.0, Diff: 0.0, Sum: 0.0]
      [Object Copy (ms): Min: 0.6, Avg: 0.6, Max: 0.7, Diff: 0.2, Sum: 6.2]
      [Termination (ms): Min: 0.0, Avg: 0.2, Max: 0.2, Diff: 0.2, Sum: 1.9]
         [Termination Attempts: Min: 1, Avg: 1.0, Max: 1, Diff: 0, Sum: 10]
      [GC Worker Other (ms): Min: 0.0, Avg: 0.0, Max: 0.0, Diff: 0.0, Sum: 0.1]
      [GC Worker Total (ms): Min: 1.1, Avg: 1.2, Max: 1.2, Diff: 0.2, Sum: 11.7]
      [GC Worker End (ms): Min: 324.5, Avg: 324.5, Max: 324.6, Diff: 0.1]
   [Code Root Fixup: 0.0 ms]
   [Code Root Purge: 0.0 ms]
   [Clear CT: 0.1 ms]
   [Other: 0.5 ms]
      [Choose CSet: 0.0 ms]
      [Ref Proc: 0.2 ms]
      [Ref Enq: 0.0 ms]
      [Redirty Cards: 0.1 ms]
      [Humongous Register: 0.0 ms]
      [Humongous Reclaim: 0.0 ms]
      [Free CSet: 0.0 ms]
   [Eden: 25.0M(25.0M)->0.0B(8192.0K) Survivors: 2048.0K->4096.0K Heap: 195.1M(256.0M)->177.3M(256.0M)]
 [Times: user=0.01 sys=0.00, real=0.01 secs] 
2020-10-26T00:09:43.382-0800: [GC pause (G1 Evacuation Pause) (mixed), 0.0021036 secs]
   [Parallel Time: 1.5 ms, GC Workers: 10]
      [GC Worker Start (ms): Min: 327.3, Avg: 327.3, Max: 327.4, Diff: 0.1]
      [Ext Root Scanning (ms): Min: 0.1, Avg: 0.1, Max: 0.2, Diff: 0.1, Sum: 1.2]
      [Update RS (ms): Min: 0.3, Avg: 0.3, Max: 0.3, Diff: 0.1, Sum: 2.8]
         [Processed Buffers: Min: 2, Avg: 2.9, Max: 3, Diff: 1, Sum: 29]
      [Scan RS (ms): Min: 0.0, Avg: 0.0, Max: 0.0, Diff: 0.0, Sum: 0.1]
      [Code Root Scanning (ms): Min: 0.0, Avg: 0.0, Max: 0.0, Diff: 0.0, Sum: 0.0]
      [Object Copy (ms): Min: 1.0, Avg: 1.0, Max: 1.0, Diff: 0.0, Sum: 10.0]
      [Termination (ms): Min: 0.0, Avg: 0.0, Max: 0.0, Diff: 0.0, Sum: 0.2]
         [Termination Attempts: Min: 1, Avg: 1.1, Max: 2, Diff: 1, Sum: 11]
      [GC Worker Other (ms): Min: 0.0, Avg: 0.0, Max: 0.0, Diff: 0.0, Sum: 0.1]
      [GC Worker Total (ms): Min: 1.4, Avg: 1.4, Max: 1.5, Diff: 0.1, Sum: 14.4]
      [GC Worker End (ms): Min: 328.7, Avg: 328.7, Max: 328.8, Diff: 0.0]
   [Code Root Fixup: 0.0 ms]
   [Code Root Purge: 0.0 ms]
   [Clear CT: 0.1 ms]
   [Other: 0.5 ms]
      [Choose CSet: 0.0 ms]
      [Ref Proc: 0.2 ms]
      [Ref Enq: 0.0 ms]
      [Redirty Cards: 0.1 ms]
      [Humongous Register: 0.0 ms]
      [Humongous Reclaim: 0.0 ms]
      [Free CSet: 0.0 ms]
   [Eden: 8192.0K(8192.0K)->0.0B(18.0M) Survivors: 4096.0K->2048.0K Heap: 188.9M(256.0M)->174.7M(256.0M)]
 [Times: user=0.01 sys=0.00, real=0.00 secs] 
2020-10-26T00:09:43.385-0800: [GC pause (G1 Humongous Allocation) (young) (initial-mark), 0.0013711 secs]
   [Parallel Time: 0.6 ms, GC Workers: 10]
      [GC Worker Start (ms): Min: 330.8, Avg: 330.9, Max: 330.9, Diff: 0.1]
      [Ext Root Scanning (ms): Min: 0.1, Avg: 0.1, Max: 0.2, Diff: 0.1, Sum: 1.2]
      [Update RS (ms): Min: 0.0, Avg: 0.0, Max: 0.1, Diff: 0.0, Sum: 0.3]
         [Processed Buffers: Min: 0, Avg: 1.1, Max: 2, Diff: 2, Sum: 11]
      [Scan RS (ms): Min: 0.0, Avg: 0.0, Max: 0.0, Diff: 0.0, Sum: 0.0]
      [Code Root Scanning (ms): Min: 0.0, Avg: 0.0, Max: 0.0, Diff: 0.0, Sum: 0.0]
      [Object Copy (ms): Min: 0.2, Avg: 0.2, Max: 0.3, Diff: 0.1, Sum: 2.4]
      [Termination (ms): Min: 0.0, Avg: 0.1, Max: 0.1, Diff: 0.1, Sum: 0.9]
         [Termination Attempts: Min: 1, Avg: 1.0, Max: 1, Diff: 0, Sum: 10]
      [GC Worker Other (ms): Min: 0.0, Avg: 0.0, Max: 0.0, Diff: 0.0, Sum: 0.1]
      [GC Worker Total (ms): Min: 0.4, Avg: 0.5, Max: 0.6, Diff: 0.1, Sum: 5.0]
      [GC Worker End (ms): Min: 331.4, Avg: 331.4, Max: 331.4, Diff: 0.1]
   [Code Root Fixup: 0.0 ms]
   [Code Root Purge: 0.0 ms]
   [Clear CT: 0.2 ms]
   [Other: 0.6 ms]
      [Choose CSet: 0.0 ms]
      [Ref Proc: 0.3 ms]
      [Ref Enq: 0.0 ms]
      [Redirty Cards: 0.2 ms]
      [Humongous Register: 0.0 ms]
      [Humongous Reclaim: 0.0 ms]
      [Free CSet: 0.0 ms]
   [Eden: 8192.0K(18.0M)->0.0B(16.0M) Survivors: 2048.0K->3072.0K Heap: 182.7M(256.0M)->177.9M(256.0M)]
 [Times: user=0.00 sys=0.01, real=0.00 secs] 
2020-10-26T00:09:43.387-0800: [GC concurrent-root-region-scan-start]
2020-10-26T00:09:43.387-0800: [GC concurrent-root-region-scan-end, 0.0001368 secs]
2020-10-26T00:09:43.387-0800: [GC concurrent-mark-start]
2020-10-26T00:09:43.388-0800: [GC concurrent-mark-end, 0.0008487 secs]
2020-10-26T00:09:43.388-0800: [GC remark 2020-10-26T00:09:43.388-0800: [Finalize Marking, 0.0002410 secs] 2020-10-26T00:09:43.388-0800: [GC ref-proc, 0.0000616 secs] 2020-10-26T00:09:43.388-0800: [Unloading, 0.0004761 secs], 0.0012929 secs]
 [Times: user=0.01 sys=0.00, real=0.00 secs] 
2020-10-26T00:09:43.389-0800: [GC cleanup 182M->182M(256M), 0.0007129 secs]
 [Times: user=0.00 sys=0.00, real=0.01 secs] 
2020-10-26T00:09:43.393-0800: [GC pause (G1 Evacuation Pause) (young), 0.0015731 secs]
   [Parallel Time: 0.9 ms, GC Workers: 10]
      [GC Worker Start (ms): Min: 339.2, Avg: 339.2, Max: 339.3, Diff: 0.1]
      [Ext Root Scanning (ms): Min: 0.1, Avg: 0.1, Max: 0.2, Diff: 0.1, Sum: 1.2]
      [Update RS (ms): Min: 0.2, Avg: 0.3, Max: 0.4, Diff: 0.2, Sum: 2.7]
         [Processed Buffers: Min: 1, Avg: 3.2, Max: 5, Diff: 4, Sum: 32]
      [Scan RS (ms): Min: 0.0, Avg: 0.0, Max: 0.0, Diff: 0.0, Sum: 0.0]
      [Code Root Scanning (ms): Min: 0.0, Avg: 0.0, Max: 0.0, Diff: 0.0, Sum: 0.0]
      [Object Copy (ms): Min: 0.2, Avg: 0.4, Max: 0.4, Diff: 0.3, Sum: 3.7]
      [Termination (ms): Min: 0.0, Avg: 0.0, Max: 0.1, Diff: 0.1, Sum: 0.5]
         [Termination Attempts: Min: 1, Avg: 1.0, Max: 1, Diff: 0, Sum: 10]
      [GC Worker Other (ms): Min: 0.0, Avg: 0.0, Max: 0.0, Diff: 0.0, Sum: 0.1]
      [GC Worker Total (ms): Min: 0.8, Avg: 0.8, Max: 0.9, Diff: 0.2, Sum: 8.2]
      [GC Worker End (ms): Min: 340.0, Avg: 340.0, Max: 340.1, Diff: 0.0]
   [Code Root Fixup: 0.0 ms]
   [Code Root Purge: 0.0 ms]
   [Clear CT: 0.2 ms]
   [Other: 0.5 ms]
      [Choose CSet: 0.0 ms]
      [Ref Proc: 0.2 ms]
      [Ref Enq: 0.0 ms]
      [Redirty Cards: 0.1 ms]
      [Humongous Register: 0.0 ms]
      [Humongous Reclaim: 0.0 ms]
      [Free CSet: 0.0 ms]
   [Eden: 16.0M(16.0M)->0.0B(9216.0K) Survivors: 3072.0K->3072.0K Heap: 196.6M(256.0M)->183.8M(256.0M)]
 [Times: user=0.00 sys=0.00, real=0.00 secs] 
2020-10-26T00:09:43.398-0800: [GC pause (G1 Evacuation Pause) (mixed), 0.0020958 secs]
   [Parallel Time: 1.4 ms, GC Workers: 10]
      [GC Worker Start (ms): Min: 343.3, Avg: 343.4, Max: 343.4, Diff: 0.1]
      [Ext Root Scanning (ms): Min: 0.0, Avg: 0.1, Max: 0.2, Diff: 0.1, Sum: 1.0]
      [Update RS (ms): Min: 0.1, Avg: 0.2, Max: 0.2, Diff: 0.1, Sum: 1.6]
         [Processed Buffers: Min: 2, Avg: 2.6, Max: 3, Diff: 1, Sum: 26]
      [Scan RS (ms): Min: 0.0, Avg: 0.0, Max: 0.0, Diff: 0.0, Sum: 0.1]
      [Code Root Scanning (ms): Min: 0.0, Avg: 0.0, Max: 0.0, Diff: 0.0, Sum: 0.0]
      [Object Copy (ms): Min: 1.0, Avg: 1.0, Max: 1.1, Diff: 0.1, Sum: 10.2]
      [Termination (ms): Min: 0.0, Avg: 0.0, Max: 0.1, Diff: 0.1, Sum: 0.4]
         [Termination Attempts: Min: 1, Avg: 1.0, Max: 1, Diff: 0, Sum: 10]
      [GC Worker Other (ms): Min: 0.0, Avg: 0.0, Max: 0.0, Diff: 0.0, Sum: 0.1]
      [GC Worker Total (ms): Min: 1.3, Avg: 1.3, Max: 1.4, Diff: 0.1, Sum: 13.4]
      [GC Worker End (ms): Min: 344.7, Avg: 344.7, Max: 344.7, Diff: 0.0]
   [Code Root Fixup: 0.0 ms]
   [Code Root Purge: 0.0 ms]
   [Clear CT: 0.1 ms]
   [Other: 0.5 ms]
      [Choose CSet: 0.0 ms]
      [Ref Proc: 0.3 ms]
      [Ref Enq: 0.0 ms]
      [Redirty Cards: 0.1 ms]
      [Humongous Register: 0.0 ms]
      [Humongous Reclaim: 0.0 ms]
      [Free CSet: 0.0 ms]
   [Eden: 9216.0K(9216.0K)->0.0B(14.0M) Survivors: 3072.0K->2048.0K Heap: 194.6M(256.0M)->181.3M(256.0M)]
 [Times: user=0.01 sys=0.00, real=0.01 secs] 
2020-10-26T00:09:43.402-0800: [GC pause (G1 Humongous Allocation) (young) (initial-mark), 0.0012993 secs]
   [Parallel Time: 0.6 ms, GC Workers: 10]
      [GC Worker Start (ms): Min: 348.0, Avg: 348.1, Max: 348.1, Diff: 0.1]
      [Ext Root Scanning (ms): Min: 0.1, Avg: 0.1, Max: 0.2, Diff: 0.1, Sum: 1.2]
      [Update RS (ms): Min: 0.0, Avg: 0.1, Max: 0.2, Diff: 0.1, Sum: 0.5]
         [Processed Buffers: Min: 0, Avg: 1.1, Max: 2, Diff: 2, Sum: 11]
      [Scan RS (ms): Min: 0.0, Avg: 0.0, Max: 0.0, Diff: 0.0, Sum: 0.0]
      [Code Root Scanning (ms): Min: 0.0, Avg: 0.0, Max: 0.0, Diff: 0.0, Sum: 0.0]
      [Object Copy (ms): Min: 0.1, Avg: 0.2, Max: 0.3, Diff: 0.1, Sum: 2.3]
      [Termination (ms): Min: 0.0, Avg: 0.1, Max: 0.1, Diff: 0.1, Sum: 0.8]
         [Termination Attempts: Min: 1, Avg: 1.1, Max: 2, Diff: 1, Sum: 11]
      [GC Worker Other (ms): Min: 0.0, Avg: 0.0, Max: 0.0, Diff: 0.0, Sum: 0.1]
      [GC Worker Total (ms): Min: 0.4, Avg: 0.5, Max: 0.5, Diff: 0.1, Sum: 4.9]
      [GC Worker End (ms): Min: 348.5, Avg: 348.6, Max: 348.6, Diff: 0.1]
   [Code Root Fixup: 0.0 ms]
   [Code Root Purge: 0.0 ms]
   [Clear CT: 0.2 ms]
   [Other: 0.5 ms]
      [Choose CSet: 0.0 ms]
      [Ref Proc: 0.2 ms]
      [Ref Enq: 0.0 ms]
      [Redirty Cards: 0.1 ms]
      [Humongous Register: 0.0 ms]
      [Humongous Reclaim: 0.0 ms]
      [Free CSet: 0.0 ms]
   [Eden: 9216.0K(14.0M)->0.0B(12.0M) Survivors: 2048.0K->2048.0K Heap: 190.2M(256.0M)->183.1M(256.0M)]
 [Times: user=0.01 sys=0.00, real=0.00 secs] 
2020-10-26T00:09:43.404-0800: [GC concurrent-root-region-scan-start]
2020-10-26T00:09:43.404-0800: [GC concurrent-root-region-scan-end, 0.0001385 secs]
2020-10-26T00:09:43.404-0800: [GC concurrent-mark-start]
2020-10-26T00:09:43.405-0800: [GC concurrent-mark-end, 0.0008900 secs]
2020-10-26T00:09:43.405-0800: [GC remark 2020-10-26T00:09:43.405-0800: [Finalize Marking, 0.0002195 secs] 2020-10-26T00:09:43.405-0800: [GC ref-proc, 0.0000578 secs] 2020-10-26T00:09:43.405-0800: [Unloading, 0.0004335 secs], 0.0012125 secs]
 [Times: user=0.01 sys=0.00, real=0.00 secs] 
2020-10-26T00:09:43.406-0800: [GC cleanup 187M->187M(256M), 0.0006782 secs]
 [Times: user=0.00 sys=0.00, real=0.00 secs] 
2020-10-26T00:09:43.409-0800: [GC pause (G1 Evacuation Pause) (young), 0.0015577 secs]
   [Parallel Time: 0.9 ms, GC Workers: 10]
      [GC Worker Start (ms): Min: 355.1, Avg: 355.2, Max: 355.2, Diff: 0.1]
      [Ext Root Scanning (ms): Min: 0.1, Avg: 0.1, Max: 0.2, Diff: 0.1, Sum: 1.1]
      [Update RS (ms): Min: 0.2, Avg: 0.3, Max: 0.3, Diff: 0.1, Sum: 2.8]
         [Processed Buffers: Min: 1, Avg: 2.9, Max: 4, Diff: 3, Sum: 29]
      [Scan RS (ms): Min: 0.0, Avg: 0.0, Max: 0.0, Diff: 0.0, Sum: 0.0]
      [Code Root Scanning (ms): Min: 0.0, Avg: 0.0, Max: 0.0, Diff: 0.0, Sum: 0.0]
      [Object Copy (ms): Min: 0.3, Avg: 0.3, Max: 0.3, Diff: 0.1, Sum: 3.0]
      [Termination (ms): Min: 0.0, Avg: 0.1, Max: 0.1, Diff: 0.1, Sum: 0.9]
         [Termination Attempts: Min: 1, Avg: 1.0, Max: 1, Diff: 0, Sum: 10]
      [GC Worker Other (ms): Min: 0.0, Avg: 0.0, Max: 0.0, Diff: 0.0, Sum: 0.1]
      [GC Worker Total (ms): Min: 0.7, Avg: 0.8, Max: 0.9, Diff: 0.1, Sum: 7.9]
      [GC Worker End (ms): Min: 355.9, Avg: 356.0, Max: 356.0, Diff: 0.1]
   [Code Root Fixup: 0.0 ms]
   [Code Root Purge: 0.0 ms]
   [Clear CT: 0.1 ms]
   [Other: 0.5 ms]
      [Choose CSet: 0.0 ms]
      [Ref Proc: 0.2 ms]
      [Ref Enq: 0.0 ms]
      [Redirty Cards: 0.2 ms]
      [Humongous Register: 0.0 ms]
      [Humongous Reclaim: 0.0 ms]
      [Free CSet: 0.0 ms]
   [Eden: 12.0M(12.0M)->0.0B(10.0M) Survivors: 2048.0K->2048.0K Heap: 200.6M(256.0M)->189.4M(256.0M)]
 [Times: user=0.01 sys=0.00, real=0.01 secs] 
2020-10-26T00:09:43.414-0800: [GC pause (G1 Evacuation Pause) (mixed), 0.0022977 secs]
   [Parallel Time: 1.7 ms, GC Workers: 10]
      [GC Worker Start (ms): Min: 359.4, Avg: 359.4, Max: 359.5, Diff: 0.1]
      [Ext Root Scanning (ms): Min: 0.1, Avg: 0.1, Max: 0.2, Diff: 0.2, Sum: 1.2]
      [Update RS (ms): Min: 0.2, Avg: 0.3, Max: 0.4, Diff: 0.2, Sum: 3.1]
         [Processed Buffers: Min: 2, Avg: 3.4, Max: 4, Diff: 2, Sum: 34]
      [Scan RS (ms): Min: 0.0, Avg: 0.0, Max: 0.0, Diff: 0.0, Sum: 0.1]
      [Code Root Scanning (ms): Min: 0.0, Avg: 0.0, Max: 0.0, Diff: 0.0, Sum: 0.0]
      [Object Copy (ms): Min: 1.0, Avg: 1.0, Max: 1.0, Diff: 0.1, Sum: 10.0]
      [Termination (ms): Min: 0.0, Avg: 0.0, Max: 0.1, Diff: 0.1, Sum: 0.5]
         [Termination Attempts: Min: 1, Avg: 1.0, Max: 1, Diff: 0, Sum: 10]
      [GC Worker Other (ms): Min: 0.0, Avg: 0.0, Max: 0.0, Diff: 0.0, Sum: 0.1]
      [GC Worker Total (ms): Min: 1.4, Avg: 1.5, Max: 1.6, Diff: 0.1, Sum: 14.9]
      [GC Worker End (ms): Min: 360.9, Avg: 360.9, Max: 360.9, Diff: 0.0]
   [Code Root Fixup: 0.0 ms]
   [Code Root Purge: 0.0 ms]
   [Clear CT: 0.1 ms]
   [Other: 0.5 ms]
      [Choose CSet: 0.0 ms]
      [Ref Proc: 0.2 ms]
      [Ref Enq: 0.0 ms]
      [Redirty Cards: 0.1 ms]
      [Humongous Register: 0.0 ms]
      [Humongous Reclaim: 0.0 ms]
      [Free CSet: 0.0 ms]
   [Eden: 10.0M(10.0M)->0.0B(10.0M) Survivors: 2048.0K->2048.0K Heap: 203.9M(256.0M)->191.7M(256.0M)]
 [Times: user=0.02 sys=0.01, real=0.00 secs] 
2020-10-26T00:09:43.416-0800: [GC pause (G1 Humongous Allocation) (young) (initial-mark), 0.0010992 secs]
   [Parallel Time: 0.5 ms, GC Workers: 10]
      [GC Worker Start (ms): Min: 362.0, Avg: 362.1, Max: 362.1, Diff: 0.1]
      [Ext Root Scanning (ms): Min: 0.1, Avg: 0.1, Max: 0.2, Diff: 0.1, Sum: 1.2]
      [Update RS (ms): Min: 0.0, Avg: 0.0, Max: 0.1, Diff: 0.1, Sum: 0.4]
         [Processed Buffers: Min: 1, Avg: 1.1, Max: 2, Diff: 1, Sum: 11]
      [Scan RS (ms): Min: 0.0, Avg: 0.0, Max: 0.0, Diff: 0.0, Sum: 0.0]
      [Code Root Scanning (ms): Min: 0.0, Avg: 0.0, Max: 0.0, Diff: 0.0, Sum: 0.0]
      [Object Copy (ms): Min: 0.0, Avg: 0.1, Max: 0.2, Diff: 0.2, Sum: 0.6]
      [Termination (ms): Min: 0.0, Avg: 0.1, Max: 0.2, Diff: 0.2, Sum: 1.1]
         [Termination Attempts: Min: 1, Avg: 1.0, Max: 1, Diff: 0, Sum: 10]
      [GC Worker Other (ms): Min: 0.0, Avg: 0.0, Max: 0.0, Diff: 0.0, Sum: 0.1]
      [GC Worker Total (ms): Min: 0.3, Avg: 0.3, Max: 0.4, Diff: 0.2, Sum: 3.3]
      [GC Worker End (ms): Min: 362.4, Avg: 362.4, Max: 362.5, Diff: 0.1]
   [Code Root Fixup: 0.0 ms]
   [Code Root Purge: 0.0 ms]
   [Clear CT: 0.1 ms]
   [Other: 0.4 ms]
      [Choose CSet: 0.0 ms]
      [Ref Proc: 0.2 ms]
      [Ref Enq: 0.0 ms]
      [Redirty Cards: 0.1 ms]
      [Humongous Register: 0.0 ms]
      [Humongous Reclaim: 0.0 ms]
      [Free CSet: 0.0 ms]
   [Eden: 1024.0K(10.0M)->0.0B(12.0M) Survivors: 2048.0K->0.0B Heap: 192.0M(256.0M)->191.0M(256.0M)]
 [Times: user=0.00 sys=0.00, real=0.00 secs] 
2020-10-26T00:09:43.418-0800: [GC concurrent-root-region-scan-start]
2020-10-26T00:09:43.418-0800: [GC concurrent-root-region-scan-end, 0.0000249 secs]
2020-10-26T00:09:43.418-0800: [GC concurrent-mark-start]
2020-10-26T00:09:43.419-0800: [GC concurrent-mark-end, 0.0009988 secs]
2020-10-26T00:09:43.419-0800: [GC remark 2020-10-26T00:09:43.419-0800: [Finalize Marking, 0.0001968 secs] 2020-10-26T00:09:43.419-0800: [GC ref-proc, 0.0000590 secs] 2020-10-26T00:09:43.419-0800: [Unloading, 0.0004437 secs], 0.0011793 secs]
 [Times: user=0.00 sys=0.00, real=0.01 secs] 
2020-10-26T00:09:43.420-0800: [GC cleanup 197M->197M(256M), 0.0006590 secs]
 [Times: user=0.00 sys=0.00, real=0.00 secs] 
2020-10-26T00:09:43.422-0800: [GC pause (G1 Evacuation Pause) (young), 0.0017062 secs]
   [Parallel Time: 0.8 ms, GC Workers: 10]
      [GC Worker Start (ms): Min: 367.7, Avg: 367.7, Max: 367.8, Diff: 0.1]
      [Ext Root Scanning (ms): Min: 0.0, Avg: 0.1, Max: 0.2, Diff: 0.1, Sum: 0.8]
      [Update RS (ms): Min: 0.3, Avg: 0.3, Max: 0.4, Diff: 0.1, Sum: 3.3]
         [Processed Buffers: Min: 3, Avg: 3.7, Max: 4, Diff: 1, Sum: 37]
      [Scan RS (ms): Min: 0.0, Avg: 0.0, Max: 0.0, Diff: 0.0, Sum: 0.0]
      [Code Root Scanning (ms): Min: 0.0, Avg: 0.0, Max: 0.0, Diff: 0.0, Sum: 0.0]
      [Object Copy (ms): Min: 0.2, Avg: 0.2, Max: 0.3, Diff: 0.1, Sum: 2.0]
      [Termination (ms): Min: 0.0, Avg: 0.1, Max: 0.1, Diff: 0.1, Sum: 0.7]
         [Termination Attempts: Min: 1, Avg: 1.0, Max: 1, Diff: 0, Sum: 10]
      [GC Worker Other (ms): Min: 0.0, Avg: 0.0, Max: 0.0, Diff: 0.0, Sum: 0.1]
      [GC Worker Total (ms): Min: 0.6, Avg: 0.7, Max: 0.8, Diff: 0.2, Sum: 6.9]
      [GC Worker End (ms): Min: 368.4, Avg: 368.4, Max: 368.5, Diff: 0.1]
   [Code Root Fixup: 0.0 ms]
   [Code Root Purge: 0.0 ms]
   [Clear CT: 0.1 ms]
   [Other: 0.8 ms]
      [Choose CSet: 0.0 ms]
      [Ref Proc: 0.5 ms]
      [Ref Enq: 0.0 ms]
      [Redirty Cards: 0.1 ms]
      [Humongous Register: 0.0 ms]
      [Humongous Reclaim: 0.0 ms]
      [Free CSet: 0.0 ms]
   [Eden: 12.0M(12.0M)->0.0B(10.0M) Survivors: 0.0B->2048.0K Heap: 206.9M(256.0M)->198.4M(256.0M)]
 [Times: user=0.01 sys=0.00, real=0.00 secs] 
2020-10-26T00:09:43.426-0800: [GC pause (G1 Evacuation Pause) (mixed) (to-space exhausted), 0.0020663 secs]
   [Parallel Time: 1.1 ms, GC Workers: 10]
      [GC Worker Start (ms): Min: 371.3, Avg: 371.4, Max: 371.4, Diff: 0.1]
      [Ext Root Scanning (ms): Min: 0.1, Avg: 0.1, Max: 0.2, Diff: 0.1, Sum: 1.1]
      [Update RS (ms): Min: 0.1, Avg: 0.2, Max: 0.2, Diff: 0.1, Sum: 1.8]
         [Processed Buffers: Min: 2, Avg: 2.8, Max: 4, Diff: 2, Sum: 28]
      [Scan RS (ms): Min: 0.0, Avg: 0.0, Max: 0.0, Diff: 0.0, Sum: 0.1]
      [Code Root Scanning (ms): Min: 0.0, Avg: 0.0, Max: 0.0, Diff: 0.0, Sum: 0.0]
      [Object Copy (ms): Min: 0.6, Avg: 0.6, Max: 0.7, Diff: 0.1, Sum: 6.2]
      [Termination (ms): Min: 0.0, Avg: 0.0, Max: 0.1, Diff: 0.1, Sum: 0.4]
         [Termination Attempts: Min: 1, Avg: 1.0, Max: 1, Diff: 0, Sum: 10]
      [GC Worker Other (ms): Min: 0.0, Avg: 0.0, Max: 0.0, Diff: 0.0, Sum: 0.1]
      [GC Worker Total (ms): Min: 0.9, Avg: 1.0, Max: 1.0, Diff: 0.1, Sum: 9.7]
      [GC Worker End (ms): Min: 372.4, Avg: 372.4, Max: 372.4, Diff: 0.0]
   [Code Root Fixup: 0.0 ms]
   [Code Root Purge: 0.0 ms]
   [Clear CT: 0.1 ms]
   [Other: 0.8 ms]
      [Evacuation Failure: 0.2 ms]
      [Choose CSet: 0.0 ms]
      [Ref Proc: 0.4 ms]
      [Ref Enq: 0.0 ms]
      [Redirty Cards: 0.2 ms]
      [Humongous Register: 0.0 ms]
      [Humongous Reclaim: 0.0 ms]
      [Free CSet: 0.0 ms]
   [Eden: 10.0M(10.0M)->0.0B(10.0M) Survivors: 2048.0K->2048.0K Heap: 210.5M(256.0M)->206.2M(256.0M)]
 [Times: user=0.01 sys=0.00, real=0.00 secs] 
2020-10-26T00:09:43.430-0800: [GC pause (G1 Humongous Allocation) (young) (initial-mark), 0.0015218 secs]
   [Parallel Time: 0.8 ms, GC Workers: 10]
      [GC Worker Start (ms): Min: 375.2, Avg: 375.3, Max: 375.3, Diff: 0.1]
      [Ext Root Scanning (ms): Min: 0.1, Avg: 0.1, Max: 0.2, Diff: 0.1, Sum: 1.1]
      [Update RS (ms): Min: 0.0, Avg: 0.0, Max: 0.1, Diff: 0.0, Sum: 0.4]
         [Processed Buffers: Min: 1, Avg: 2.1, Max: 6, Diff: 5, Sum: 21]
      [Scan RS (ms): Min: 0.0, Avg: 0.0, Max: 0.0, Diff: 0.0, Sum: 0.0]
      [Code Root Scanning (ms): Min: 0.0, Avg: 0.0, Max: 0.0, Diff: 0.0, Sum: 0.0]
      [Object Copy (ms): Min: 0.1, Avg: 0.2, Max: 0.3, Diff: 0.2, Sum: 1.7]
      [Termination (ms): Min: 0.0, Avg: 0.2, Max: 0.4, Diff: 0.4, Sum: 2.3]
         [Termination Attempts: Min: 1, Avg: 1.0, Max: 1, Diff: 0, Sum: 10]
      [GC Worker Other (ms): Min: 0.0, Avg: 0.0, Max: 0.0, Diff: 0.0, Sum: 0.1]
      [GC Worker Total (ms): Min: 0.5, Avg: 0.6, Max: 0.7, Diff: 0.2, Sum: 5.5]
      [GC Worker End (ms): Min: 375.8, Avg: 375.8, Max: 376.0, Diff: 0.2]
   [Code Root Fixup: 0.0 ms]
   [Code Root Purge: 0.0 ms]
   [Clear CT: 0.1 ms]
   [Other: 0.6 ms]
      [Choose CSet: 0.0 ms]
      [Ref Proc: 0.3 ms]
      [Ref Enq: 0.0 ms]
      [Redirty Cards: 0.1 ms]
      [Humongous Register: 0.0 ms]
      [Humongous Reclaim: 0.0 ms]
      [Free CSet: 0.0 ms]
   [Eden: 9216.0K(10.0M)->0.0B(10.0M) Survivors: 2048.0K->2048.0K Heap: 214.4M(256.0M)->207.3M(256.0M)]
 [Times: user=0.01 sys=0.00, real=0.00 secs] 
2020-10-26T00:09:43.431-0800: [GC concurrent-root-region-scan-start]
2020-10-26T00:09:43.431-0800: [GC concurrent-root-region-scan-end, 0.0001066 secs]
2020-10-26T00:09:43.431-0800: [GC concurrent-mark-start]
2020-10-26T00:09:43.432-0800: [GC concurrent-mark-end, 0.0006672 secs]
2020-10-26T00:09:43.432-0800: [GC remark 2020-10-26T00:09:43.432-0800: [Finalize Marking, 0.0002849 secs] 2020-10-26T00:09:43.432-0800: [GC ref-proc, 0.0000549 secs] 2020-10-26T00:09:43.433-0800: [Unloading, 0.0004513 secs], 0.0013238 secs]
 [Times: user=0.01 sys=0.00, real=0.00 secs] 
2020-10-26T00:09:43.434-0800: [GC cleanup 213M->213M(256M), 0.0005043 secs]
 [Times: user=0.00 sys=0.00, real=0.00 secs] 
2020-10-26T00:09:43.435-0800: [GC pause (G1 Evacuation Pause) (young) (to-space exhausted), 0.0012501 secs]
   [Parallel Time: 0.6 ms, GC Workers: 10]
      [GC Worker Start (ms): Min: 380.7, Avg: 380.8, Max: 380.8, Diff: 0.1]
      [Ext Root Scanning (ms): Min: 0.0, Avg: 0.1, Max: 0.2, Diff: 0.1, Sum: 1.0]
      [Update RS (ms): Min: 0.3, Avg: 0.3, Max: 0.4, Diff: 0.1, Sum: 3.4]
         [Processed Buffers: Min: 3, Avg: 4.2, Max: 6, Diff: 3, Sum: 42]
      [Scan RS (ms): Min: 0.0, Avg: 0.0, Max: 0.0, Diff: 0.0, Sum: 0.0]
      [Code Root Scanning (ms): Min: 0.0, Avg: 0.0, Max: 0.0, Diff: 0.0, Sum: 0.0]
      [Object Copy (ms): Min: 0.0, Avg: 0.1, Max: 0.1, Diff: 0.1, Sum: 0.6]
      [Termination (ms): Min: 0.0, Avg: 0.0, Max: 0.0, Diff: 0.0, Sum: 0.2]
         [Termination Attempts: Min: 1, Avg: 1.0, Max: 1, Diff: 0, Sum: 10]
      [GC Worker Other (ms): Min: 0.0, Avg: 0.0, Max: 0.0, Diff: 0.0, Sum: 0.1]
      [GC Worker Total (ms): Min: 0.5, Avg: 0.5, Max: 0.6, Diff: 0.1, Sum: 5.2]
      [GC Worker End (ms): Min: 381.3, Avg: 381.3, Max: 381.3, Diff: 0.0]
   [Code Root Fixup: 0.0 ms]
   [Code Root Purge: 0.0 ms]
   [Clear CT: 0.1 ms]
   [Other: 0.5 ms]
      [Evacuation Failure: 0.1 ms]
      [Choose CSet: 0.0 ms]
      [Ref Proc: 0.2 ms]
      [Ref Enq: 0.0 ms]
      [Redirty Cards: 0.1 ms]
      [Humongous Register: 0.0 ms]
      [Humongous Reclaim: 0.0 ms]
      [Free CSet: 0.0 ms]
   [Eden: 7168.0K(10.0M)->0.0B(12.0M) Survivors: 2048.0K->0.0B Heap: 218.2M(256.0M)->214.7M(256.0M)]
 [Times: user=0.00 sys=0.00, real=0.00 secs] 
2020-10-26T00:09:43.438-0800: [GC pause (G1 Evacuation Pause) (mixed) (to-space exhausted), 0.0011078 secs]
   [Parallel Time: 0.5 ms, GC Workers: 10]
      [GC Worker Start (ms): Min: 383.4, Avg: 383.4, Max: 383.4, Diff: 0.1]
      [Ext Root Scanning (ms): Min: 0.1, Avg: 0.1, Max: 0.2, Diff: 0.1, Sum: 1.1]
      [Update RS (ms): Min: 0.0, Avg: 0.1, Max: 0.1, Diff: 0.1, Sum: 0.6]
         [Processed Buffers: Min: 1, Avg: 2.5, Max: 5, Diff: 4, Sum: 25]
      [Scan RS (ms): Min: 0.0, Avg: 0.0, Max: 0.0, Diff: 0.0, Sum: 0.1]
      [Code Root Scanning (ms): Min: 0.0, Avg: 0.0, Max: 0.0, Diff: 0.0, Sum: 0.0]
      [Object Copy (ms): Min: 0.1, Avg: 0.2, Max: 0.2, Diff: 0.1, Sum: 1.6]
      [Termination (ms): Min: 0.0, Avg: 0.1, Max: 0.1, Diff: 0.1, Sum: 0.6]
         [Termination Attempts: Min: 1, Avg: 1.0, Max: 1, Diff: 0, Sum: 10]
      [GC Worker Other (ms): Min: 0.0, Avg: 0.0, Max: 0.0, Diff: 0.0, Sum: 0.1]
      [GC Worker Total (ms): Min: 0.4, Avg: 0.4, Max: 0.5, Diff: 0.1, Sum: 4.2]
      [GC Worker End (ms): Min: 383.8, Avg: 383.8, Max: 383.8, Diff: 0.1]
   [Code Root Fixup: 0.0 ms]
   [Code Root Purge: 0.0 ms]
   [Clear CT: 0.1 ms]
   [Other: 0.5 ms]
      [Evacuation Failure: 0.1 ms]
      [Choose CSet: 0.0 ms]
      [Ref Proc: 0.2 ms]
      [Ref Enq: 0.0 ms]
      [Redirty Cards: 0.1 ms]
      [Humongous Register: 0.0 ms]
      [Humongous Reclaim: 0.0 ms]
      [Free CSet: 0.0 ms]
   [Eden: 5120.0K(12.0M)->0.0B(12.0M) Survivors: 0.0B->0.0B Heap: 220.3M(256.0M)->218.5M(256.0M)]
 [Times: user=0.00 sys=0.00, real=0.00 secs] 
2020-10-26T00:09:43.439-0800: [GC pause (G1 Humongous Allocation) (mixed) (to-space exhausted), 0.0007842 secs]
   [Parallel Time: 0.3 ms, GC Workers: 10]
      [GC Worker Start (ms): Min: 385.1, Avg: 385.1, Max: 385.1, Diff: 0.1]
      [Ext Root Scanning (ms): Min: 0.1, Avg: 0.1, Max: 0.1, Diff: 0.1, Sum: 1.1]
      [Update RS (ms): Min: 0.0, Avg: 0.0, Max: 0.0, Diff: 0.0, Sum: 0.3]
         [Processed Buffers: Min: 1, Avg: 2.4, Max: 5, Diff: 4, Sum: 24]
      [Scan RS (ms): Min: 0.0, Avg: 0.0, Max: 0.0, Diff: 0.0, Sum: 0.0]
      [Code Root Scanning (ms): Min: 0.0, Avg: 0.0, Max: 0.0, Diff: 0.0, Sum: 0.0]
      [Object Copy (ms): Min: 0.0, Avg: 0.0, Max: 0.0, Diff: 0.0, Sum: 0.2]
      [Termination (ms): Min: 0.0, Avg: 0.0, Max: 0.0, Diff: 0.0, Sum: 0.2]
         [Termination Attempts: Min: 1, Avg: 1.0, Max: 1, Diff: 0, Sum: 10]
      [GC Worker Other (ms): Min: 0.0, Avg: 0.0, Max: 0.0, Diff: 0.0, Sum: 0.1]
      [GC Worker Total (ms): Min: 0.2, Avg: 0.2, Max: 0.2, Diff: 0.1, Sum: 1.9]
      [GC Worker End (ms): Min: 385.3, Avg: 385.3, Max: 385.3, Diff: 0.0]
   [Code Root Fixup: 0.0 ms]
   [Code Root Purge: 0.0 ms]
   [Clear CT: 0.1 ms]
   [Other: 0.4 ms]
      [Evacuation Failure: 0.1 ms]
      [Choose CSet: 0.0 ms]
      [Ref Proc: 0.1 ms]
      [Ref Enq: 0.0 ms]
      [Redirty Cards: 0.1 ms]
      [Humongous Register: 0.0 ms]
      [Humongous Reclaim: 0.0 ms]
      [Free CSet: 0.0 ms]
   [Eden: 2048.0K(12.0M)->0.0B(12.0M) Survivors: 0.0B->0.0B Heap: 219.9M(256.0M)->219.5M(256.0M)]
 [Times: user=0.00 sys=0.01, real=0.01 secs] 
2020-10-26T00:09:43.440-0800: [GC pause (G1 Evacuation Pause) (young) (initial-mark), 0.0008304 secs]
   [Parallel Time: 0.4 ms, GC Workers: 10]
      [GC Worker Start (ms): Min: 386.2, Avg: 386.2, Max: 386.3, Diff: 0.1]
      [Ext Root Scanning (ms): Min: 0.1, Avg: 0.1, Max: 0.2, Diff: 0.1, Sum: 1.2]
      [Update RS (ms): Min: 0.0, Avg: 0.1, Max: 0.1, Diff: 0.1, Sum: 0.6]
         [Processed Buffers: Min: 1, Avg: 2.4, Max: 3, Diff: 2, Sum: 24]
      [Scan RS (ms): Min: 0.0, Avg: 0.0, Max: 0.0, Diff: 0.0, Sum: 0.0]
      [Code Root Scanning (ms): Min: 0.0, Avg: 0.0, Max: 0.0, Diff: 0.0, Sum: 0.0]
      [Object Copy (ms): Min: 0.0, Avg: 0.0, Max: 0.0, Diff: 0.0, Sum: 0.0]
      [Termination (ms): Min: 0.0, Avg: 0.1, Max: 0.1, Diff: 0.1, Sum: 0.6]
         [Termination Attempts: Min: 1, Avg: 1.0, Max: 1, Diff: 0, Sum: 10]
      [GC Worker Other (ms): Min: 0.0, Avg: 0.0, Max: 0.0, Diff: 0.0, Sum: 0.1]
      [GC Worker Total (ms): Min: 0.2, Avg: 0.2, Max: 0.3, Diff: 0.1, Sum: 2.5]
      [GC Worker End (ms): Min: 386.4, Avg: 386.5, Max: 386.5, Diff: 0.0]
   [Code Root Fixup: 0.0 ms]
   [Code Root Purge: 0.0 ms]
   [Clear CT: 0.1 ms]
   [Other: 0.3 ms]
      [Choose CSet: 0.0 ms]
      [Ref Proc: 0.1 ms]
      [Ref Enq: 0.0 ms]
      [Redirty Cards: 0.1 ms]
      [Humongous Register: 0.0 ms]
      [Humongous Reclaim: 0.0 ms]
      [Free CSet: 0.0 ms]
   [Eden: 0.0B(12.0M)->0.0B(12.0M) Survivors: 0.0B->0.0B Heap: 220.2M(256.0M)->219.5M(256.0M)]
 [Times: user=0.01 sys=0.00, real=0.00 secs] 
2020-10-26T00:09:43.441-0800: [GC concurrent-root-region-scan-start]
2020-10-26T00:09:43.442-0800: [GC concurrent-root-region-scan-end, 0.0000255 secs]
2020-10-26T00:09:43.442-0800: [GC concurrent-mark-start]
2020-10-26T00:09:43.442-0800: [GC pause (G1 Evacuation Pause) (young) (to-space exhausted), 0.0009819 secs]
   [Parallel Time: 0.3 ms, GC Workers: 10]
      [GC Worker Start (ms): Min: 387.6, Avg: 387.6, Max: 387.7, Diff: 0.1]
      [Ext Root Scanning (ms): Min: 0.1, Avg: 0.1, Max: 0.1, Diff: 0.1, Sum: 1.0]
      [Update RS (ms): Min: 0.0, Avg: 0.0, Max: 0.1, Diff: 0.1, Sum: 0.1]
         [Processed Buffers: Min: 0, Avg: 0.2, Max: 1, Diff: 1, Sum: 2]
      [Scan RS (ms): Min: 0.0, Avg: 0.0, Max: 0.0, Diff: 0.0, Sum: 0.0]
      [Code Root Scanning (ms): Min: 0.0, Avg: 0.0, Max: 0.0, Diff: 0.0, Sum: 0.0]
      [Object Copy (ms): Min: 0.0, Avg: 0.0, Max: 0.0, Diff: 0.0, Sum: 0.0]
      [Termination (ms): Min: 0.0, Avg: 0.1, Max: 0.1, Diff: 0.1, Sum: 1.1]
         [Termination Attempts: Min: 1, Avg: 1.0, Max: 1, Diff: 0, Sum: 10]
      [GC Worker Other (ms): Min: 0.0, Avg: 0.0, Max: 0.0, Diff: 0.0, Sum: 0.1]
      [GC Worker Total (ms): Min: 0.2, Avg: 0.2, Max: 0.3, Diff: 0.1, Sum: 2.4]
      [GC Worker End (ms): Min: 387.8, Avg: 387.8, Max: 387.9, Diff: 0.0]
   [Code Root Fixup: 0.0 ms]
   [Code Root Purge: 0.0 ms]
   [Clear CT: 0.1 ms]
   [Other: 0.5 ms]
      [Evacuation Failure: 0.1 ms]
      [Choose CSet: 0.0 ms]
      [Ref Proc: 0.2 ms]
      [Ref Enq: 0.0 ms]
      [Redirty Cards: 0.1 ms]
      [Humongous Register: 0.0 ms]
      [Humongous Reclaim: 0.0 ms]
      [Free CSet: 0.0 ms]
   [Eden: 1024.0K(12.0M)->0.0B(12.0M) Survivors: 0.0B->0.0B Heap: 220.5M(256.0M)->220.5M(256.0M)]
 [Times: user=0.00 sys=0.00, real=0.00 secs] 
2020-10-26T00:09:43.443-0800: [Full GC (Allocation Failure)  220M->177M(256M), 0.0179487 secs]
   [Eden: 0.0B(12.0M)->0.0B(12.0M) Survivors: 0.0B->0.0B Heap: 220.5M(256.0M)->177.4M(256.0M)], [Metaspace: 2673K->2673K(1056768K)]
 [Times: user=0.02 sys=0.00, real=0.02 secs] 
2020-10-26T00:09:43.461-0800: [GC concurrent-mark-abort]
2020-10-26T00:09:43.462-0800: [GC pause (G1 Humongous Allocation) (young) (initial-mark), 0.0008791 secs]
   [Parallel Time: 0.4 ms, GC Workers: 10]
      [GC Worker Start (ms): Min: 407.4, Avg: 407.4, Max: 407.5, Diff: 0.1]
      [Ext Root Scanning (ms): Min: 0.0, Avg: 0.1, Max: 0.2, Diff: 0.1, Sum: 1.1]
      [Update RS (ms): Min: 0.0, Avg: 0.0, Max: 0.1, Diff: 0.1, Sum: 0.1]
         [Processed Buffers: Min: 0, Avg: 0.2, Max: 1, Diff: 1, Sum: 2]
      [Scan RS (ms): Min: 0.0, Avg: 0.0, Max: 0.0, Diff: 0.0, Sum: 0.0]
      [Code Root Scanning (ms): Min: 0.0, Avg: 0.0, Max: 0.0, Diff: 0.0, Sum: 0.0]
      [Object Copy (ms): Min: 0.0, Avg: 0.0, Max: 0.0, Diff: 0.0, Sum: 0.1]
      [Termination (ms): Min: 0.0, Avg: 0.1, Max: 0.1, Diff: 0.1, Sum: 1.0]
         [Termination Attempts: Min: 1, Avg: 1.0, Max: 1, Diff: 0, Sum: 10]
      [GC Worker Other (ms): Min: 0.0, Avg: 0.0, Max: 0.0, Diff: 0.0, Sum: 0.1]
      [GC Worker Total (ms): Min: 0.2, Avg: 0.2, Max: 0.3, Diff: 0.1, Sum: 2.4]
      [GC Worker End (ms): Min: 407.7, Avg: 407.7, Max: 407.7, Diff: 0.0]
   [Code Root Fixup: 0.0 ms]
   [Code Root Purge: 0.0 ms]
   [Clear CT: 0.1 ms]
   [Other: 0.4 ms]
      [Choose CSet: 0.0 ms]
      [Ref Proc: 0.2 ms]
      [Ref Enq: 0.0 ms]
      [Redirty Cards: 0.1 ms]
      [Humongous Register: 0.0 ms]
      [Humongous Reclaim: 0.0 ms]
      [Free CSet: 0.0 ms]
   [Eden: 1024.0K(12.0M)->0.0B(11.0M) Survivors: 0.0B->1024.0K Heap: 178.4M(256.0M)->177.8M(256.0M)]
 [Times: user=0.00 sys=0.00, real=0.00 secs] 
2020-10-26T00:09:43.463-0800: [GC concurrent-root-region-scan-start]
2020-10-26T00:09:43.463-0800: [GC concurrent-root-region-scan-end, 0.0000794 secs]
2020-10-26T00:09:43.463-0800: [GC concurrent-mark-start]
2020-10-26T00:09:43.464-0800: [GC concurrent-mark-end, 0.0008740 secs]
2020-10-26T00:09:43.464-0800: [GC remark 2020-10-26T00:09:43.464-0800: [Finalize Marking, 0.0001720 secs] 2020-10-26T00:09:43.464-0800: [GC ref-proc, 0.0000603 secs] 2020-10-26T00:09:43.464-0800: [Unloading, 0.0004386 secs], 0.0011738 secs]
 [Times: user=0.00 sys=0.00, real=0.00 secs] 
2020-10-26T00:09:43.465-0800: [GC cleanup 184M->184M(256M), 0.0007100 secs]
 [Times: user=0.00 sys=0.00, real=0.00 secs] 
2020-10-26T00:09:43.468-0800: [GC pause (G1 Evacuation Pause) (young), 0.0012738 secs]
   [Parallel Time: 0.8 ms, GC Workers: 10]
      [GC Worker Start (ms): Min: 413.6, Avg: 413.6, Max: 413.7, Diff: 0.1]
      [Ext Root Scanning (ms): Min: 0.1, Avg: 0.1, Max: 0.2, Diff: 0.1, Sum: 1.2]
      [Update RS (ms): Min: 0.3, Avg: 0.4, Max: 0.4, Diff: 0.1, Sum: 3.5]
         [Processed Buffers: Min: 3, Avg: 3.8, Max: 5, Diff: 2, Sum: 38]
      [Scan RS (ms): Min: 0.0, Avg: 0.0, Max: 0.0, Diff: 0.0, Sum: 0.0]
      [Code Root Scanning (ms): Min: 0.0, Avg: 0.0, Max: 0.0, Diff: 0.0, Sum: 0.0]
      [Object Copy (ms): Min: 0.0, Avg: 0.1, Max: 0.2, Diff: 0.1, Sum: 1.4]
      [Termination (ms): Min: 0.0, Avg: 0.1, Max: 0.1, Diff: 0.1, Sum: 0.6]
         [Termination Attempts: Min: 1, Avg: 1.0, Max: 1, Diff: 0, Sum: 10]
      [GC Worker Other (ms): Min: 0.0, Avg: 0.0, Max: 0.0, Diff: 0.0, Sum: 0.1]
      [GC Worker Total (ms): Min: 0.6, Avg: 0.7, Max: 0.7, Diff: 0.1, Sum: 6.8]
      [GC Worker End (ms): Min: 414.3, Avg: 414.3, Max: 414.3, Diff: 0.0]
   [Code Root Fixup: 0.0 ms]
   [Code Root Purge: 0.0 ms]
   [Clear CT: 0.1 ms]
   [Other: 0.4 ms]
      [Choose CSet: 0.0 ms]
      [Ref Proc: 0.2 ms]
      [Ref Enq: 0.0 ms]
      [Redirty Cards: 0.1 ms]
      [Humongous Register: 0.0 ms]
      [Humongous Reclaim: 0.0 ms]
      [Free CSet: 0.0 ms]
   [Eden: 11.0M(11.0M)->0.0B(10.0M) Survivors: 1024.0K->2048.0K Heap: 193.0M(256.0M)->183.1M(256.0M)]
 [Times: user=0.00 sys=0.00, real=0.00 secs] 
2020-10-26T00:09:43.470-0800: [GC pause (G1 Humongous Allocation) (young) (initial-mark), 0.0008673 secs]
   [Parallel Time: 0.4 ms, GC Workers: 10]
      [GC Worker Start (ms): Min: 415.4, Avg: 415.4, Max: 415.5, Diff: 0.1]
      [Ext Root Scanning (ms): Min: 0.1, Avg: 0.1, Max: 0.2, Diff: 0.1, Sum: 1.2]
      [Update RS (ms): Min: 0.0, Avg: 0.0, Max: 0.1, Diff: 0.1, Sum: 0.3]
         [Processed Buffers: Min: 0, Avg: 0.7, Max: 1, Diff: 1, Sum: 7]
      [Scan RS (ms): Min: 0.0, Avg: 0.0, Max: 0.0, Diff: 0.0, Sum: 0.0]
      [Code Root Scanning (ms): Min: 0.0, Avg: 0.0, Max: 0.0, Diff: 0.0, Sum: 0.0]
      [Object Copy (ms): Min: 0.0, Avg: 0.1, Max: 0.1, Diff: 0.1, Sum: 0.9]
      [Termination (ms): Min: 0.0, Avg: 0.0, Max: 0.1, Diff: 0.1, Sum: 0.4]
         [Termination Attempts: Min: 1, Avg: 1.0, Max: 1, Diff: 0, Sum: 10]
      [GC Worker Other (ms): Min: 0.0, Avg: 0.0, Max: 0.0, Diff: 0.0, Sum: 0.1]
      [GC Worker Total (ms): Min: 0.2, Avg: 0.3, Max: 0.3, Diff: 0.1, Sum: 2.8]
      [GC Worker End (ms): Min: 415.7, Avg: 415.7, Max: 415.7, Diff: 0.1]
   [Code Root Fixup: 0.0 ms]
   [Code Root Purge: 0.0 ms]
   [Clear CT: 0.1 ms]
   [Other: 0.4 ms]
      [Choose CSet: 0.0 ms]
      [Ref Proc: 0.1 ms]
      [Ref Enq: 0.0 ms]
      [Redirty Cards: 0.1 ms]
      [Humongous Register: 0.0 ms]
      [Humongous Reclaim: 0.0 ms]
      [Free CSet: 0.0 ms]
   [Eden: 2048.0K(10.0M)->0.0B(11.0M) Survivors: 2048.0K->1024.0K Heap: 184.7M(256.0M)->183.8M(256.0M)]
 [Times: user=0.01 sys=0.00, real=0.00 secs] 
2020-10-26T00:09:43.471-0800: [GC concurrent-root-region-scan-start]
2020-10-26T00:09:43.471-0800: [GC concurrent-root-region-scan-end, 0.0001040 secs]
2020-10-26T00:09:43.471-0800: [GC concurrent-mark-start]
2020-10-26T00:09:43.472-0800: [GC concurrent-mark-end, 0.0007321 secs]
2020-10-26T00:09:43.472-0800: [GC remark 2020-10-26T00:09:43.472-0800: [Finalize Marking, 0.0002207 secs] 2020-10-26T00:09:43.472-0800: [GC ref-proc, 0.0000548 secs] 2020-10-26T00:09:43.472-0800: [Unloading, 0.0004451 secs], 0.0011976 secs]
 [Times: user=0.01 sys=0.00, real=0.00 secs] 
2020-10-26T00:09:43.473-0800: [GC cleanup 190M->190M(256M), 0.0005058 secs]
 [Times: user=0.00 sys=0.00, real=0.00 secs] 
2020-10-26T00:09:43.475-0800: [GC pause (G1 Evacuation Pause) (young) (to-space exhausted), 0.0012573 secs]
   [Parallel Time: 0.6 ms, GC Workers: 10]
      [GC Worker Start (ms): Min: 420.4, Avg: 420.5, Max: 420.6, Diff: 0.1]
      [Ext Root Scanning (ms): Min: 0.1, Avg: 0.1, Max: 0.2, Diff: 0.1, Sum: 1.1]
      [Update RS (ms): Min: 0.2, Avg: 0.3, Max: 0.3, Diff: 0.1, Sum: 2.5]
         [Processed Buffers: Min: 3, Avg: 3.4, Max: 4, Diff: 1, Sum: 34]
      [Scan RS (ms): Min: 0.0, Avg: 0.0, Max: 0.0, Diff: 0.0, Sum: 0.0]
      [Code Root Scanning (ms): Min: 0.0, Avg: 0.0, Max: 0.0, Diff: 0.0, Sum: 0.0]
      [Object Copy (ms): Min: 0.1, Avg: 0.1, Max: 0.2, Diff: 0.1, Sum: 1.2]
      [Termination (ms): Min: 0.0, Avg: 0.0, Max: 0.1, Diff: 0.1, Sum: 0.4]
         [Termination Attempts: Min: 1, Avg: 1.0, Max: 1, Diff: 0, Sum: 10]
      [GC Worker Other (ms): Min: 0.0, Avg: 0.0, Max: 0.0, Diff: 0.0, Sum: 0.1]
      [GC Worker Total (ms): Min: 0.5, Avg: 0.5, Max: 0.6, Diff: 0.1, Sum: 5.4]
      [GC Worker End (ms): Min: 421.0, Avg: 421.0, Max: 421.1, Diff: 0.0]
   [Code Root Fixup: 0.0 ms]
   [Code Root Purge: 0.0 ms]
   [Clear CT: 0.1 ms]
   [Other: 0.5 ms]
      [Evacuation Failure: 0.1 ms]
      [Choose CSet: 0.0 ms]
      [Ref Proc: 0.2 ms]
      [Ref Enq: 0.0 ms]
      [Redirty Cards: 0.1 ms]
      [Humongous Register: 0.0 ms]
      [Humongous Reclaim: 0.0 ms]
      [Free CSet: 0.0 ms]
   [Eden: 11.0M(11.0M)->0.0B(10.0M) Survivors: 1024.0K->2048.0K Heap: 197.7M(256.0M)->191.3M(256.0M)]
 [Times: user=0.01 sys=0.00, real=0.00 secs] 
2020-10-26T00:09:43.477-0800: [GC pause (G1 Humongous Allocation) (young) (initial-mark), 0.0009665 secs]
   [Parallel Time: 0.5 ms, GC Workers: 10]
      [GC Worker Start (ms): Min: 422.3, Avg: 422.4, Max: 422.4, Diff: 0.1]
      [Ext Root Scanning (ms): Min: 0.1, Avg: 0.1, Max: 0.2, Diff: 0.1, Sum: 1.1]
      [Update RS (ms): Min: 0.0, Avg: 0.0, Max: 0.0, Diff: 0.0, Sum: 0.2]
         [Processed Buffers: Min: 1, Avg: 1.7, Max: 3, Diff: 2, Sum: 17]
      [Scan RS (ms): Min: 0.0, Avg: 0.0, Max: 0.0, Diff: 0.0, Sum: 0.0]
      [Code Root Scanning (ms): Min: 0.0, Avg: 0.0, Max: 0.0, Diff: 0.0, Sum: 0.0]
      [Object Copy (ms): Min: 0.0, Avg: 0.1, Max: 0.2, Diff: 0.1, Sum: 1.1]
      [Termination (ms): Min: 0.0, Avg: 0.1, Max: 0.2, Diff: 0.2, Sum: 1.1]
         [Termination Attempts: Min: 1, Avg: 1.0, Max: 1, Diff: 0, Sum: 10]
      [GC Worker Other (ms): Min: 0.0, Avg: 0.0, Max: 0.0, Diff: 0.0, Sum: 0.1]
      [GC Worker Total (ms): Min: 0.3, Avg: 0.4, Max: 0.5, Diff: 0.2, Sum: 3.6]
      [GC Worker End (ms): Min: 422.7, Avg: 422.7, Max: 422.8, Diff: 0.1]
   [Code Root Fixup: 0.0 ms]
   [Code Root Purge: 0.0 ms]
   [Clear CT: 0.1 ms]
   [Other: 0.4 ms]
      [Choose CSet: 0.0 ms]
      [Ref Proc: 0.2 ms]
      [Ref Enq: 0.0 ms]
      [Redirty Cards: 0.1 ms]
      [Humongous Register: 0.0 ms]
      [Humongous Reclaim: 0.0 ms]
      [Free CSet: 0.0 ms]
   [Eden: 3072.0K(10.0M)->0.0B(11.0M) Survivors: 2048.0K->1024.0K Heap: 193.8M(256.0M)->191.0M(256.0M)]
 [Times: user=0.00 sys=0.01, real=0.00 secs] 
2020-10-26T00:09:43.478-0800: [GC concurrent-root-region-scan-start]
2020-10-26T00:09:43.478-0800: [GC concurrent-root-region-scan-end, 0.0000835 secs]
2020-10-26T00:09:43.478-0800: [GC concurrent-mark-start]
2020-10-26T00:09:43.479-0800: [GC concurrent-mark-end, 0.0006982 secs]
2020-10-26T00:09:43.479-0800: [GC remark 2020-10-26T00:09:43.479-0800: [Finalize Marking, 0.0002078 secs] 2020-10-26T00:09:43.479-0800: [GC ref-proc, 0.0000575 secs] 2020-10-26T00:09:43.479-0800: [Unloading, 0.0004072 secs], 0.0011933 secs]
 [Times: user=0.00 sys=0.00, real=0.01 secs] 
2020-10-26T00:09:43.480-0800: [GC cleanup 196M->196M(256M), 0.0005450 secs]
 [Times: user=0.00 sys=0.00, real=0.00 secs] 
2020-10-26T00:09:43.481-0800: [GC pause (G1 Evacuation Pause) (young) (to-space exhausted), 0.0009880 secs]
   [Parallel Time: 0.5 ms, GC Workers: 10]
      [GC Worker Start (ms): Min: 427.0, Avg: 427.1, Max: 427.1, Diff: 0.1]
      [Ext Root Scanning (ms): Min: 0.1, Avg: 0.1, Max: 0.1, Diff: 0.1, Sum: 1.2]
      [Update RS (ms): Min: 0.2, Avg: 0.2, Max: 0.2, Diff: 0.0, Sum: 2.2]
         [Processed Buffers: Min: 2, Avg: 3.1, Max: 4, Diff: 2, Sum: 31]
      [Scan RS (ms): Min: 0.0, Avg: 0.0, Max: 0.0, Diff: 0.0, Sum: 0.0]
      [Code Root Scanning (ms): Min: 0.0, Avg: 0.0, Max: 0.0, Diff: 0.0, Sum: 0.0]
      [Object Copy (ms): Min: 0.0, Avg: 0.0, Max: 0.0, Diff: 0.0, Sum: 0.1]
      [Termination (ms): Min: 0.0, Avg: 0.0, Max: 0.0, Diff: 0.0, Sum: 0.2]
         [Termination Attempts: Min: 1, Avg: 1.0, Max: 1, Diff: 0, Sum: 10]
      [GC Worker Other (ms): Min: 0.0, Avg: 0.0, Max: 0.0, Diff: 0.0, Sum: 0.1]
      [GC Worker Total (ms): Min: 0.3, Avg: 0.4, Max: 0.4, Diff: 0.1, Sum: 3.7]
      [GC Worker End (ms): Min: 427.4, Avg: 427.4, Max: 427.5, Diff: 0.0]
   [Code Root Fixup: 0.0 ms]
   [Code Root Purge: 0.0 ms]
   [Clear CT: 0.1 ms]
   [Other: 0.4 ms]
      [Evacuation Failure: 0.1 ms]
      [Choose CSet: 0.0 ms]
      [Ref Proc: 0.1 ms]
      [Ref Enq: 0.0 ms]
      [Redirty Cards: 0.1 ms]
      [Humongous Register: 0.0 ms]
      [Humongous Reclaim: 0.0 ms]
      [Free CSet: 0.0 ms]
   [Eden: 7168.0K(11.0M)->0.0B(12.0M) Survivors: 1024.0K->0.0B Heap: 200.5M(256.0M)->197.8M(256.0M)]
 [Times: user=0.01 sys=0.00, real=0.00 secs] 
2020-10-26T00:09:43.483-0800: [GC pause (G1 Humongous Allocation) (mixed) (to-space exhausted), 0.0008251 secs]
   [Parallel Time: 0.3 ms, GC Workers: 10]
      [GC Worker Start (ms): Min: 428.7, Avg: 428.8, Max: 428.8, Diff: 0.1]
      [Ext Root Scanning (ms): Min: 0.1, Avg: 0.1, Max: 0.1, Diff: 0.1, Sum: 1.1]
      [Update RS (ms): Min: 0.0, Avg: 0.0, Max: 0.0, Diff: 0.0, Sum: 0.2]
         [Processed Buffers: Min: 1, Avg: 1.5, Max: 3, Diff: 2, Sum: 15]
      [Scan RS (ms): Min: 0.0, Avg: 0.0, Max: 0.0, Diff: 0.0, Sum: 0.0]
      [Code Root Scanning (ms): Min: 0.0, Avg: 0.0, Max: 0.0, Diff: 0.0, Sum: 0.0]
      [Object Copy (ms): Min: 0.0, Avg: 0.0, Max: 0.0, Diff: 0.0, Sum: 0.2]
      [Termination (ms): Min: 0.0, Avg: 0.0, Max: 0.0, Diff: 0.0, Sum: 0.2]
         [Termination Attempts: Min: 1, Avg: 1.0, Max: 1, Diff: 0, Sum: 10]
      [GC Worker Other (ms): Min: 0.0, Avg: 0.0, Max: 0.0, Diff: 0.0, Sum: 0.1]
      [GC Worker Total (ms): Min: 0.1, Avg: 0.2, Max: 0.2, Diff: 0.1, Sum: 1.8]
      [GC Worker End (ms): Min: 428.9, Avg: 428.9, Max: 429.0, Diff: 0.0]
   [Code Root Fixup: 0.0 ms]
   [Code Root Purge: 0.0 ms]
   [Clear CT: 0.1 ms]
   [Other: 0.4 ms]
      [Evacuation Failure: 0.1 ms]
      [Choose CSet: 0.0 ms]
      [Ref Proc: 0.2 ms]
      [Ref Enq: 0.0 ms]
      [Redirty Cards: 0.1 ms]
      [Humongous Register: 0.0 ms]
      [Humongous Reclaim: 0.0 ms]
      [Free CSet: 0.0 ms]
   [Eden: 4096.0K(12.0M)->0.0B(12.0M) Survivors: 0.0B->0.0B Heap: 201.2M(256.0M)->200.2M(256.0M)]
 [Times: user=0.00 sys=0.00, real=0.00 secs] 
2020-10-26T00:09:43.484-0800: [GC pause (G1 Evacuation Pause) (young) (initial-mark), 0.0007906 secs]
   [Parallel Time: 0.4 ms, GC Workers: 10]
      [GC Worker Start (ms): Min: 429.8, Avg: 429.9, Max: 429.9, Diff: 0.1]
      [Ext Root Scanning (ms): Min: 0.1, Avg: 0.1, Max: 0.1, Diff: 0.1, Sum: 1.1]
      [Update RS (ms): Min: 0.0, Avg: 0.1, Max: 0.1, Diff: 0.1, Sum: 0.7]
         [Processed Buffers: Min: 2, Avg: 2.4, Max: 4, Diff: 2, Sum: 24]
      [Scan RS (ms): Min: 0.0, Avg: 0.0, Max: 0.0, Diff: 0.0, Sum: 0.0]
      [Code Root Scanning (ms): Min: 0.0, Avg: 0.0, Max: 0.0, Diff: 0.0, Sum: 0.0]
      [Object Copy (ms): Min: 0.0, Avg: 0.0, Max: 0.0, Diff: 0.0, Sum: 0.0]
      [Termination (ms): Min: 0.0, Avg: 0.1, Max: 0.1, Diff: 0.1, Sum: 0.6]
         [Termination Attempts: Min: 1, Avg: 1.0, Max: 1, Diff: 0, Sum: 10]
      [GC Worker Other (ms): Min: 0.0, Avg: 0.0, Max: 0.0, Diff: 0.0, Sum: 0.1]
      [GC Worker Total (ms): Min: 0.2, Avg: 0.2, Max: 0.3, Diff: 0.1, Sum: 2.5]
      [GC Worker End (ms): Min: 430.1, Avg: 430.1, Max: 430.2, Diff: 0.1]
   [Code Root Fixup: 0.0 ms]
   [Code Root Purge: 0.0 ms]
   [Clear CT: 0.1 ms]
   [Other: 0.3 ms]
      [Choose CSet: 0.0 ms]
      [Ref Proc: 0.1 ms]
      [Ref Enq: 0.0 ms]
      [Redirty Cards: 0.1 ms]
      [Humongous Register: 0.0 ms]
      [Humongous Reclaim: 0.0 ms]
      [Free CSet: 0.0 ms]
   [Eden: 0.0B(12.0M)->0.0B(12.0M) Survivors: 0.0B->0.0B Heap: 200.9M(256.0M)->200.9M(256.0M)]
 [Times: user=0.00 sys=0.00, real=0.00 secs] 
2020-10-26T00:09:43.485-0800: [GC concurrent-root-region-scan-start]
2020-10-26T00:09:43.485-0800: [GC concurrent-root-region-scan-end, 0.0000336 secs]
2020-10-26T00:09:43.485-0800: [GC pause (G1 Evacuation Pause) (young)2020-10-26T00:09:43.485-0800: [GC concurrent-mark-start]
, 0.0007079 secs]
   [Parallel Time: 0.3 ms, GC Workers: 10]
      [GC Worker Start (ms): Min: 430.8, Avg: 430.9, Max: 430.9, Diff: 0.1]
      [Ext Root Scanning (ms): Min: 0.1, Avg: 0.1, Max: 0.1, Diff: 0.1, Sum: 1.1]
      [Update RS (ms): Min: 0.0, Avg: 0.0, Max: 0.1, Diff: 0.1, Sum: 0.1]
         [Processed Buffers: Min: 0, Avg: 0.2, Max: 1, Diff: 1, Sum: 2]
      [Scan RS (ms): Min: 0.0, Avg: 0.0, Max: 0.0, Diff: 0.0, Sum: 0.0]
      [Code Root Scanning (ms): Min: 0.0, Avg: 0.0, Max: 0.0, Diff: 0.0, Sum: 0.0]
      [Object Copy (ms): Min: 0.0, Avg: 0.0, Max: 0.0, Diff: 0.0, Sum: 0.0]
      [Termination (ms): Min: 0.0, Avg: 0.1, Max: 0.1, Diff: 0.1, Sum: 1.0]
         [Termination Attempts: Min: 1, Avg: 1.0, Max: 1, Diff: 0, Sum: 10]
      [GC Worker Other (ms): Min: 0.0, Avg: 0.0, Max: 0.0, Diff: 0.0, Sum: 0.1]
      [GC Worker Total (ms): Min: 0.2, Avg: 0.2, Max: 0.3, Diff: 0.1, Sum: 2.3]
      [GC Worker End (ms): Min: 431.1, Avg: 431.1, Max: 431.1, Diff: 0.0]
   [Code Root Fixup: 0.0 ms]
   [Code Root Purge: 0.0 ms]
   [Clear CT: 0.1 ms]
   [Other: 0.3 ms]
      [Choose CSet: 0.0 ms]
      [Ref Proc: 0.1 ms]
      [Ref Enq: 0.0 ms]
      [Redirty Cards: 0.1 ms]
      [Humongous Register: 0.0 ms]
      [Humongous Reclaim: 0.0 ms]
      [Free CSet: 0.0 ms]
   [Eden: 0.0B(12.0M)->0.0B(12.0M) Survivors: 0.0B->0.0B Heap: 200.9M(256.0M)->200.9M(256.0M)]
 [Times: user=0.01 sys=0.00, real=0.00 secs] 
2020-10-26T00:09:43.486-0800: [Full GC (Allocation Failure)  200M->186M(256M), 0.0157816 secs]
   [Eden: 0.0B(12.0M)->0.0B(12.0M) Survivors: 0.0B->0.0B Heap: 200.9M(256.0M)->186.3M(256.0M)], [Metaspace: 2673K->2673K(1056768K)]
 [Times: user=0.02 sys=0.00, real=0.02 secs] 
2020-10-26T00:09:43.502-0800: [GC concurrent-mark-abort]
2020-10-26T00:09:43.503-0800: [GC pause (G1 Humongous Allocation) (young) (initial-mark), 0.0009846 secs]
   [Parallel Time: 0.4 ms, GC Workers: 10]
      [GC Worker Start (ms): Min: 448.4, Avg: 448.5, Max: 448.6, Diff: 0.1]
      [Ext Root Scanning (ms): Min: 0.1, Avg: 0.1, Max: 0.2, Diff: 0.1, Sum: 1.1]
      [Update RS (ms): Min: 0.0, Avg: 0.0, Max: 0.1, Diff: 0.1, Sum: 0.1]
         [Processed Buffers: Min: 0, Avg: 0.2, Max: 1, Diff: 1, Sum: 2]
      [Scan RS (ms): Min: 0.0, Avg: 0.0, Max: 0.0, Diff: 0.0, Sum: 0.0]
      [Code Root Scanning (ms): Min: 0.0, Avg: 0.0, Max: 0.0, Diff: 0.0, Sum: 0.0]
      [Object Copy (ms): Min: 0.0, Avg: 0.0, Max: 0.0, Diff: 0.0, Sum: 0.1]
      [Termination (ms): Min: 0.0, Avg: 0.1, Max: 0.1, Diff: 0.1, Sum: 1.0]
         [Termination Attempts: Min: 1, Avg: 2.0, Max: 5, Diff: 4, Sum: 20]
      [GC Worker Other (ms): Min: 0.0, Avg: 0.0, Max: 0.0, Diff: 0.0, Sum: 0.1]
      [GC Worker Total (ms): Min: 0.2, Avg: 0.3, Max: 0.3, Diff: 0.1, Sum: 2.5]
      [GC Worker End (ms): Min: 448.7, Avg: 448.8, Max: 448.8, Diff: 0.1]
   [Code Root Fixup: 0.0 ms]
   [Code Root Purge: 0.0 ms]
   [Clear CT: 0.1 ms]
   [Other: 0.4 ms]
      [Choose CSet: 0.0 ms]
      [Ref Proc: 0.2 ms]
      [Ref Enq: 0.0 ms]
      [Redirty Cards: 0.1 ms]
      [Humongous Register: 0.0 ms]
      [Humongous Reclaim: 0.0 ms]
      [Free CSet: 0.0 ms]
   [Eden: 3072.0K(12.0M)->0.0B(11.0M) Survivors: 0.0B->1024.0K Heap: 189.3M(256.0M)->186.6M(256.0M)]
 [Times: user=0.00 sys=0.00, real=0.00 secs] 
2020-10-26T00:09:43.504-0800: [GC concurrent-root-region-scan-start]
2020-10-26T00:09:43.504-0800: [GC concurrent-root-region-scan-end, 0.0000837 secs]
2020-10-26T00:09:43.504-0800: [GC concurrent-mark-start]
2020-10-26T00:09:43.505-0800: [GC concurrent-mark-end, 0.0004768 secs]
2020-10-26T00:09:43.505-0800: [GC remark 2020-10-26T00:09:43.505-0800: [Finalize Marking, 0.0003443 secs] 2020-10-26T00:09:43.505-0800: [GC ref-proc, 0.0000625 secs] 2020-10-26T00:09:43.505-0800: [Unloading, 0.0005109 secs], 0.0014287 secs]
 [Times: user=0.01 sys=0.00, real=0.00 secs] 
2020-10-26T00:09:43.506-0800: [GC cleanup 191M->191M(256M), 0.0006874 secs]
 [Times: user=0.00 sys=0.00, real=0.00 secs] 
2020-10-26T00:09:43.508-0800: [GC pause (G1 Evacuation Pause) (young) (to-space exhausted), 0.0014360 secs]
   [Parallel Time: 0.7 ms, GC Workers: 10]
      [GC Worker Start (ms): Min: 453.5, Avg: 453.6, Max: 453.6, Diff: 0.1]
      [Ext Root Scanning (ms): Min: 0.0, Avg: 0.1, Max: 0.2, Diff: 0.1, Sum: 0.9]
      [Update RS (ms): Min: 0.3, Avg: 0.3, Max: 0.4, Diff: 0.1, Sum: 3.2]
         [Processed Buffers: Min: 3, Avg: 3.7, Max: 5, Diff: 2, Sum: 37]
      [Scan RS (ms): Min: 0.0, Avg: 0.0, Max: 0.0, Diff: 0.0, Sum: 0.0]
      [Code Root Scanning (ms): Min: 0.0, Avg: 0.0, Max: 0.0, Diff: 0.0, Sum: 0.0]
      [Object Copy (ms): Min: 0.0, Avg: 0.0, Max: 0.1, Diff: 0.1, Sum: 0.4]
      [Termination (ms): Min: 0.0, Avg: 0.0, Max: 0.1, Diff: 0.1, Sum: 0.5]
         [Termination Attempts: Min: 1, Avg: 1.0, Max: 1, Diff: 0, Sum: 10]
      [GC Worker Other (ms): Min: 0.0, Avg: 0.0, Max: 0.0, Diff: 0.0, Sum: 0.1]
      [GC Worker Total (ms): Min: 0.4, Avg: 0.5, Max: 0.6, Diff: 0.1, Sum: 5.1]
      [GC Worker End (ms): Min: 454.1, Avg: 454.1, Max: 454.1, Diff: 0.1]
   [Code Root Fixup: 0.0 ms]
   [Code Root Purge: 0.0 ms]
   [Clear CT: 0.1 ms]
   [Other: 0.6 ms]
      [Evacuation Failure: 0.1 ms]
      [Choose CSet: 0.0 ms]
      [Ref Proc: 0.2 ms]
      [Ref Enq: 0.0 ms]
      [Redirty Cards: 0.2 ms]
      [Humongous Register: 0.0 ms]
      [Humongous Reclaim: 0.0 ms]
      [Free CSet: 0.0 ms]
   [Eden: 7168.0K(11.0M)->0.0B(12.0M) Survivors: 1024.0K->0.0B Heap: 197.5M(256.0M)->193.1M(256.0M)]
 [Times: user=0.00 sys=0.00, real=0.00 secs] 
2020-10-26T00:09:43.511-0800: [GC pause (G1 Evacuation Pause) (young) (to-space exhausted), 0.0010543 secs]
   [Parallel Time: 0.4 ms, GC Workers: 10]
      [GC Worker Start (ms): Min: 456.3, Avg: 456.4, Max: 456.5, Diff: 0.2]
      [Ext Root Scanning (ms): Min: 0.0, Avg: 0.1, Max: 0.2, Diff: 0.2, Sum: 0.8]
      [Update RS (ms): Min: 0.0, Avg: 0.0, Max: 0.0, Diff: 0.0, Sum: 0.3]
         [Processed Buffers: Min: 1, Avg: 1.6, Max: 3, Diff: 2, Sum: 16]
      [Scan RS (ms): Min: 0.0, Avg: 0.0, Max: 0.0, Diff: 0.0, Sum: 0.0]
      [Code Root Scanning (ms): Min: 0.0, Avg: 0.0, Max: 0.0, Diff: 0.0, Sum: 0.0]
      [Object Copy (ms): Min: 0.0, Avg: 0.0, Max: 0.1, Diff: 0.1, Sum: 0.4]
      [Termination (ms): Min: 0.0, Avg: 0.0, Max: 0.1, Diff: 0.1, Sum: 0.4]
         [Termination Attempts: Min: 1, Avg: 1.0, Max: 1, Diff: 0, Sum: 10]
      [GC Worker Other (ms): Min: 0.0, Avg: 0.0, Max: 0.0, Diff: 0.0, Sum: 0.1]
      [GC Worker Total (ms): Min: 0.1, Avg: 0.2, Max: 0.3, Diff: 0.1, Sum: 1.9]
      [GC Worker End (ms): Min: 456.6, Avg: 456.6, Max: 456.6, Diff: 0.0]
   [Code Root Fixup: 0.0 ms]
   [Code Root Purge: 0.0 ms]
   [Clear CT: 0.1 ms]
   [Other: 0.6 ms]
      [Evacuation Failure: 0.1 ms]
      [Choose CSet: 0.0 ms]
      [Ref Proc: 0.2 ms]
      [Ref Enq: 0.0 ms]
      [Redirty Cards: 0.1 ms]
      [Humongous Register: 0.0 ms]
      [Humongous Reclaim: 0.0 ms]
      [Free CSet: 0.0 ms]
   [Eden: 7168.0K(12.0M)->0.0B(12.0M) Survivors: 0.0B->0.0B Heap: 200.1M(256.0M)->200.1M(256.0M)]
 [Times: user=0.01 sys=0.00, real=0.00 secs] 
2020-10-26T00:09:43.512-0800: [Full GC (Allocation Failure)  200M->187M(256M), 0.0127255 secs]
   [Eden: 0.0B(12.0M)->0.0B(12.0M) Survivors: 0.0B->0.0B Heap: 200.1M(256.0M)->187.8M(256.0M)], [Metaspace: 2673K->2673K(1056768K)]
 [Times: user=0.01 sys=0.01, real=0.01 secs] 
2020-10-26T00:09:43.526-0800: [GC pause (G1 Humongous Allocation) (young) (initial-mark), 0.0011312 secs]
   [Parallel Time: 0.6 ms, GC Workers: 10]
      [GC Worker Start (ms): Min: 471.5, Avg: 471.5, Max: 471.5, Diff: 0.1]
      [Ext Root Scanning (ms): Min: 0.1, Avg: 0.1, Max: 0.2, Diff: 0.1, Sum: 1.2]
      [Update RS (ms): Min: 0.0, Avg: 0.0, Max: 0.1, Diff: 0.1, Sum: 0.3]
         [Processed Buffers: Min: 0, Avg: 0.2, Max: 1, Diff: 1, Sum: 2]
      [Scan RS (ms): Min: 0.0, Avg: 0.0, Max: 0.0, Diff: 0.0, Sum: 0.0]
      [Code Root Scanning (ms): Min: 0.0, Avg: 0.0, Max: 0.0, Diff: 0.0, Sum: 0.0]
      [Object Copy (ms): Min: 0.0, Avg: 0.1, Max: 0.2, Diff: 0.2, Sum: 0.9]
      [Termination (ms): Min: 0.1, Avg: 0.1, Max: 0.3, Diff: 0.3, Sum: 1.2]
         [Termination Attempts: Min: 1, Avg: 2.9, Max: 5, Diff: 4, Sum: 29]
      [GC Worker Other (ms): Min: 0.0, Avg: 0.0, Max: 0.0, Diff: 0.0, Sum: 0.1]
      [GC Worker Total (ms): Min: 0.3, Avg: 0.4, Max: 0.4, Diff: 0.1, Sum: 3.7]
      [GC Worker End (ms): Min: 471.8, Avg: 471.9, Max: 472.0, Diff: 0.1]
   [Code Root Fixup: 0.0 ms]
   [Code Root Purge: 0.0 ms]
   [Clear CT: 0.1 ms]
   [Other: 0.5 ms]
      [Choose CSet: 0.0 ms]
      [Ref Proc: 0.2 ms]
      [Ref Enq: 0.0 ms]
      [Redirty Cards: 0.1 ms]
      [Humongous Register: 0.0 ms]
      [Humongous Reclaim: 0.0 ms]
      [Free CSet: 0.0 ms]
   [Eden: 7168.0K(12.0M)->0.0B(10.0M) Survivors: 0.0B->2048.0K Heap: 194.4M(256.0M)->190.6M(256.0M)]
 [Times: user=0.00 sys=0.00, real=0.00 secs] 
2020-10-26T00:09:43.527-0800: [GC concurrent-root-region-scan-start]
2020-10-26T00:09:43.527-0800: [GC concurrent-root-region-scan-end, 0.0001359 secs]
2020-10-26T00:09:43.527-0800: [GC concurrent-mark-start]
2020-10-26T00:09:43.528-0800: [GC concurrent-mark-end, 0.0006826 secs]
2020-10-26T00:09:43.528-0800: [GC remark 2020-10-26T00:09:43.528-0800: [Finalize Marking, 0.0001830 secs] 2020-10-26T00:09:43.528-0800: [GC ref-proc, 0.0000592 secs] 2020-10-26T00:09:43.528-0800: [Unloading, 0.0004442 secs], 0.0012579 secs]
 [Times: user=0.00 sys=0.00, real=0.00 secs] 
2020-10-26T00:09:43.529-0800: [GC cleanup 197M->197M(256M), 0.0005599 secs]
 [Times: user=0.01 sys=0.00, real=0.01 secs] 
2020-10-26T00:09:43.531-0800: [GC pause (G1 Evacuation Pause) (young) (to-space exhausted), 0.0010274 secs]
   [Parallel Time: 0.5 ms, GC Workers: 10]
      [GC Worker Start (ms): Min: 476.3, Avg: 476.3, Max: 476.4, Diff: 0.1]
      [Ext Root Scanning (ms): Min: 0.1, Avg: 0.1, Max: 0.2, Diff: 0.1, Sum: 1.1]
      [Update RS (ms): Min: 0.1, Avg: 0.2, Max: 0.2, Diff: 0.1, Sum: 1.8]
         [Processed Buffers: Min: 2, Avg: 2.6, Max: 3, Diff: 1, Sum: 26]
      [Scan RS (ms): Min: 0.0, Avg: 0.0, Max: 0.0, Diff: 0.0, Sum: 0.0]
      [Code Root Scanning (ms): Min: 0.0, Avg: 0.0, Max: 0.0, Diff: 0.0, Sum: 0.0]
      [Object Copy (ms): Min: 0.0, Avg: 0.0, Max: 0.0, Diff: 0.0, Sum: 0.1]
      [Termination (ms): Min: 0.0, Avg: 0.0, Max: 0.1, Diff: 0.1, Sum: 0.3]
         [Termination Attempts: Min: 1, Avg: 1.3, Max: 3, Diff: 2, Sum: 13]
      [GC Worker Other (ms): Min: 0.0, Avg: 0.0, Max: 0.0, Diff: 0.0, Sum: 0.1]
      [GC Worker Total (ms): Min: 0.3, Avg: 0.3, Max: 0.4, Diff: 0.1, Sum: 3.4]
      [GC Worker End (ms): Min: 476.7, Avg: 476.7, Max: 476.7, Diff: 0.0]
   [Code Root Fixup: 0.0 ms]
   [Code Root Purge: 0.0 ms]
   [Clear CT: 0.1 ms]
   [Other: 0.5 ms]
      [Evacuation Failure: 0.1 ms]
      [Choose CSet: 0.0 ms]
      [Ref Proc: 0.2 ms]
      [Ref Enq: 0.0 ms]
      [Redirty Cards: 0.1 ms]
      [Humongous Register: 0.0 ms]
      [Humongous Reclaim: 0.0 ms]
      [Free CSet: 0.0 ms]
   [Eden: 7168.0K(10.0M)->0.0B(12.0M) Survivors: 2048.0K->0.0B Heap: 199.6M(256.0M)->198.5M(256.0M)]
 [Times: user=0.00 sys=0.00, real=0.00 secs] 
2020-10-26T00:09:43.532-0800: [GC pause (G1 Evacuation Pause) (young) (to-space exhausted), 0.0008029 secs]
   [Parallel Time: 0.3 ms, GC Workers: 10]
      [GC Worker Start (ms): Min: 477.8, Avg: 477.8, Max: 477.9, Diff: 0.1]
      [Ext Root Scanning (ms): Min: 0.1, Avg: 0.1, Max: 0.1, Diff: 0.1, Sum: 1.0]
      [Update RS (ms): Min: 0.0, Avg: 0.0, Max: 0.0, Diff: 0.0, Sum: 0.2]
         [Processed Buffers: Min: 1, Avg: 1.5, Max: 3, Diff: 2, Sum: 15]
      [Scan RS (ms): Min: 0.0, Avg: 0.0, Max: 0.0, Diff: 0.0, Sum: 0.0]
      [Code Root Scanning (ms): Min: 0.0, Avg: 0.0, Max: 0.0, Diff: 0.0, Sum: 0.0]
      [Object Copy (ms): Min: 0.0, Avg: 0.0, Max: 0.0, Diff: 0.0, Sum: 0.1]
      [Termination (ms): Min: 0.0, Avg: 0.0, Max: 0.0, Diff: 0.0, Sum: 0.2]
         [Termination Attempts: Min: 1, Avg: 1.0, Max: 1, Diff: 0, Sum: 10]
      [GC Worker Other (ms): Min: 0.0, Avg: 0.0, Max: 0.0, Diff: 0.0, Sum: 0.1]
      [GC Worker Total (ms): Min: 0.1, Avg: 0.2, Max: 0.2, Diff: 0.1, Sum: 1.6]
      [GC Worker End (ms): Min: 478.0, Avg: 478.0, Max: 478.0, Diff: 0.0]
   [Code Root Fixup: 0.0 ms]
   [Code Root Purge: 0.0 ms]
   [Clear CT: 0.1 ms]
   [Other: 0.4 ms]
      [Evacuation Failure: 0.1 ms]
      [Choose CSet: 0.0 ms]
      [Ref Proc: 0.2 ms]
      [Ref Enq: 0.0 ms]
      [Redirty Cards: 0.1 ms]
      [Humongous Register: 0.0 ms]
      [Humongous Reclaim: 0.0 ms]
      [Free CSet: 0.0 ms]
   [Eden: 2048.0K(12.0M)->0.0B(12.0M) Survivors: 0.0B->0.0B Heap: 200.5M(256.0M)->200.5M(256.0M)]
 [Times: user=0.00 sys=0.00, real=0.00 secs] 
2020-10-26T00:09:43.533-0800: [Full GC (Allocation Failure)  200M->192M(256M), 0.0159982 secs]
   [Eden: 0.0B(12.0M)->0.0B(12.0M) Survivors: 0.0B->0.0B Heap: 200.5M(256.0M)->192.1M(256.0M)], [Metaspace: 2673K->2673K(1056768K)]
 [Times: user=0.02 sys=0.00, real=0.01 secs] 
2020-10-26T00:09:43.549-0800: [GC pause (G1 Humongous Allocation) (young) (initial-mark), 0.0010506 secs]
   [Parallel Time: 0.4 ms, GC Workers: 10]
      [GC Worker Start (ms): Min: 495.1, Avg: 495.1, Max: 495.2, Diff: 0.1]
      [Ext Root Scanning (ms): Min: 0.1, Avg: 0.1, Max: 0.2, Diff: 0.1, Sum: 1.1]
      [Update RS (ms): Min: 0.0, Avg: 0.0, Max: 0.1, Diff: 0.1, Sum: 0.1]
         [Processed Buffers: Min: 0, Avg: 0.2, Max: 1, Diff: 1, Sum: 2]
      [Scan RS (ms): Min: 0.0, Avg: 0.0, Max: 0.0, Diff: 0.0, Sum: 0.0]
      [Code Root Scanning (ms): Min: 0.0, Avg: 0.0, Max: 0.0, Diff: 0.0, Sum: 0.0]
      [Object Copy (ms): Min: 0.0, Avg: 0.0, Max: 0.0, Diff: 0.0, Sum: 0.1]
      [Termination (ms): Min: 0.0, Avg: 0.1, Max: 0.1, Diff: 0.1, Sum: 1.0]
         [Termination Attempts: Min: 1, Avg: 1.1, Max: 2, Diff: 1, Sum: 11]
      [GC Worker Other (ms): Min: 0.0, Avg: 0.0, Max: 0.0, Diff: 0.0, Sum: 0.1]
      [GC Worker Total (ms): Min: 0.2, Avg: 0.2, Max: 0.3, Diff: 0.1, Sum: 2.5]
      [GC Worker End (ms): Min: 495.4, Avg: 495.4, Max: 495.4, Diff: 0.0]
   [Code Root Fixup: 0.0 ms]
   [Code Root Purge: 0.0 ms]
   [Clear CT: 0.2 ms]
   [Other: 0.5 ms]
      [Choose CSet: 0.0 ms]
      [Ref Proc: 0.3 ms]
      [Ref Enq: 0.0 ms]
      [Redirty Cards: 0.1 ms]
      [Humongous Register: 0.0 ms]
      [Humongous Reclaim: 0.0 ms]
      [Free CSet: 0.0 ms]
   [Eden: 2048.0K(12.0M)->0.0B(11.0M) Survivors: 0.0B->1024.0K Heap: 193.4M(256.0M)->192.4M(256.0M)]
 [Times: user=0.00 sys=0.00, real=0.01 secs] 
2020-10-26T00:09:43.551-0800: [GC concurrent-root-region-scan-start]
2020-10-26T00:09:43.551-0800: [GC concurrent-root-region-scan-end, 0.0000537 secs]
2020-10-26T00:09:43.551-0800: [GC concurrent-mark-start]
2020-10-26T00:09:43.551-0800: [GC concurrent-mark-end, 0.0004931 secs]
2020-10-26T00:09:43.551-0800: [GC remark 2020-10-26T00:09:43.551-0800: [Finalize Marking, 0.0002927 secs] 2020-10-26T00:09:43.552-0800: [GC ref-proc, 0.0000569 secs] 2020-10-26T00:09:43.552-0800: [Unloading, 0.0004616 secs], 0.0013492 secs]
 [Times: user=0.00 sys=0.00, real=0.00 secs] 
2020-10-26T00:09:43.553-0800: [GC cleanup 197M->197M(256M), 0.0005356 secs]
 [Times: user=0.00 sys=0.00, real=0.00 secs] 
2020-10-26T00:09:43.554-0800: [GC pause (G1 Humongous Allocation) (young) (to-space exhausted), 0.0008653 secs]
   [Parallel Time: 0.3 ms, GC Workers: 10]
      [GC Worker Start (ms): Min: 499.2, Avg: 499.2, Max: 499.3, Diff: 0.1]
      [Ext Root Scanning (ms): Min: 0.1, Avg: 0.1, Max: 0.2, Diff: 0.1, Sum: 1.0]
      [Update RS (ms): Min: 0.0, Avg: 0.1, Max: 0.1, Diff: 0.1, Sum: 0.7]
         [Processed Buffers: Min: 1, Avg: 1.0, Max: 1, Diff: 0, Sum: 10]
      [Scan RS (ms): Min: 0.0, Avg: 0.0, Max: 0.0, Diff: 0.0, Sum: 0.0]
      [Code Root Scanning (ms): Min: 0.0, Avg: 0.0, Max: 0.0, Diff: 0.0, Sum: 0.0]
      [Object Copy (ms): Min: 0.0, Avg: 0.0, Max: 0.0, Diff: 0.0, Sum: 0.1]
      [Termination (ms): Min: 0.0, Avg: 0.0, Max: 0.1, Diff: 0.1, Sum: 0.3]
         [Termination Attempts: Min: 1, Avg: 1.7, Max: 5, Diff: 4, Sum: 17]
      [GC Worker Other (ms): Min: 0.0, Avg: 0.0, Max: 0.0, Diff: 0.0, Sum: 0.1]
      [GC Worker Total (ms): Min: 0.2, Avg: 0.2, Max: 0.3, Diff: 0.1, Sum: 2.1]
      [GC Worker End (ms): Min: 499.4, Avg: 499.4, Max: 499.5, Diff: 0.0]
   [Code Root Fixup: 0.0 ms]
   [Code Root Purge: 0.0 ms]
   [Clear CT: 0.1 ms]
   [Other: 0.4 ms]
      [Evacuation Failure: 0.1 ms]
      [Choose CSet: 0.0 ms]
      [Ref Proc: 0.2 ms]
      [Ref Enq: 0.0 ms]
      [Redirty Cards: 0.1 ms]
      [Humongous Register: 0.0 ms]
      [Humongous Reclaim: 0.0 ms]
      [Free CSet: 0.0 ms]
   [Eden: 6144.0K(11.0M)->0.0B(12.0M) Survivors: 1024.0K->0.0B Heap: 199.0M(256.0M)->197.2M(256.0M)]
 [Times: user=0.00 sys=0.00, real=0.00 secs] 
2020-10-26T00:09:43.555-0800: [GC pause (G1 Humongous Allocation) (young) (to-space exhausted), 0.0008367 secs]
   [Parallel Time: 0.3 ms, GC Workers: 10]
      [GC Worker Start (ms): Min: 500.4, Avg: 500.4, Max: 500.4, Diff: 0.1]
      [Ext Root Scanning (ms): Min: 0.1, Avg: 0.1, Max: 0.1, Diff: 0.1, Sum: 1.0]
      [Update RS (ms): Min: 0.0, Avg: 0.1, Max: 0.1, Diff: 0.1, Sum: 0.7]
         [Processed Buffers: Min: 1, Avg: 1.4, Max: 2, Diff: 1, Sum: 14]
      [Scan RS (ms): Min: 0.0, Avg: 0.0, Max: 0.0, Diff: 0.0, Sum: 0.0]
      [Code Root Scanning (ms): Min: 0.0, Avg: 0.0, Max: 0.0, Diff: 0.0, Sum: 0.0]
      [Object Copy (ms): Min: 0.0, Avg: 0.0, Max: 0.0, Diff: 0.0, Sum: 0.0]
      [Termination (ms): Min: 0.0, Avg: 0.0, Max: 0.1, Diff: 0.1, Sum: 0.5]
         [Termination Attempts: Min: 1, Avg: 1.0, Max: 1, Diff: 0, Sum: 10]
      [GC Worker Other (ms): Min: 0.0, Avg: 0.0, Max: 0.0, Diff: 0.0, Sum: 0.1]
      [GC Worker Total (ms): Min: 0.2, Avg: 0.2, Max: 0.3, Diff: 0.1, Sum: 2.2]
      [GC Worker End (ms): Min: 500.6, Avg: 500.6, Max: 500.6, Diff: 0.0]
   [Code Root Fixup: 0.0 ms]
   [Code Root Purge: 0.0 ms]
   [Clear CT: 0.1 ms]
   [Other: 0.4 ms]
      [Evacuation Failure: 0.1 ms]
      [Choose CSet: 0.0 ms]
      [Ref Proc: 0.2 ms]
      [Ref Enq: 0.0 ms]
      [Redirty Cards: 0.1 ms]
      [Humongous Register: 0.0 ms]
      [Humongous Reclaim: 0.0 ms]
      [Free CSet: 0.0 ms]
   [Eden: 1024.0K(12.0M)->0.0B(12.0M) Survivors: 0.0B->0.0B Heap: 198.3M(256.0M)->197.5M(256.0M)]
 [Times: user=0.00 sys=0.00, real=0.00 secs] 
2020-10-26T00:09:43.556-0800: [GC pause (G1 Humongous Allocation) (young), 0.0007775 secs]
   [Parallel Time: 0.3 ms, GC Workers: 10]
      [GC Worker Start (ms): Min: 501.5, Avg: 501.5, Max: 501.6, Diff: 0.1]
      [Ext Root Scanning (ms): Min: 0.1, Avg: 0.1, Max: 0.1, Diff: 0.1, Sum: 1.0]
      [Update RS (ms): Min: 0.0, Avg: 0.1, Max: 0.1, Diff: 0.1, Sum: 0.5]
         [Processed Buffers: Min: 1, Avg: 1.2, Max: 2, Diff: 1, Sum: 12]
      [Scan RS (ms): Min: 0.0, Avg: 0.0, Max: 0.0, Diff: 0.0, Sum: 0.0]
      [Code Root Scanning (ms): Min: 0.0, Avg: 0.0, Max: 0.0, Diff: 0.0, Sum: 0.0]
      [Object Copy (ms): Min: 0.0, Avg: 0.0, Max: 0.0, Diff: 0.0, Sum: 0.0]
      [Termination (ms): Min: 0.0, Avg: 0.1, Max: 0.1, Diff: 0.1, Sum: 0.7]
         [Termination Attempts: Min: 1, Avg: 1.0, Max: 1, Diff: 0, Sum: 10]
      [GC Worker Other (ms): Min: 0.0, Avg: 0.0, Max: 0.0, Diff: 0.0, Sum: 0.0]
      [GC Worker Total (ms): Min: 0.2, Avg: 0.2, Max: 0.3, Diff: 0.1, Sum: 2.2]
      [GC Worker End (ms): Min: 501.7, Avg: 501.7, Max: 501.8, Diff: 0.1]
   [Code Root Fixup: 0.0 ms]
   [Code Root Purge: 0.0 ms]
   [Clear CT: 0.1 ms]
   [Other: 0.3 ms]
      [Choose CSet: 0.0 ms]
      [Ref Proc: 0.1 ms]
      [Ref Enq: 0.0 ms]
      [Redirty Cards: 0.1 ms]
      [Humongous Register: 0.0 ms]
      [Humongous Reclaim: 0.0 ms]
      [Free CSet: 0.0 ms]
   [Eden: 0.0B(12.0M)->0.0B(12.0M) Survivors: 0.0B->0.0B Heap: 198.0M(256.0M)->197.5M(256.0M)]
 [Times: user=0.00 sys=0.00, real=0.00 secs] 
2020-10-26T00:09:43.557-0800: [GC pause (G1 Evacuation Pause) (young), 0.0008331 secs]
   [Parallel Time: 0.4 ms, GC Workers: 10]
      [GC Worker Start (ms): Min: 502.5, Avg: 502.6, Max: 502.6, Diff: 0.1]
      [Ext Root Scanning (ms): Min: 0.1, Avg: 0.1, Max: 0.1, Diff: 0.1, Sum: 1.0]
      [Update RS (ms): Min: 0.0, Avg: 0.1, Max: 0.1, Diff: 0.1, Sum: 0.6]
         [Processed Buffers: Min: 0, Avg: 0.8, Max: 1, Diff: 1, Sum: 8]
      [Scan RS (ms): Min: 0.0, Avg: 0.0, Max: 0.0, Diff: 0.0, Sum: 0.0]
      [Code Root Scanning (ms): Min: 0.0, Avg: 0.0, Max: 0.0, Diff: 0.0, Sum: 0.0]
      [Object Copy (ms): Min: 0.0, Avg: 0.0, Max: 0.0, Diff: 0.0, Sum: 0.0]
      [Termination (ms): Min: 0.0, Avg: 0.1, Max: 0.1, Diff: 0.1, Sum: 0.6]
         [Termination Attempts: Min: 1, Avg: 1.0, Max: 1, Diff: 0, Sum: 10]
      [GC Worker Other (ms): Min: 0.0, Avg: 0.0, Max: 0.0, Diff: 0.0, Sum: 0.1]
      [GC Worker Total (ms): Min: 0.2, Avg: 0.2, Max: 0.3, Diff: 0.1, Sum: 2.3]
      [GC Worker End (ms): Min: 502.8, Avg: 502.8, Max: 502.8, Diff: 0.0]
   [Code Root Fixup: 0.0 ms]
   [Code Root Purge: 0.0 ms]
   [Clear CT: 0.1 ms]
   [Other: 0.4 ms]
      [Choose CSet: 0.0 ms]
      [Ref Proc: 0.2 ms]
      [Ref Enq: 0.0 ms]
      [Redirty Cards: 0.1 ms]
      [Humongous Register: 0.0 ms]
      [Humongous Reclaim: 0.0 ms]
      [Free CSet: 0.0 ms]
   [Eden: 0.0B(12.0M)->0.0B(12.0M) Survivors: 0.0B->0.0B Heap: 198.2M(256.0M)->198.2M(256.0M)]
 [Times: user=0.01 sys=0.00, real=0.00 secs] 
2020-10-26T00:09:43.558-0800: [GC pause (G1 Evacuation Pause) (young), 0.0007456 secs]
   [Parallel Time: 0.3 ms, GC Workers: 10]
      [GC Worker Start (ms): Min: 503.5, Avg: 503.6, Max: 503.6, Diff: 0.1]
      [Ext Root Scanning (ms): Min: 0.1, Avg: 0.1, Max: 0.1, Diff: 0.1, Sum: 1.0]
      [Update RS (ms): Min: 0.0, Avg: 0.0, Max: 0.1, Diff: 0.1, Sum: 0.1]
         [Processed Buffers: Min: 0, Avg: 0.2, Max: 1, Diff: 1, Sum: 2]
      [Scan RS (ms): Min: 0.0, Avg: 0.0, Max: 0.0, Diff: 0.0, Sum: 0.0]
      [Code Root Scanning (ms): Min: 0.0, Avg: 0.0, Max: 0.0, Diff: 0.0, Sum: 0.0]
      [Object Copy (ms): Min: 0.0, Avg: 0.0, Max: 0.0, Diff: 0.0, Sum: 0.0]
      [Termination (ms): Min: 0.0, Avg: 0.1, Max: 0.1, Diff: 0.1, Sum: 1.0]
         [Termination Attempts: Min: 1, Avg: 1.0, Max: 1, Diff: 0, Sum: 10]
      [GC Worker Other (ms): Min: 0.0, Avg: 0.0, Max: 0.0, Diff: 0.0, Sum: 0.1]
      [GC Worker Total (ms): Min: 0.2, Avg: 0.2, Max: 0.3, Diff: 0.1, Sum: 2.3]
      [GC Worker End (ms): Min: 503.8, Avg: 503.8, Max: 503.8, Diff: 0.0]
   [Code Root Fixup: 0.0 ms]
   [Code Root Purge: 0.0 ms]
   [Clear CT: 0.1 ms]
   [Other: 0.3 ms]
      [Choose CSet: 0.0 ms]
      [Ref Proc: 0.1 ms]
      [Ref Enq: 0.0 ms]
      [Redirty Cards: 0.1 ms]
      [Humongous Register: 0.0 ms]
      [Humongous Reclaim: 0.0 ms]
      [Free CSet: 0.0 ms]
   [Eden: 0.0B(12.0M)->0.0B(12.0M) Survivors: 0.0B->0.0B Heap: 198.2M(256.0M)->198.2M(256.0M)]
 [Times: user=0.00 sys=0.01, real=0.00 secs] 
2020-10-26T00:09:43.559-0800: [Full GC (Allocation Failure)  198M->195M(256M), 0.0101176 secs]
   [Eden: 0.0B(12.0M)->0.0B(12.0M) Survivors: 0.0B->0.0B Heap: 198.2M(256.0M)->195.0M(256.0M)], [Metaspace: 2673K->2673K(1056768K)]
 [Times: user=0.01 sys=0.00, real=0.01 secs] 
2020-10-26T00:09:43.569-0800: [GC pause (G1 Humongous Allocation) (young) (initial-mark), 0.0010894 secs]
   [Parallel Time: 0.5 ms, GC Workers: 10]
      [GC Worker Start (ms): Min: 515.0, Avg: 515.0, Max: 515.1, Diff: 0.1]
      [Ext Root Scanning (ms): Min: 0.1, Avg: 0.1, Max: 0.2, Diff: 0.1, Sum: 1.3]
      [Update RS (ms): Min: 0.0, Avg: 0.0, Max: 0.1, Diff: 0.1, Sum: 0.2]
         [Processed Buffers: Min: 0, Avg: 0.2, Max: 1, Diff: 1, Sum: 2]
      [Scan RS (ms): Min: 0.0, Avg: 0.0, Max: 0.0, Diff: 0.0, Sum: 0.0]
      [Code Root Scanning (ms): Min: 0.0, Avg: 0.0, Max: 0.0, Diff: 0.0, Sum: 0.0]
      [Object Copy (ms): Min: 0.0, Avg: 0.0, Max: 0.0, Diff: 0.0, Sum: 0.0]
      [Termination (ms): Min: 0.0, Avg: 0.2, Max: 0.2, Diff: 0.2, Sum: 2.0]
         [Termination Attempts: Min: 1, Avg: 1.0, Max: 1, Diff: 0, Sum: 10]
      [GC Worker Other (ms): Min: 0.0, Avg: 0.0, Max: 0.0, Diff: 0.0, Sum: 0.1]
      [GC Worker Total (ms): Min: 0.2, Avg: 0.4, Max: 0.4, Diff: 0.2, Sum: 3.6]
      [GC Worker End (ms): Min: 515.3, Avg: 515.4, Max: 515.4, Diff: 0.1]
   [Code Root Fixup: 0.0 ms]
   [Code Root Purge: 0.0 ms]
   [Clear CT: 0.1 ms]
   [Other: 0.5 ms]
      [Choose CSet: 0.0 ms]
      [Ref Proc: 0.2 ms]
      [Ref Enq: 0.0 ms]
      [Redirty Cards: 0.1 ms]
      [Humongous Register: 0.0 ms]
      [Humongous Reclaim: 0.0 ms]
      [Free CSet: 0.0 ms]
   [Eden: 1024.0K(12.0M)->0.0B(11.0M) Survivors: 0.0B->1024.0K Heap: 195.6M(256.0M)->195.1M(256.0M)]
 [Times: user=0.01 sys=0.00, real=0.01 secs] 
2020-10-26T00:09:43.571-0800: [GC concurrent-root-region-scan-start]
2020-10-26T00:09:43.571-0800: [GC concurrent-root-region-scan-end, 0.0000707 secs]
2020-10-26T00:09:43.571-0800: [GC concurrent-mark-start]
2020-10-26T00:09:43.571-0800: [GC concurrent-mark-end, 0.0005017 secs]
2020-10-26T00:09:43.571-0800: [GC remark 2020-10-26T00:09:43.571-0800: [Finalize Marking, 0.0002243 secs] 2020-10-26T00:09:43.571-0800: [GC ref-proc, 0.0000567 secs] 2020-10-26T00:09:43.572-0800: [Unloading, 0.0004607 secs], 0.0012135 secs]
 [Times: user=0.01 sys=0.00, real=0.00 secs] 
2020-10-26T00:09:43.573-0800: [GC pause (G1 Humongous Allocation) (young) (to-space exhausted), 0.0009254 secs]
   [Parallel Time: 0.4 ms, GC Workers: 10]
      [GC Worker Start (ms): Min: 518.2, Avg: 518.4, Max: 518.4, Diff: 0.2]
      [Ext Root Scanning (ms): Min: 0.0, Avg: 0.0, Max: 0.2, Diff: 0.2, Sum: 0.5]
      [Update RS (ms): Min: 0.0, Avg: 0.1, Max: 0.1, Diff: 0.1, Sum: 0.7]
         [Processed Buffers: Min: 0, Avg: 1.0, Max: 2, Diff: 2, Sum: 10]
      [Scan RS (ms): Min: 0.0, Avg: 0.0, Max: 0.0, Diff: 0.0, Sum: 0.0]
      [Code Root Scanning (ms): Min: 0.0, Avg: 0.0, Max: 0.0, Diff: 0.0, Sum: 0.0]
      [Object Copy (ms): Min: 0.0, Avg: 0.0, Max: 0.0, Diff: 0.0, Sum: 0.0]
      [Termination (ms): Min: 0.0, Avg: 0.0, Max: 0.1, Diff: 0.1, Sum: 0.5]
         [Termination Attempts: Min: 1, Avg: 1.2, Max: 3, Diff: 2, Sum: 12]
      [GC Worker Other (ms): Min: 0.0, Avg: 0.0, Max: 0.0, Diff: 0.0, Sum: 0.1]
      [GC Worker Total (ms): Min: 0.1, Avg: 0.2, Max: 0.3, Diff: 0.2, Sum: 1.7]
      [GC Worker End (ms): Min: 518.5, Avg: 518.5, Max: 518.6, Diff: 0.1]
   [Code Root Fixup: 0.0 ms]
   [Code Root Purge: 0.0 ms]
   [Clear CT: 0.1 ms]
   [Other: 0.4 ms]
      [Evacuation Failure: 0.1 ms]
      [Choose CSet: 0.0 ms]
      [Ref Proc: 0.2 ms]
      [Ref Enq: 0.0 ms]
      [Redirty Cards: 0.1 ms]
      [Humongous Register: 0.0 ms]
      [Humongous Reclaim: 0.0 ms]
      [Free CSet: 0.0 ms]
   [Eden: 3072.0K(11.0M)->0.0B(12.0M) Survivors: 1024.0K->0.0B Heap: 198.9M(256.0M)->198.1M(256.0M)]
 [Times: user=0.00 sys=0.00, real=0.00 secs] 
2020-10-26T00:09:43.574-0800: [GC cleanup 198M->198M(256M), 0.0005641 secs]
 [Times: user=0.00 sys=0.00, real=0.00 secs] 
2020-10-26T00:09:43.574-0800: [GC pause (G1 Evacuation Pause) (young), 0.0007761 secs]
   [Parallel Time: 0.3 ms, GC Workers: 10]
      [GC Worker Start (ms): Min: 520.1, Avg: 520.1, Max: 520.1, Diff: 0.1]
      [Ext Root Scanning (ms): Min: 0.1, Avg: 0.1, Max: 0.1, Diff: 0.1, Sum: 1.1]
      [Update RS (ms): Min: 0.0, Avg: 0.1, Max: 0.1, Diff: 0.1, Sum: 0.6]
         [Processed Buffers: Min: 1, Avg: 1.2, Max: 2, Diff: 1, Sum: 12]
      [Scan RS (ms): Min: 0.0, Avg: 0.0, Max: 0.0, Diff: 0.0, Sum: 0.0]
      [Code Root Scanning (ms): Min: 0.0, Avg: 0.0, Max: 0.0, Diff: 0.0, Sum: 0.0]
      [Object Copy (ms): Min: 0.0, Avg: 0.0, Max: 0.0, Diff: 0.0, Sum: 0.0]
      [Termination (ms): Min: 0.0, Avg: 0.0, Max: 0.1, Diff: 0.1, Sum: 0.5]
         [Termination Attempts: Min: 1, Avg: 1.0, Max: 1, Diff: 0, Sum: 10]
      [GC Worker Other (ms): Min: 0.0, Avg: 0.0, Max: 0.0, Diff: 0.0, Sum: 0.1]
      [GC Worker Total (ms): Min: 0.2, Avg: 0.2, Max: 0.3, Diff: 0.1, Sum: 2.3]
      [GC Worker End (ms): Min: 520.3, Avg: 520.3, Max: 520.4, Diff: 0.0]
   [Code Root Fixup: 0.0 ms]
   [Code Root Purge: 0.0 ms]
   [Clear CT: 0.1 ms]
   [Other: 0.4 ms]
      [Choose CSet: 0.0 ms]
      [Ref Proc: 0.2 ms]
      [Ref Enq: 0.0 ms]
      [Redirty Cards: 0.1 ms]
      [Humongous Register: 0.0 ms]
      [Humongous Reclaim: 0.0 ms]
      [Free CSet: 0.0 ms]
   [Eden: 0.0B(12.0M)->0.0B(12.0M) Survivors: 0.0B->0.0B Heap: 198.8M(256.0M)->198.1M(256.0M)]
 [Times: user=0.00 sys=0.00, real=0.00 secs] 
2020-10-26T00:09:43.575-0800: [GC pause (G1 Humongous Allocation) (young) (to-space exhausted), 0.0007810 secs]
   [Parallel Time: 0.3 ms, GC Workers: 10]
      [GC Worker Start (ms): Min: 521.1, Avg: 521.1, Max: 521.2, Diff: 0.1]
      [Ext Root Scanning (ms): Min: 0.1, Avg: 0.1, Max: 0.1, Diff: 0.1, Sum: 1.1]
      [Update RS (ms): Min: 0.0, Avg: 0.0, Max: 0.1, Diff: 0.1, Sum: 0.1]
         [Processed Buffers: Min: 0, Avg: 0.3, Max: 1, Diff: 1, Sum: 3]
      [Scan RS (ms): Min: 0.0, Avg: 0.0, Max: 0.0, Diff: 0.0, Sum: 0.0]
      [Code Root Scanning (ms): Min: 0.0, Avg: 0.0, Max: 0.0, Diff: 0.0, Sum: 0.0]
      [Object Copy (ms): Min: 0.0, Avg: 0.0, Max: 0.0, Diff: 0.0, Sum: 0.0]
      [Termination (ms): Min: 0.0, Avg: 0.1, Max: 0.1, Diff: 0.1, Sum: 0.9]
         [Termination Attempts: Min: 1, Avg: 2.0, Max: 4, Diff: 3, Sum: 20]
      [GC Worker Other (ms): Min: 0.0, Avg: 0.0, Max: 0.0, Diff: 0.0, Sum: 0.1]
      [GC Worker Total (ms): Min: 0.2, Avg: 0.2, Max: 0.3, Diff: 0.1, Sum: 2.2]
      [GC Worker End (ms): Min: 521.3, Avg: 521.4, Max: 521.4, Diff: 0.1]
   [Code Root Fixup: 0.0 ms]
   [Code Root Purge: 0.0 ms]
   [Clear CT: 0.1 ms]
   [Other: 0.4 ms]
      [Evacuation Failure: 0.1 ms]
      [Choose CSet: 0.0 ms]
      [Ref Proc: 0.1 ms]
      [Ref Enq: 0.0 ms]
      [Redirty Cards: 0.1 ms]
      [Humongous Register: 0.0 ms]
      [Humongous Reclaim: 0.0 ms]
      [Free CSet: 0.0 ms]
   [Eden: 1024.0K(12.0M)->0.0B(12.0M) Survivors: 0.0B->0.0B Heap: 199.0M(256.0M)->199.0M(256.0M)]
 [Times: user=0.01 sys=0.00, real=0.00 secs] 
2020-10-26T00:09:43.576-0800: [Full GC (Allocation Failure)  198M->195M(256M), 0.0030825 secs]
   [Eden: 0.0B(12.0M)->0.0B(12.0M) Survivors: 0.0B->0.0B Heap: 199.0M(256.0M)->196.0M(256.0M)], [Metaspace: 2673K->2673K(1056768K)]
 [Times: user=0.00 sys=0.00, real=0.01 secs] 
2020-10-26T00:09:43.580-0800: [GC pause (G1 Humongous Allocation) (young) (initial-mark), 0.0007479 secs]
   [Parallel Time: 0.4 ms, GC Workers: 10]
      [GC Worker Start (ms): Min: 525.6, Avg: 525.7, Max: 525.7, Diff: 0.1]
      [Ext Root Scanning (ms): Min: 0.1, Avg: 0.1, Max: 0.1, Diff: 0.1, Sum: 1.0]
      [Update RS (ms): Min: 0.0, Avg: 0.1, Max: 0.1, Diff: 0.1, Sum: 0.6]
         [Processed Buffers: Min: 0, Avg: 0.7, Max: 1, Diff: 1, Sum: 7]
      [Scan RS (ms): Min: 0.0, Avg: 0.0, Max: 0.0, Diff: 0.0, Sum: 0.0]
      [Code Root Scanning (ms): Min: 0.0, Avg: 0.0, Max: 0.0, Diff: 0.0, Sum: 0.0]
      [Object Copy (ms): Min: 0.0, Avg: 0.0, Max: 0.0, Diff: 0.0, Sum: 0.0]
      [Termination (ms): Min: 0.0, Avg: 0.1, Max: 0.1, Diff: 0.1, Sum: 0.6]
         [Termination Attempts: Min: 1, Avg: 1.3, Max: 3, Diff: 2, Sum: 13]
      [GC Worker Other (ms): Min: 0.0, Avg: 0.0, Max: 0.0, Diff: 0.0, Sum: 0.1]
      [GC Worker Total (ms): Min: 0.2, Avg: 0.2, Max: 0.3, Diff: 0.1, Sum: 2.3]
      [GC Worker End (ms): Min: 525.9, Avg: 525.9, Max: 525.9, Diff: 0.0]
   [Code Root Fixup: 0.0 ms]
   [Code Root Purge: 0.0 ms]
   [Clear CT: 0.1 ms]
   [Other: 0.3 ms]
      [Choose CSet: 0.0 ms]
      [Ref Proc: 0.1 ms]
      [Ref Enq: 0.0 ms]
      [Redirty Cards: 0.1 ms]
      [Humongous Register: 0.0 ms]
      [Humongous Reclaim: 0.0 ms]
      [Free CSet: 0.0 ms]
   [Eden: 1024.0K(12.0M)->0.0B(11.0M) Survivors: 0.0B->1024.0K Heap: 197.6M(256.0M)->196.8M(256.0M)]
 [Times: user=0.00 sys=0.00, real=0.00 secs] 
2020-10-26T00:09:43.581-0800: [GC concurrent-root-region-scan-start]
2020-10-26T00:09:43.581-0800: [GC concurrent-root-region-scan-end, 0.0000655 secs]
2020-10-26T00:09:43.581-0800: [GC concurrent-mark-start]
2020-10-26T00:09:43.581-0800: [GC pause (G1 Evacuation Pause) (young) (to-space exhausted), 0.0008816 secs]
   [Parallel Time: 0.3 ms, GC Workers: 10]
      [GC Worker Start (ms): Min: 526.9, Avg: 527.0, Max: 527.0, Diff: 0.1]
      [Ext Root Scanning (ms): Min: 0.0, Avg: 0.1, Max: 0.1, Diff: 0.1, Sum: 0.9]
      [Update RS (ms): Min: 0.0, Avg: 0.1, Max: 0.1, Diff: 0.1, Sum: 0.6]
         [Processed Buffers: Min: 0, Avg: 0.9, Max: 1, Diff: 1, Sum: 9]
      [Scan RS (ms): Min: 0.0, Avg: 0.0, Max: 0.0, Diff: 0.0, Sum: 0.0]
      [Code Root Scanning (ms): Min: 0.0, Avg: 0.0, Max: 0.0, Diff: 0.0, Sum: 0.0]
      [Object Copy (ms): Min: 0.0, Avg: 0.0, Max: 0.0, Diff: 0.0, Sum: 0.0]
      [Termination (ms): Min: 0.0, Avg: 0.0, Max: 0.1, Diff: 0.1, Sum: 0.5]
         [Termination Attempts: Min: 1, Avg: 1.2, Max: 2, Diff: 1, Sum: 12]
      [GC Worker Other (ms): Min: 0.0, Avg: 0.0, Max: 0.0, Diff: 0.0, Sum: 0.1]
      [GC Worker Total (ms): Min: 0.1, Avg: 0.2, Max: 0.3, Diff: 0.1, Sum: 2.1]
      [GC Worker End (ms): Min: 527.2, Avg: 527.2, Max: 527.2, Diff: 0.1]
   [Code Root Fixup: 0.0 ms]
   [Code Root Purge: 0.0 ms]
   [Clear CT: 0.1 ms]
   [Other: 0.4 ms]
      [Evacuation Failure: 0.1 ms]
      [Choose CSet: 0.0 ms]
      [Ref Proc: 0.2 ms]
      [Ref Enq: 0.0 ms]
      [Redirty Cards: 0.1 ms]
      [Humongous Register: 0.0 ms]
      [Humongous Reclaim: 0.0 ms]
      [Free CSet: 0.0 ms]
   [Eden: 1024.0K(11.0M)->0.0B(12.0M) Survivors: 1024.0K->0.0B Heap: 198.5M(256.0M)->198.5M(256.0M)]
 [Times: user=0.00 sys=0.00, real=0.00 secs] 
2020-10-26T00:09:43.582-0800: [Full GC (Allocation Failure)  198M->196M(256M), 0.0140945 secs]
   [Eden: 0.0B(12.0M)->0.0B(12.0M) Survivors: 0.0B->0.0B Heap: 198.5M(256.0M)->196.7M(256.0M)], [Metaspace: 2673K->2673K(1056768K)]
 [Times: user=0.01 sys=0.00, real=0.01 secs] 
2020-10-26T00:09:43.597-0800: [GC concurrent-mark-abort]
2020-10-26T00:09:43.597-0800: [GC pause (G1 Evacuation Pause) (young) (to-space exhausted), 0.0010834 secs]
   [Parallel Time: 0.4 ms, GC Workers: 10]
      [GC Worker Start (ms): Min: 542.9, Avg: 543.1, Max: 543.1, Diff: 0.2]
      [Ext Root Scanning (ms): Min: 0.0, Avg: 0.1, Max: 0.2, Diff: 0.2, Sum: 0.8]
      [Update RS (ms): Min: 0.0, Avg: 0.0, Max: 0.1, Diff: 0.1, Sum: 0.2]
         [Processed Buffers: Min: 0, Avg: 0.2, Max: 1, Diff: 1, Sum: 2]
      [Scan RS (ms): Min: 0.0, Avg: 0.0, Max: 0.0, Diff: 0.0, Sum: 0.0]
      [Code Root Scanning (ms): Min: 0.0, Avg: 0.0, Max: 0.0, Diff: 0.0, Sum: 0.0]
      [Object Copy (ms): Min: 0.0, Avg: 0.0, Max: 0.0, Diff: 0.0, Sum: 0.1]
      [Termination (ms): Min: 0.0, Avg: 0.1, Max: 0.1, Diff: 0.1, Sum: 1.1]
         [Termination Attempts: Min: 1, Avg: 1.8, Max: 3, Diff: 2, Sum: 18]
      [GC Worker Other (ms): Min: 0.0, Avg: 0.0, Max: 0.0, Diff: 0.0, Sum: 0.1]
      [GC Worker Total (ms): Min: 0.1, Avg: 0.2, Max: 0.3, Diff: 0.2, Sum: 2.2]
      [GC Worker End (ms): Min: 543.2, Avg: 543.3, Max: 543.3, Diff: 0.1]
   [Code Root Fixup: 0.0 ms]
   [Code Root Purge: 0.0 ms]
   [Clear CT: 0.1 ms]
   [Other: 0.5 ms]
      [Evacuation Failure: 0.1 ms]
      [Choose CSet: 0.0 ms]
      [Ref Proc: 0.2 ms]
      [Ref Enq: 0.0 ms]
      [Redirty Cards: 0.1 ms]
      [Humongous Register: 0.0 ms]
      [Humongous Reclaim: 0.0 ms]
      [Free CSet: 0.0 ms]
   [Eden: 4096.0K(12.0M)->0.0B(12.0M) Survivors: 0.0B->0.0B Heap: 200.7M(256.0M)->199.7M(256.0M)]
 [Times: user=0.00 sys=0.00, real=0.00 secs] 
2020-10-26T00:09:43.599-0800: [GC pause (G1 Evacuation Pause) (young) (initial-mark) (to-space exhausted), 0.0010761 secs]
   [Parallel Time: 0.5 ms, GC Workers: 10]
      [GC Worker Start (ms): Min: 544.3, Avg: 544.4, Max: 544.5, Diff: 0.2]
      [Ext Root Scanning (ms): Min: 0.0, Avg: 0.1, Max: 0.3, Diff: 0.3, Sum: 1.3]
      [Update RS (ms): Min: 0.0, Avg: 0.0, Max: 0.1, Diff: 0.1, Sum: 0.1]
         [Processed Buffers: Min: 0, Avg: 0.6, Max: 2, Diff: 2, Sum: 6]
      [Scan RS (ms): Min: 0.0, Avg: 0.0, Max: 0.0, Diff: 0.0, Sum: 0.0]
      [Code Root Scanning (ms): Min: 0.0, Avg: 0.0, Max: 0.0, Diff: 0.0, Sum: 0.0]
      [Object Copy (ms): Min: 0.0, Avg: 0.0, Max: 0.0, Diff: 0.0, Sum: 0.0]
      [Termination (ms): Min: 0.0, Avg: 0.1, Max: 0.1, Diff: 0.1, Sum: 0.8]
         [Termination Attempts: Min: 1, Avg: 1.0, Max: 1, Diff: 0, Sum: 10]
      [GC Worker Other (ms): Min: 0.0, Avg: 0.0, Max: 0.0, Diff: 0.0, Sum: 0.1]
      [GC Worker Total (ms): Min: 0.1, Avg: 0.2, Max: 0.3, Diff: 0.2, Sum: 2.3]
      [GC Worker End (ms): Min: 544.6, Avg: 544.7, Max: 544.7, Diff: 0.1]
   [Code Root Fixup: 0.0 ms]
   [Code Root Purge: 0.0 ms]
   [Clear CT: 0.1 ms]
   [Other: 0.5 ms]
      [Evacuation Failure: 0.1 ms]
      [Choose CSet: 0.0 ms]
      [Ref Proc: 0.1 ms]
      [Ref Enq: 0.0 ms]
      [Redirty Cards: 0.1 ms]
      [Humongous Register: 0.0 ms]
      [Humongous Reclaim: 0.0 ms]
      [Free CSet: 0.0 ms]
   [Eden: 1024.0K(12.0M)->0.0B(12.0M) Survivors: 0.0B->0.0B Heap: 200.7M(256.0M)->200.7M(256.0M)]
 [Times: user=0.00 sys=0.00, real=0.01 secs] 
2020-10-26T00:09:43.600-0800: [GC concurrent-root-region-scan-start]
2020-10-26T00:09:43.600-0800: [GC concurrent-root-region-scan-end, 0.0000173 secs]
2020-10-26T00:09:43.600-0800: [GC concurrent-mark-start]
2020-10-26T00:09:43.600-0800: [Full GC (Allocation Failure)  200M->196M(256M), 0.0027410 secs]
   [Eden: 0.0B(12.0M)->0.0B(12.0M) Survivors: 0.0B->0.0B Heap: 200.7M(256.0M)->196.9M(256.0M)], [Metaspace: 2673K->2673K(1056768K)]
 [Times: user=0.01 sys=0.00, real=0.00 secs] 
2020-10-26T00:09:43.603-0800: [GC concurrent-mark-abort]
2020-10-26T00:09:43.603-0800: [GC pause (G1 Evacuation Pause) (young) (to-space exhausted), 0.0010271 secs]
   [Parallel Time: 0.4 ms, GC Workers: 10]
      [GC Worker Start (ms): Min: 549.0, Avg: 549.1, Max: 549.1, Diff: 0.1]
      [Ext Root Scanning (ms): Min: 0.0, Avg: 0.1, Max: 0.2, Diff: 0.1, Sum: 0.8]
      [Update RS (ms): Min: 0.0, Avg: 0.1, Max: 0.1, Diff: 0.1, Sum: 0.7]
         [Processed Buffers: Min: 0, Avg: 0.7, Max: 1, Diff: 1, Sum: 7]
      [Scan RS (ms): Min: 0.0, Avg: 0.0, Max: 0.0, Diff: 0.0, Sum: 0.0]
      [Code Root Scanning (ms): Min: 0.0, Avg: 0.0, Max: 0.0, Diff: 0.0, Sum: 0.0]
      [Object Copy (ms): Min: 0.0, Avg: 0.0, Max: 0.0, Diff: 0.0, Sum: 0.0]
      [Termination (ms): Min: 0.0, Avg: 0.1, Max: 0.1, Diff: 0.1, Sum: 0.6]
         [Termination Attempts: Min: 1, Avg: 1.4, Max: 3, Diff: 2, Sum: 14]
      [GC Worker Other (ms): Min: 0.0, Avg: 0.0, Max: 0.0, Diff: 0.0, Sum: 0.1]
      [GC Worker Total (ms): Min: 0.2, Avg: 0.2, Max: 0.3, Diff: 0.1, Sum: 2.1]
      [GC Worker End (ms): Min: 549.3, Avg: 549.3, Max: 549.3, Diff: 0.0]
   [Code Root Fixup: 0.0 ms]
   [Code Root Purge: 0.0 ms]
   [Clear CT: 0.1 ms]
   [Other: 0.5 ms]
      [Evacuation Failure: 0.1 ms]
      [Choose CSet: 0.0 ms]
      [Ref Proc: 0.1 ms]
      [Ref Enq: 0.0 ms]
      [Redirty Cards: 0.2 ms]
      [Humongous Register: 0.0 ms]
      [Humongous Reclaim: 0.0 ms]
      [Free CSet: 0.0 ms]
   [Eden: 2048.0K(12.0M)->0.0B(12.0M) Survivors: 0.0B->0.0B Heap: 199.6M(256.0M)->199.6M(256.0M)]
 [Times: user=0.00 sys=0.01, real=0.00 secs] 
2020-10-26T00:09:43.605-0800: [Full GC (Allocation Failure)  199M->198M(256M), 0.0024320 secs]
   [Eden: 0.0B(12.0M)->0.0B(12.0M) Survivors: 0.0B->0.0B Heap: 199.6M(256.0M)->198.0M(256.0M)], [Metaspace: 2673K->2673K(1056768K)]
 [Times: user=0.00 sys=0.00, real=0.00 secs] 
2020-10-26T00:09:43.607-0800: [GC pause (G1 Evacuation Pause) (young) (to-space exhausted), 0.0009641 secs]
   [Parallel Time: 0.3 ms, GC Workers: 10]
      [GC Worker Start (ms): Min: 553.1, Avg: 553.2, Max: 553.3, Diff: 0.2]
      [Ext Root Scanning (ms): Min: 0.0, Avg: 0.1, Max: 0.2, Diff: 0.2, Sum: 0.7]
      [Update RS (ms): Min: 0.0, Avg: 0.0, Max: 0.1, Diff: 0.1, Sum: 0.2]
         [Processed Buffers: Min: 0, Avg: 0.2, Max: 1, Diff: 1, Sum: 2]
      [Scan RS (ms): Min: 0.0, Avg: 0.0, Max: 0.0, Diff: 0.0, Sum: 0.0]
      [Code Root Scanning (ms): Min: 0.0, Avg: 0.0, Max: 0.0, Diff: 0.0, Sum: 0.0]
      [Object Copy (ms): Min: 0.0, Avg: 0.0, Max: 0.0, Diff: 0.0, Sum: 0.1]
      [Termination (ms): Min: 0.0, Avg: 0.1, Max: 0.1, Diff: 0.1, Sum: 1.0]
         [Termination Attempts: Min: 1, Avg: 2.6, Max: 5, Diff: 4, Sum: 26]
      [GC Worker Other (ms): Min: 0.0, Avg: 0.0, Max: 0.0, Diff: 0.0, Sum: 0.1]
      [GC Worker Total (ms): Min: 0.1, Avg: 0.2, Max: 0.3, Diff: 0.2, Sum: 1.9]
      [GC Worker End (ms): Min: 553.4, Avg: 553.4, Max: 553.4, Diff: 0.1]
   [Code Root Fixup: 0.0 ms]
   [Code Root Purge: 0.0 ms]
   [Clear CT: 0.1 ms]
   [Other: 0.5 ms]
      [Evacuation Failure: 0.1 ms]
      [Choose CSet: 0.0 ms]
      [Ref Proc: 0.2 ms]
      [Ref Enq: 0.0 ms]
      [Redirty Cards: 0.1 ms]
      [Humongous Register: 0.0 ms]
      [Humongous Reclaim: 0.0 ms]
      [Free CSet: 0.0 ms]
   [Eden: 2048.0K(12.0M)->0.0B(12.0M) Survivors: 0.0B->0.0B Heap: 200.0M(256.0M)->200.0M(256.0M)]
 [Times: user=0.01 sys=0.00, real=0.00 secs] 
2020-10-26T00:09:43.609-0800: [Full GC (Allocation Failure)  200M->198M(256M), 0.0042854 secs]
   [Eden: 0.0B(12.0M)->0.0B(12.0M) Survivors: 0.0B->0.0B Heap: 200.0M(256.0M)->198.2M(256.0M)], [Metaspace: 2673K->2673K(1056768K)]
 [Times: user=0.00 sys=0.00, real=0.01 secs] 
2020-10-26T00:09:43.613-0800: [GC pause (G1 Evacuation Pause) (young) (to-space exhausted), 0.0012390 secs]
   [Parallel Time: 0.4 ms, GC Workers: 10]
      [GC Worker Start (ms): Min: 558.8, Avg: 558.9, Max: 558.9, Diff: 0.1]
      [Ext Root Scanning (ms): Min: 0.1, Avg: 0.1, Max: 0.2, Diff: 0.1, Sum: 1.1]
      [Update RS (ms): Min: 0.0, Avg: 0.0, Max: 0.1, Diff: 0.1, Sum: 0.2]
         [Processed Buffers: Min: 0, Avg: 0.2, Max: 1, Diff: 1, Sum: 2]
      [Scan RS (ms): Min: 0.0, Avg: 0.0, Max: 0.0, Diff: 0.0, Sum: 0.0]
      [Code Root Scanning (ms): Min: 0.0, Avg: 0.0, Max: 0.0, Diff: 0.0, Sum: 0.0]
      [Object Copy (ms): Min: 0.0, Avg: 0.0, Max: 0.0, Diff: 0.0, Sum: 0.0]
      [Termination (ms): Min: 0.0, Avg: 0.1, Max: 0.1, Diff: 0.1, Sum: 1.1]
         [Termination Attempts: Min: 1, Avg: 2.1, Max: 3, Diff: 2, Sum: 21]
      [GC Worker Other (ms): Min: 0.0, Avg: 0.0, Max: 0.0, Diff: 0.0, Sum: 0.1]
      [GC Worker Total (ms): Min: 0.2, Avg: 0.2, Max: 0.3, Diff: 0.1, Sum: 2.5]
      [GC Worker End (ms): Min: 559.1, Avg: 559.1, Max: 559.1, Diff: 0.0]
   [Code Root Fixup: 0.0 ms]
   [Code Root Purge: 0.0 ms]
   [Clear CT: 0.2 ms]
   [Other: 0.6 ms]
      [Evacuation Failure: 0.1 ms]
      [Choose CSet: 0.0 ms]
      [Ref Proc: 0.3 ms]
      [Ref Enq: 0.0 ms]
      [Redirty Cards: 0.1 ms]
      [Humongous Register: 0.0 ms]
      [Humongous Reclaim: 0.0 ms]
      [Free CSet: 0.0 ms]
   [Eden: 1024.0K(12.0M)->0.0B(12.0M) Survivors: 0.0B->0.0B Heap: 199.2M(256.0M)->199.2M(256.0M)]
 [Times: user=0.01 sys=0.00, real=0.00 secs] 
2020-10-26T00:09:43.615-0800: [Full GC (Allocation Failure)  199M->198M(256M), 0.0041301 secs]
   [Eden: 0.0B(12.0M)->0.0B(12.0M) Survivors: 0.0B->0.0B Heap: 199.2M(256.0M)->198.1M(256.0M)], [Metaspace: 2673K->2673K(1056768K)]
 [Times: user=0.00 sys=0.00, real=0.00 secs] 
2020-10-26T00:09:43.619-0800: [GC pause (G1 Evacuation Pause) (young) (to-space exhausted), 0.0011973 secs]
   [Parallel Time: 0.4 ms, GC Workers: 10]
      [GC Worker Start (ms): Min: 564.7, Avg: 564.8, Max: 564.9, Diff: 0.1]
      [Ext Root Scanning (ms): Min: 0.0, Avg: 0.1, Max: 0.2, Diff: 0.1, Sum: 1.0]
      [Update RS (ms): Min: 0.0, Avg: 0.0, Max: 0.1, Diff: 0.1, Sum: 0.2]
         [Processed Buffers: Min: 0, Avg: 0.2, Max: 1, Diff: 1, Sum: 2]
      [Scan RS (ms): Min: 0.0, Avg: 0.0, Max: 0.0, Diff: 0.0, Sum: 0.0]
      [Code Root Scanning (ms): Min: 0.0, Avg: 0.0, Max: 0.0, Diff: 0.0, Sum: 0.0]
      [Object Copy (ms): Min: 0.0, Avg: 0.0, Max: 0.0, Diff: 0.0, Sum: 0.0]
      [Termination (ms): Min: 0.0, Avg: 0.2, Max: 0.2, Diff: 0.2, Sum: 1.5]
         [Termination Attempts: Min: 1, Avg: 1.3, Max: 3, Diff: 2, Sum: 13]
      [GC Worker Other (ms): Min: 0.0, Avg: 0.0, Max: 0.0, Diff: 0.0, Sum: 0.1]
      [GC Worker Total (ms): Min: 0.2, Avg: 0.3, Max: 0.4, Diff: 0.2, Sum: 2.8]
      [GC Worker End (ms): Min: 565.0, Avg: 565.1, Max: 565.2, Diff: 0.1]
   [Code Root Fixup: 0.0 ms]
   [Code Root Purge: 0.0 ms]
   [Clear CT: 0.1 ms]
   [Other: 0.6 ms]
      [Evacuation Failure: 0.1 ms]
      [Choose CSet: 0.0 ms]
      [Ref Proc: 0.3 ms]
      [Ref Enq: 0.0 ms]
      [Redirty Cards: 0.1 ms]
      [Humongous Register: 0.0 ms]
      [Humongous Reclaim: 0.0 ms]
      [Free CSet: 0.0 ms]
   [Eden: 1024.0K(12.0M)->0.0B(12.0M) Survivors: 0.0B->0.0B Heap: 199.1M(256.0M)->199.1M(256.0M)]
 [Times: user=0.01 sys=0.00, real=0.01 secs] 
2020-10-26T00:09:43.620-0800: [Full GC (Allocation Failure)  199M->197M(256M), 0.0094910 secs]
   [Eden: 0.0B(12.0M)->0.0B(12.0M) Survivors: 0.0B->0.0B Heap: 199.1M(256.0M)->197.8M(256.0M)], [Metaspace: 2673K->2673K(1056768K)]
 [Times: user=0.01 sys=0.00, real=0.01 secs] 
2020-10-26T00:09:43.630-0800: [GC pause (G1 Evacuation Pause) (young) (to-space exhausted), 0.0010219 secs]
   [Parallel Time: 0.4 ms, GC Workers: 10]
      [GC Worker Start (ms): Min: 576.2, Avg: 576.2, Max: 576.3, Diff: 0.1]
      [Ext Root Scanning (ms): Min: 0.1, Avg: 0.1, Max: 0.2, Diff: 0.1, Sum: 1.1]
      [Update RS (ms): Min: 0.0, Avg: 0.0, Max: 0.1, Diff: 0.1, Sum: 0.2]
         [Processed Buffers: Min: 0, Avg: 0.2, Max: 1, Diff: 1, Sum: 2]
      [Scan RS (ms): Min: 0.0, Avg: 0.0, Max: 0.0, Diff: 0.0, Sum: 0.0]
      [Code Root Scanning (ms): Min: 0.0, Avg: 0.0, Max: 0.0, Diff: 0.0, Sum: 0.0]
      [Object Copy (ms): Min: 0.0, Avg: 0.0, Max: 0.0, Diff: 0.0, Sum: 0.0]
      [Termination (ms): Min: 0.0, Avg: 0.1, Max: 0.1, Diff: 0.1, Sum: 1.1]
         [Termination Attempts: Min: 1, Avg: 1.5, Max: 2, Diff: 1, Sum: 15]
      [GC Worker Other (ms): Min: 0.0, Avg: 0.0, Max: 0.0, Diff: 0.0, Sum: 0.1]
      [GC Worker Total (ms): Min: 0.2, Avg: 0.2, Max: 0.3, Diff: 0.1, Sum: 2.4]
      [GC Worker End (ms): Min: 576.4, Avg: 576.4, Max: 576.5, Diff: 0.0]
   [Code Root Fixup: 0.0 ms]
   [Code Root Purge: 0.0 ms]
   [Clear CT: 0.1 ms]
   [Other: 0.5 ms]
      [Evacuation Failure: 0.1 ms]
      [Choose CSet: 0.0 ms]
      [Ref Proc: 0.2 ms]
      [Ref Enq: 0.0 ms]
      [Redirty Cards: 0.1 ms]
      [Humongous Register: 0.0 ms]
      [Humongous Reclaim: 0.0 ms]
      [Free CSet: 0.0 ms]
   [Eden: 2048.0K(12.0M)->0.0B(12.0M) Survivors: 0.0B->0.0B Heap: 199.8M(256.0M)->199.8M(256.0M)]
 [Times: user=0.00 sys=0.00, real=0.00 secs] 
2020-10-26T00:09:43.632-0800: [Full GC (Allocation Failure)  199M->198M(256M), 0.0024251 secs]
   [Eden: 0.0B(12.0M)->0.0B(12.0M) Survivors: 0.0B->0.0B Heap: 199.8M(256.0M)->198.1M(256.0M)], [Metaspace: 2673K->2673K(1056768K)]
 [Times: user=0.00 sys=0.00, real=0.00 secs] 
2020-10-26T00:09:43.634-0800: [GC pause (G1 Humongous Allocation) (young) (initial-mark) (to-space exhausted), 0.0009624 secs]
   [Parallel Time: 0.4 ms, GC Workers: 10]
      [GC Worker Start (ms): Min: 580.0, Avg: 580.1, Max: 580.1, Diff: 0.2]
      [Ext Root Scanning (ms): Min: 0.0, Avg: 0.1, Max: 0.2, Diff: 0.2, Sum: 1.1]
      [Update RS (ms): Min: 0.0, Avg: 0.0, Max: 0.1, Diff: 0.1, Sum: 0.1]
         [Processed Buffers: Min: 0, Avg: 0.2, Max: 1, Diff: 1, Sum: 2]
      [Scan RS (ms): Min: 0.0, Avg: 0.0, Max: 0.0, Diff: 0.0, Sum: 0.0]
      [Code Root Scanning (ms): Min: 0.0, Avg: 0.0, Max: 0.0, Diff: 0.0, Sum: 0.0]
      [Object Copy (ms): Min: 0.0, Avg: 0.0, Max: 0.0, Diff: 0.0, Sum: 0.0]
      [Termination (ms): Min: 0.0, Avg: 0.1, Max: 0.1, Diff: 0.1, Sum: 0.7]
         [Termination Attempts: Min: 1, Avg: 1.0, Max: 1, Diff: 0, Sum: 10]
      [GC Worker Other (ms): Min: 0.0, Avg: 0.0, Max: 0.0, Diff: 0.0, Sum: 0.1]
      [GC Worker Total (ms): Min: 0.1, Avg: 0.2, Max: 0.3, Diff: 0.2, Sum: 2.1]
      [GC Worker End (ms): Min: 580.3, Avg: 580.3, Max: 580.3, Diff: 0.1]
   [Code Root Fixup: 0.0 ms]
   [Code Root Purge: 0.0 ms]
   [Clear CT: 0.1 ms]
   [Other: 0.5 ms]
      [Evacuation Failure: 0.1 ms]
      [Choose CSet: 0.0 ms]
      [Ref Proc: 0.2 ms]
      [Ref Enq: 0.0 ms]
      [Redirty Cards: 0.1 ms]
      [Humongous Register: 0.0 ms]
      [Humongous Reclaim: 0.0 ms]
      [Free CSet: 0.0 ms]
   [Eden: 1024.0K(12.0M)->0.0B(12.0M) Survivors: 0.0B->0.0B Heap: 198.4M(256.0M)->198.4M(256.0M)]
 [Times: user=0.01 sys=0.00, real=0.00 secs] 
2020-10-26T00:09:43.635-0800: [GC concurrent-root-region-scan-start]
2020-10-26T00:09:43.635-0800: [GC concurrent-root-region-scan-end, 0.0000208 secs]
2020-10-26T00:09:43.635-0800: [GC concurrent-mark-start]
2020-10-26T00:09:43.635-0800: [GC pause (G1 Humongous Allocation) (young), 0.0007777 secs]
   [Parallel Time: 0.3 ms, GC Workers: 10]
      [GC Worker Start (ms): Min: 581.2, Avg: 581.2, Max: 581.3, Diff: 0.1]
      [Ext Root Scanning (ms): Min: 0.0, Avg: 0.1, Max: 0.1, Diff: 0.1, Sum: 0.8]
      [Update RS (ms): Min: 0.0, Avg: 0.0, Max: 0.1, Diff: 0.1, Sum: 0.2]
         [Processed Buffers: Min: 0, Avg: 0.5, Max: 1, Diff: 1, Sum: 5]
      [Scan RS (ms): Min: 0.0, Avg: 0.0, Max: 0.0, Diff: 0.0, Sum: 0.0]
      [Code Root Scanning (ms): Min: 0.0, Avg: 0.0, Max: 0.0, Diff: 0.0, Sum: 0.0]
      [Object Copy (ms): Min: 0.0, Avg: 0.0, Max: 0.0, Diff: 0.0, Sum: 0.0]
      [Termination (ms): Min: 0.0, Avg: 0.1, Max: 0.1, Diff: 0.1, Sum: 1.0]
         [Termination Attempts: Min: 1, Avg: 1.0, Max: 1, Diff: 0, Sum: 10]
      [GC Worker Other (ms): Min: 0.0, Avg: 0.0, Max: 0.0, Diff: 0.0, Sum: 0.1]
      [GC Worker Total (ms): Min: 0.2, Avg: 0.2, Max: 0.3, Diff: 0.1, Sum: 2.1]
      [GC Worker End (ms): Min: 581.4, Avg: 581.4, Max: 581.4, Diff: 0.0]
   [Code Root Fixup: 0.0 ms]
   [Code Root Purge: 0.0 ms]
   [Clear CT: 0.1 ms]
   [Other: 0.3 ms]
      [Choose CSet: 0.0 ms]
      [Ref Proc: 0.1 ms]
      [Ref Enq: 0.0 ms]
      [Redirty Cards: 0.1 ms]
      [Humongous Register: 0.0 ms]
      [Humongous Reclaim: 0.0 ms]
      [Free CSet: 0.0 ms]
   [Eden: 0.0B(12.0M)->0.0B(12.0M) Survivors: 0.0B->0.0B Heap: 198.4M(256.0M)->198.4M(256.0M)]
 [Times: user=0.00 sys=0.00, real=0.00 secs] 
2020-10-26T00:09:43.636-0800: [Full GC (Allocation Failure)  198M->198M(256M), 0.0022122 secs]
   [Eden: 0.0B(12.0M)->0.0B(12.0M) Survivors: 0.0B->0.0B Heap: 198.4M(256.0M)->198.1M(256.0M)], [Metaspace: 2673K->2673K(1056768K)]
 [Times: user=0.00 sys=0.00, real=0.00 secs] 
2020-10-26T00:09:43.639-0800: [GC concurrent-mark-abort]
2020-10-26T00:09:43.639-0800: [GC pause (G1 Evacuation Pause) (young), 0.0007503 secs]
   [Parallel Time: 0.3 ms, GC Workers: 10]
      [GC Worker Start (ms): Min: 584.5, Avg: 584.6, Max: 584.7, Diff: 0.1]
      [Ext Root Scanning (ms): Min: 0.0, Avg: 0.1, Max: 0.1, Diff: 0.1, Sum: 0.8]
      [Update RS (ms): Min: 0.0, Avg: 0.1, Max: 0.1, Diff: 0.1, Sum: 0.7]
         [Processed Buffers: Min: 0, Avg: 0.9, Max: 1, Diff: 1, Sum: 9]
      [Scan RS (ms): Min: 0.0, Avg: 0.0, Max: 0.0, Diff: 0.0, Sum: 0.0]
      [Code Root Scanning (ms): Min: 0.0, Avg: 0.0, Max: 0.0, Diff: 0.0, Sum: 0.0]
      [Object Copy (ms): Min: 0.0, Avg: 0.0, Max: 0.0, Diff: 0.0, Sum: 0.0]
      [Termination (ms): Min: 0.0, Avg: 0.1, Max: 0.1, Diff: 0.1, Sum: 0.6]
         [Termination Attempts: Min: 1, Avg: 1.0, Max: 1, Diff: 0, Sum: 10]
      [GC Worker Other (ms): Min: 0.0, Avg: 0.0, Max: 0.0, Diff: 0.0, Sum: 0.1]
      [GC Worker Total (ms): Min: 0.2, Avg: 0.2, Max: 0.3, Diff: 0.1, Sum: 2.2]
      [GC Worker End (ms): Min: 584.8, Avg: 584.8, Max: 584.8, Diff: 0.0]
   [Code Root Fixup: 0.0 ms]
   [Code Root Purge: 0.0 ms]
   [Clear CT: 0.1 ms]
   [Other: 0.3 ms]
      [Choose CSet: 0.0 ms]
      [Ref Proc: 0.2 ms]
      [Ref Enq: 0.0 ms]
      [Redirty Cards: 0.1 ms]
      [Humongous Register: 0.0 ms]
      [Humongous Reclaim: 0.0 ms]
      [Free CSet: 0.0 ms]
   [Eden: 0.0B(12.0M)->0.0B(12.0M) Survivors: 0.0B->0.0B Heap: 198.9M(256.0M)->198.9M(256.0M)]
 [Times: user=0.01 sys=0.00, real=0.01 secs] 
2020-10-26T00:09:43.640-0800: [GC pause (G1 Evacuation Pause) (young) (initial-mark), 0.0007711 secs]
   [Parallel Time: 0.3 ms, GC Workers: 10]
      [GC Worker Start (ms): Min: 585.5, Avg: 585.5, Max: 585.6, Diff: 0.1]
      [Ext Root Scanning (ms): Min: 0.0, Avg: 0.1, Max: 0.2, Diff: 0.1, Sum: 0.9]
      [Update RS (ms): Min: 0.0, Avg: 0.0, Max: 0.1, Diff: 0.1, Sum: 0.1]
         [Processed Buffers: Min: 0, Avg: 0.2, Max: 1, Diff: 1, Sum: 2]
      [Scan RS (ms): Min: 0.0, Avg: 0.0, Max: 0.0, Diff: 0.0, Sum: 0.0]
      [Code Root Scanning (ms): Min: 0.0, Avg: 0.0, Max: 0.0, Diff: 0.0, Sum: 0.0]
      [Object Copy (ms): Min: 0.0, Avg: 0.0, Max: 0.0, Diff: 0.0, Sum: 0.0]
      [Termination (ms): Min: 0.0, Avg: 0.1, Max: 0.1, Diff: 0.1, Sum: 1.0]
         [Termination Attempts: Min: 1, Avg: 1.0, Max: 1, Diff: 0, Sum: 10]
      [GC Worker Other (ms): Min: 0.0, Avg: 0.0, Max: 0.0, Diff: 0.0, Sum: 0.1]
      [GC Worker Total (ms): Min: 0.2, Avg: 0.2, Max: 0.3, Diff: 0.1, Sum: 2.2]
      [GC Worker End (ms): Min: 585.8, Avg: 585.8, Max: 585.8, Diff: 0.0]
   [Code Root Fixup: 0.0 ms]
   [Code Root Purge: 0.0 ms]
   [Clear CT: 0.1 ms]
   [Other: 0.3 ms]
      [Choose CSet: 0.0 ms]
      [Ref Proc: 0.2 ms]
      [Ref Enq: 0.0 ms]
      [Redirty Cards: 0.1 ms]
      [Humongous Register: 0.0 ms]
      [Humongous Reclaim: 0.0 ms]
      [Free CSet: 0.0 ms]
   [Eden: 0.0B(12.0M)->0.0B(12.0M) Survivors: 0.0B->0.0B Heap: 198.9M(256.0M)->198.9M(256.0M)]
 [Times: user=0.00 sys=0.00, real=0.00 secs] 
2020-10-26T00:09:43.641-0800: [GC concurrent-root-region-scan-start]
2020-10-26T00:09:43.641-0800: [GC concurrent-root-region-scan-end, 0.0000172 secs]
2020-10-26T00:09:43.641-0800: [GC concurrent-mark-start]
2020-10-26T00:09:43.641-0800: [Full GC (Allocation Failure)  198M->198M(256M), 0.0022851 secs]
   [Eden: 0.0B(12.0M)->0.0B(12.0M) Survivors: 0.0B->0.0B Heap: 198.9M(256.0M)->198.9M(256.0M)], [Metaspace: 2673K->2673K(1056768K)]
 [Times: user=0.00 sys=0.01, real=0.00 secs] 
2020-10-26T00:09:43.643-0800: [Full GC (Allocation Failure)  198M->198M(256M), 0.0024217 secs]
   [Eden: 0.0B(12.0M)->0.0B(12.0M) Survivors: 0.0B->0.0B Heap: 198.9M(256.0M)->198.9M(256.0M)], [Metaspace: 2673K->2673K(1056768K)]
 [Times: user=0.01 sys=0.00, real=0.00 secs] 
2020-10-26T00:09:43.646-0800: [GC concurrent-mark-abort]
2020-10-26T00:09:43.646-0800: [GC pause (G1 Evacuation Pause) (young), 0.0009649 secs]
   [Parallel Time: 0.4 ms, GC Workers: 10]
      [GC Worker Start (ms): Min: 591.4, Avg: 591.5, Max: 591.5, Diff: 0.1]
      [Ext Root Scanning (ms): Min: 0.1, Avg: 0.1, Max: 0.2, Diff: 0.1, Sum: 1.0]
      [Update RS (ms): Min: 0.0, Avg: 0.0, Max: 0.1, Diff: 0.1, Sum: 0.2]
         [Processed Buffers: Min: 0, Avg: 0.3, Max: 1, Diff: 1, Sum: 3]
      [Scan RS (ms): Min: 0.0, Avg: 0.0, Max: 0.0, Diff: 0.0, Sum: 0.0]
      [Code Root Scanning (ms): Min: 0.0, Avg: 0.0, Max: 0.0, Diff: 0.0, Sum: 0.0]
      [Object Copy (ms): Min: 0.0, Avg: 0.0, Max: 0.0, Diff: 0.0, Sum: 0.0]
      [Termination (ms): Min: 0.0, Avg: 0.2, Max: 0.2, Diff: 0.2, Sum: 1.7]
         [Termination Attempts: Min: 1, Avg: 1.0, Max: 1, Diff: 0, Sum: 10]
      [GC Worker Other (ms): Min: 0.0, Avg: 0.0, Max: 0.0, Diff: 0.0, Sum: 0.1]
      [GC Worker Total (ms): Min: 0.2, Avg: 0.3, Max: 0.4, Diff: 0.2, Sum: 2.9]
      [GC Worker End (ms): Min: 591.7, Avg: 591.8, Max: 591.8, Diff: 0.1]
   [Code Root Fixup: 0.0 ms]
   [Code Root Purge: 0.0 ms]
   [Clear CT: 0.1 ms]
   [Other: 0.5 ms]
      [Choose CSet: 0.0 ms]
      [Ref Proc: 0.3 ms]
      [Ref Enq: 0.0 ms]
      [Redirty Cards: 0.1 ms]
      [Humongous Register: 0.0 ms]
      [Humongous Reclaim: 0.0 ms]
      [Free CSet: 0.0 ms]
   [Eden: 0.0B(12.0M)->0.0B(12.0M) Survivors: 0.0B->0.0B Heap: 198.9M(256.0M)->198.9M(256.0M)]
 [Times: user=0.00 sys=0.00, real=0.00 secs] 
2020-10-26T00:09:43.647-0800: [GC pause (G1 Evacuation Pause) (young) (initial-mark), 0.0009123 secs]
   [Parallel Time: 0.5 ms, GC Workers: 10]
      [GC Worker Start (ms): Min: 592.6, Avg: 592.8, Max: 592.8, Diff: 0.2]
      [Ext Root Scanning (ms): Min: 0.0, Avg: 0.2, Max: 0.3, Diff: 0.3, Sum: 1.7]
      [Update RS (ms): Min: 0.0, Avg: 0.0, Max: 0.1, Diff: 0.1, Sum: 0.1]
         [Processed Buffers: Min: 0, Avg: 0.2, Max: 1, Diff: 1, Sum: 2]
      [Scan RS (ms): Min: 0.0, Avg: 0.0, Max: 0.0, Diff: 0.0, Sum: 0.0]
      [Code Root Scanning (ms): Min: 0.0, Avg: 0.0, Max: 0.0, Diff: 0.0, Sum: 0.0]
      [Object Copy (ms): Min: 0.0, Avg: 0.0, Max: 0.0, Diff: 0.0, Sum: 0.0]
      [Termination (ms): Min: 0.0, Avg: 0.1, Max: 0.2, Diff: 0.2, Sum: 0.7]
         [Termination Attempts: Min: 1, Avg: 1.0, Max: 1, Diff: 0, Sum: 10]
      [GC Worker Other (ms): Min: 0.0, Avg: 0.0, Max: 0.0, Diff: 0.0, Sum: 0.1]
      [GC Worker Total (ms): Min: 0.2, Avg: 0.3, Max: 0.4, Diff: 0.2, Sum: 2.6]
      [GC Worker End (ms): Min: 593.0, Avg: 593.0, Max: 593.1, Diff: 0.1]
   [Code Root Fixup: 0.0 ms]
   [Code Root Purge: 0.0 ms]
   [Clear CT: 0.1 ms]
   [Other: 0.3 ms]
      [Choose CSet: 0.0 ms]
      [Ref Proc: 0.2 ms]
      [Ref Enq: 0.0 ms]
      [Redirty Cards: 0.1 ms]
      [Humongous Register: 0.0 ms]
      [Humongous Reclaim: 0.0 ms]
      [Free CSet: 0.0 ms]
   [Eden: 0.0B(12.0M)->0.0B(12.0M) Survivors: 0.0B->0.0B Heap: 198.9M(256.0M)->198.9M(256.0M)]
 [Times: user=0.00 sys=0.00, real=0.00 secs] 
2020-10-26T00:09:43.648-0800: [GC concurrent-root-region-scan-start]
2020-10-26T00:09:43.648-0800: [GC concurrent-root-region-scan-end, 0.0000214 secs]
2020-10-26T00:09:43.648-0800: 2020-10-26T00:09:43.648-0800: [Full GC (Allocation Failure) [GC concurrent-mark-start]
 198M->265K(256M), 0.0021161 secs]
   [Eden: 0.0B(12.0M)->0.0B(153.0M) Survivors: 0.0B->0.0B Heap: 198.9M(256.0M)->265.4K(256.0M)], [Metaspace: 2673K->2673K(1056768K)]
 [Times: user=0.01 sys=0.00, real=0.01 secs] 
2020-10-26T00:09:43.650-0800: [GC concurrent-mark-abort]

Exception in thread "main" java.lang.OutOfMemoryError: Java heap space
	at GCLogAnalysis.generateGarbage(GCLogAnalysis.java:42)
	at GCLogAnalysis.main(GCLogAnalysis.java:18)

Heap
 garbage-first heap   total 262144K, used 265K [0x00000007b0000000, 0x00000007b0100800, 0x00000007c0000000)
  region size 1024K, 1 young (1024K), 0 survivors (0K)
 Metaspace       used 2704K, capacity 4486K, committed 4864K, reserved 1056768K
  class space    used 295K, capacity 386K, committed 512K, reserved 1048576K
