start
2020-10-26T00:10:01.370-0800: [GC pause (G1 Evacuation Pause) (young), 0.0138661 secs]
   [Parallel Time: 12.7 ms, GC Workers: 10]
      [GC Worker Start (ms): Min: 171.8, Avg: 171.9, Max: 171.9, Diff: 0.1]
      [Ext Root Scanning (ms): Min: 0.1, Avg: 0.1, Max: 0.2, Diff: 0.2, Sum: 1.3]
      [Update RS (ms): Min: 0.5, Avg: 0.6, Max: 0.6, Diff: 0.1, Sum: 5.7]
         [Processed Buffers: Min: 5, Avg: 6.1, Max: 8, Diff: 3, Sum: 61]
      [Scan RS (ms): Min: 0.0, Avg: 0.0, Max: 0.0, Diff: 0.0, Sum: 0.1]
      [Code Root Scanning (ms): Min: 0.0, Avg: 0.0, Max: 0.0, Diff: 0.0, Sum: 0.0]
      [Object Copy (ms): Min: 11.1, Avg: 11.4, Max: 11.6, Diff: 0.5, Sum: 114.2]
      [Termination (ms): Min: 0.0, Avg: 0.3, Max: 0.7, Diff: 0.7, Sum: 2.9]
         [Termination Attempts: Min: 1, Avg: 1.0, Max: 1, Diff: 0, Sum: 10]
      [GC Worker Other (ms): Min: 0.0, Avg: 0.0, Max: 0.0, Diff: 0.0, Sum: 0.2]
      [GC Worker Total (ms): Min: 12.3, Avg: 12.4, Max: 12.6, Diff: 0.3, Sum: 124.4]
      [GC Worker End (ms): Min: 184.3, Avg: 184.3, Max: 184.5, Diff: 0.2]
   [Code Root Fixup: 0.0 ms]
   [Code Root Purge: 0.0 ms]
   [Clear CT: 0.2 ms]
   [Other: 1.0 ms]
      [Choose CSet: 0.0 ms]
      [Ref Proc: 0.3 ms]
      [Ref Enq: 0.0 ms]
      [Redirty Cards: 0.2 ms]
      [Humongous Register: 0.0 ms]
      [Humongous Reclaim: 0.1 ms]
      [Free CSet: 0.0 ms]
   [Eden: 102.0M(102.0M)->0.0B(89.0M) Survivors: 0.0B->13.0M Heap: 128.7M(2048.0M)->42.5M(2048.0M)]
 [Times: user=0.02 sys=0.08, real=0.01 secs] 
2020-10-26T00:10:01.415-0800: [GC pause (G1 Evacuation Pause) (young), 0.0127594 secs]
   [Parallel Time: 11.9 ms, GC Workers: 10]
      [GC Worker Start (ms): Min: 217.3, Avg: 217.4, Max: 217.4, Diff: 0.1]
      [Ext Root Scanning (ms): Min: 0.1, Avg: 0.1, Max: 0.2, Diff: 0.1, Sum: 1.1]
      [Update RS (ms): Min: 0.1, Avg: 0.1, Max: 0.2, Diff: 0.1, Sum: 1.1]
         [Processed Buffers: Min: 1, Avg: 1.3, Max: 3, Diff: 2, Sum: 13]
      [Scan RS (ms): Min: 0.0, Avg: 0.0, Max: 0.0, Diff: 0.0, Sum: 0.1]
      [Code Root Scanning (ms): Min: 0.0, Avg: 0.0, Max: 0.0, Diff: 0.0, Sum: 0.0]
      [Object Copy (ms): Min: 10.8, Avg: 11.0, Max: 11.3, Diff: 0.5, Sum: 110.4]
      [Termination (ms): Min: 0.0, Avg: 0.4, Max: 0.7, Diff: 0.7, Sum: 4.1]
         [Termination Attempts: Min: 1, Avg: 1.0, Max: 1, Diff: 0, Sum: 10]
      [GC Worker Other (ms): Min: 0.0, Avg: 0.0, Max: 0.0, Diff: 0.0, Sum: 0.1]
      [GC Worker Total (ms): Min: 11.5, Avg: 11.7, Max: 11.9, Diff: 0.3, Sum: 116.9]
      [GC Worker End (ms): Min: 228.9, Avg: 229.0, Max: 229.1, Diff: 0.2]
   [Code Root Fixup: 0.0 ms]
   [Code Root Purge: 0.0 ms]
   [Clear CT: 0.1 ms]
   [Other: 0.7 ms]
      [Choose CSet: 0.0 ms]
      [Ref Proc: 0.2 ms]
      [Ref Enq: 0.0 ms]
      [Redirty Cards: 0.2 ms]
      [Humongous Register: 0.0 ms]
      [Humongous Reclaim: 0.1 ms]
      [Free CSet: 0.0 ms]
   [Eden: 89.0M(89.0M)->0.0B(89.0M) Survivors: 13.0M->13.0M Heap: 158.3M(2048.0M)->82.1M(2048.0M)]
 [Times: user=0.02 sys=0.06, real=0.01 secs] 
2020-10-26T00:10:01.450-0800: [GC pause (G1 Evacuation Pause) (young), 0.0130413 secs]
   [Parallel Time: 12.1 ms, GC Workers: 10]
      [GC Worker Start (ms): Min: 251.9, Avg: 252.0, Max: 252.1, Diff: 0.2]
      [Ext Root Scanning (ms): Min: 0.0, Avg: 0.1, Max: 0.2, Diff: 0.2, Sum: 0.8]
      [Update RS (ms): Min: 0.1, Avg: 0.2, Max: 0.2, Diff: 0.1, Sum: 1.8]
         [Processed Buffers: Min: 1, Avg: 2.0, Max: 3, Diff: 2, Sum: 20]
      [Scan RS (ms): Min: 0.0, Avg: 0.0, Max: 0.1, Diff: 0.1, Sum: 0.1]
      [Code Root Scanning (ms): Min: 0.0, Avg: 0.0, Max: 0.0, Diff: 0.0, Sum: 0.0]
      [Object Copy (ms): Min: 11.2, Avg: 11.4, Max: 11.5, Diff: 0.3, Sum: 113.7]
      [Termination (ms): Min: 0.0, Avg: 0.2, Max: 0.5, Diff: 0.5, Sum: 2.0]
         [Termination Attempts: Min: 1, Avg: 1.0, Max: 1, Diff: 0, Sum: 10]
      [GC Worker Other (ms): Min: 0.0, Avg: 0.0, Max: 0.0, Diff: 0.0, Sum: 0.1]
      [GC Worker Total (ms): Min: 11.7, Avg: 11.8, Max: 12.0, Diff: 0.3, Sum: 118.5]
      [GC Worker End (ms): Min: 263.8, Avg: 263.9, Max: 264.0, Diff: 0.2]
   [Code Root Fixup: 0.0 ms]
   [Code Root Purge: 0.0 ms]
   [Clear CT: 0.1 ms]
   [Other: 0.8 ms]
      [Choose CSet: 0.0 ms]
      [Ref Proc: 0.3 ms]
      [Ref Enq: 0.0 ms]
      [Redirty Cards: 0.1 ms]
      [Humongous Register: 0.1 ms]
      [Humongous Reclaim: 0.1 ms]
      [Free CSet: 0.0 ms]
   [Eden: 89.0M(89.0M)->0.0B(89.0M) Survivors: 13.0M->13.0M Heap: 190.5M(2048.0M)->118.7M(2048.0M)]
 [Times: user=0.02 sys=0.07, real=0.01 secs] 
2020-10-26T00:10:01.488-0800: [GC pause (G1 Evacuation Pause) (young), 0.0126714 secs]
   [Parallel Time: 11.8 ms, GC Workers: 10]
      [GC Worker Start (ms): Min: 290.2, Avg: 290.3, Max: 290.4, Diff: 0.2]
      [Ext Root Scanning (ms): Min: 0.0, Avg: 0.1, Max: 0.2, Diff: 0.2, Sum: 0.7]
      [Update RS (ms): Min: 0.2, Avg: 0.2, Max: 0.2, Diff: 0.0, Sum: 1.8]
         [Processed Buffers: Min: 2, Avg: 2.0, Max: 2, Diff: 0, Sum: 20]
      [Scan RS (ms): Min: 0.0, Avg: 0.0, Max: 0.0, Diff: 0.0, Sum: 0.1]
      [Code Root Scanning (ms): Min: 0.0, Avg: 0.0, Max: 0.0, Diff: 0.0, Sum: 0.0]
      [Object Copy (ms): Min: 10.5, Avg: 10.9, Max: 11.1, Diff: 0.6, Sum: 108.9]
      [Termination (ms): Min: 0.0, Avg: 0.3, Max: 0.7, Diff: 0.7, Sum: 3.2]
         [Termination Attempts: Min: 1, Avg: 1.0, Max: 1, Diff: 0, Sum: 10]
      [GC Worker Other (ms): Min: 0.0, Avg: 0.0, Max: 0.0, Diff: 0.0, Sum: 0.1]
      [GC Worker Total (ms): Min: 11.3, Avg: 11.5, Max: 11.6, Diff: 0.3, Sum: 114.9]
      [GC Worker End (ms): Min: 301.7, Avg: 301.8, Max: 301.9, Diff: 0.2]
   [Code Root Fixup: 0.0 ms]
   [Code Root Purge: 0.0 ms]
   [Clear CT: 0.1 ms]
   [Other: 0.7 ms]
      [Choose CSet: 0.0 ms]
      [Ref Proc: 0.2 ms]
      [Ref Enq: 0.0 ms]
      [Redirty Cards: 0.1 ms]
      [Humongous Register: 0.1 ms]
      [Humongous Reclaim: 0.1 ms]
      [Free CSet: 0.0 ms]
   [Eden: 89.0M(89.0M)->0.0B(89.0M) Survivors: 13.0M->13.0M Heap: 234.4M(2048.0M)->152.4M(2048.0M)]
 [Times: user=0.03 sys=0.07, real=0.02 secs] 
2020-10-26T00:10:01.520-0800: [GC pause (G1 Evacuation Pause) (young), 0.0127622 secs]
   [Parallel Time: 11.7 ms, GC Workers: 10]
      [GC Worker Start (ms): Min: 321.4, Avg: 321.5, Max: 321.6, Diff: 0.1]
      [Ext Root Scanning (ms): Min: 0.0, Avg: 0.1, Max: 0.2, Diff: 0.1, Sum: 1.0]
      [Update RS (ms): Min: 0.1, Avg: 0.2, Max: 0.2, Diff: 0.1, Sum: 1.5]
         [Processed Buffers: Min: 0, Avg: 1.6, Max: 2, Diff: 2, Sum: 16]
      [Scan RS (ms): Min: 0.0, Avg: 0.0, Max: 0.0, Diff: 0.0, Sum: 0.1]
      [Code Root Scanning (ms): Min: 0.0, Avg: 0.0, Max: 0.0, Diff: 0.0, Sum: 0.0]
      [Object Copy (ms): Min: 10.5, Avg: 10.9, Max: 11.2, Diff: 0.7, Sum: 108.8]
      [Termination (ms): Min: 0.0, Avg: 0.3, Max: 0.7, Diff: 0.7, Sum: 3.3]
         [Termination Attempts: Min: 1, Avg: 1.0, Max: 1, Diff: 0, Sum: 10]
      [GC Worker Other (ms): Min: 0.0, Avg: 0.0, Max: 0.0, Diff: 0.0, Sum: 0.1]
      [GC Worker Total (ms): Min: 11.4, Avg: 11.5, Max: 11.6, Diff: 0.2, Sum: 114.8]
      [GC Worker End (ms): Min: 332.9, Avg: 333.0, Max: 333.1, Diff: 0.2]
   [Code Root Fixup: 0.0 ms]
   [Code Root Purge: 0.0 ms]
   [Clear CT: 0.2 ms]
   [Other: 0.8 ms]
      [Choose CSet: 0.0 ms]
      [Ref Proc: 0.3 ms]
      [Ref Enq: 0.0 ms]
      [Redirty Cards: 0.2 ms]
      [Humongous Register: 0.1 ms]
      [Humongous Reclaim: 0.1 ms]
      [Free CSet: 0.0 ms]
   [Eden: 89.0M(89.0M)->0.0B(117.0M) Survivors: 13.0M->13.0M Heap: 263.6M(2048.0M)->184.9M(2048.0M)]
 [Times: user=0.02 sys=0.07, real=0.01 secs] 
2020-10-26T00:10:01.570-0800: [GC pause (G1 Evacuation Pause) (young), 0.0161485 secs]
   [Parallel Time: 15.2 ms, GC Workers: 10]
      [GC Worker Start (ms): Min: 371.6, Avg: 371.7, Max: 371.7, Diff: 0.1]
      [Ext Root Scanning (ms): Min: 0.0, Avg: 0.1, Max: 0.2, Diff: 0.2, Sum: 0.9]
      [Update RS (ms): Min: 0.2, Avg: 0.2, Max: 0.2, Diff: 0.1, Sum: 2.0]
         [Processed Buffers: Min: 1, Avg: 2.2, Max: 3, Diff: 2, Sum: 22]
      [Scan RS (ms): Min: 0.0, Avg: 0.0, Max: 0.0, Diff: 0.0, Sum: 0.1]
      [Code Root Scanning (ms): Min: 0.0, Avg: 0.0, Max: 0.0, Diff: 0.0, Sum: 0.0]
      [Object Copy (ms): Min: 14.0, Avg: 14.3, Max: 14.5, Diff: 0.5, Sum: 142.6]
      [Termination (ms): Min: 0.0, Avg: 0.4, Max: 0.7, Diff: 0.7, Sum: 3.7]
         [Termination Attempts: Min: 1, Avg: 1.4, Max: 2, Diff: 1, Sum: 14]
      [GC Worker Other (ms): Min: 0.0, Avg: 0.0, Max: 0.0, Diff: 0.0, Sum: 0.2]
      [GC Worker Total (ms): Min: 14.8, Avg: 15.0, Max: 15.1, Diff: 0.3, Sum: 149.5]
      [GC Worker End (ms): Min: 386.5, Avg: 386.6, Max: 386.8, Diff: 0.2]
   [Code Root Fixup: 0.0 ms]
   [Code Root Purge: 0.0 ms]
   [Clear CT: 0.1 ms]
   [Other: 0.9 ms]
      [Choose CSet: 0.0 ms]
      [Ref Proc: 0.3 ms]
      [Ref Enq: 0.0 ms]
      [Redirty Cards: 0.1 ms]
      [Humongous Register: 0.1 ms]
      [Humongous Reclaim: 0.1 ms]
      [Free CSet: 0.0 ms]
   [Eden: 117.0M(117.0M)->0.0B(128.0M) Survivors: 13.0M->17.0M Heap: 328.4M(2048.0M)->221.4M(2048.0M)]
 [Times: user=0.03 sys=0.10, real=0.01 secs] 
2020-10-26T00:10:01.612-0800: [GC pause (G1 Evacuation Pause) (young), 0.0237819 secs]
   [Parallel Time: 22.8 ms, GC Workers: 10]
      [GC Worker Start (ms): Min: 414.1, Avg: 414.2, Max: 414.2, Diff: 0.1]
      [Ext Root Scanning (ms): Min: 0.0, Avg: 0.1, Max: 0.2, Diff: 0.1, Sum: 1.0]
      [Update RS (ms): Min: 0.2, Avg: 0.2, Max: 0.3, Diff: 0.1, Sum: 2.1]
         [Processed Buffers: Min: 0, Avg: 2.2, Max: 3, Diff: 3, Sum: 22]
      [Scan RS (ms): Min: 0.0, Avg: 0.0, Max: 0.0, Diff: 0.0, Sum: 0.1]
      [Code Root Scanning (ms): Min: 0.0, Avg: 0.0, Max: 0.0, Diff: 0.0, Sum: 0.0]
      [Object Copy (ms): Min: 21.6, Avg: 21.9, Max: 22.1, Diff: 0.6, Sum: 219.2]
      [Termination (ms): Min: 0.0, Avg: 0.3, Max: 0.7, Diff: 0.7, Sum: 3.1]
         [Termination Attempts: Min: 1, Avg: 1.0, Max: 1, Diff: 0, Sum: 10]
      [GC Worker Other (ms): Min: 0.0, Avg: 0.0, Max: 0.0, Diff: 0.0, Sum: 0.1]
      [GC Worker Total (ms): Min: 22.5, Avg: 22.6, Max: 22.7, Diff: 0.2, Sum: 225.8]
      [GC Worker End (ms): Min: 436.7, Avg: 436.7, Max: 436.8, Diff: 0.2]
   [Code Root Fixup: 0.0 ms]
   [Code Root Purge: 0.0 ms]
   [Clear CT: 0.2 ms]
   [Other: 0.8 ms]
      [Choose CSet: 0.0 ms]
      [Ref Proc: 0.3 ms]
      [Ref Enq: 0.0 ms]
      [Redirty Cards: 0.1 ms]
      [Humongous Register: 0.1 ms]
      [Humongous Reclaim: 0.1 ms]
      [Free CSet: 0.0 ms]
   [Eden: 128.0M(128.0M)->0.0B(182.0M) Survivors: 17.0M->19.0M Heap: 378.3M(2048.0M)->271.1M(2048.0M)]
 [Times: user=0.03 sys=0.15, real=0.02 secs] 
2020-10-26T00:10:01.703-0800: [GC pause (G1 Evacuation Pause) (young), 0.0269813 secs]
   [Parallel Time: 26.0 ms, GC Workers: 10]
      [GC Worker Start (ms): Min: 505.2, Avg: 505.3, Max: 505.4, Diff: 0.1]
      [Ext Root Scanning (ms): Min: 0.0, Avg: 0.1, Max: 0.2, Diff: 0.1, Sum: 0.9]
      [Update RS (ms): Min: 0.3, Avg: 0.3, Max: 0.4, Diff: 0.1, Sum: 3.4]
         [Processed Buffers: Min: 1, Avg: 3.6, Max: 4, Diff: 3, Sum: 36]
      [Scan RS (ms): Min: 0.0, Avg: 0.0, Max: 0.1, Diff: 0.1, Sum: 0.2]
      [Code Root Scanning (ms): Min: 0.0, Avg: 0.0, Max: 0.0, Diff: 0.0, Sum: 0.0]
      [Object Copy (ms): Min: 24.7, Avg: 25.0, Max: 25.2, Diff: 0.6, Sum: 250.1]
      [Termination (ms): Min: 0.0, Avg: 0.3, Max: 0.7, Diff: 0.7, Sum: 2.9]
         [Termination Attempts: Min: 1, Avg: 1.4, Max: 2, Diff: 1, Sum: 14]
      [GC Worker Other (ms): Min: 0.0, Avg: 0.0, Max: 0.0, Diff: 0.0, Sum: 0.1]
      [GC Worker Total (ms): Min: 25.6, Avg: 25.8, Max: 25.9, Diff: 0.2, Sum: 257.6]
      [GC Worker End (ms): Min: 531.0, Avg: 531.1, Max: 531.2, Diff: 0.2]
   [Code Root Fixup: 0.0 ms]
   [Code Root Purge: 0.0 ms]
   [Clear CT: 0.1 ms]
   [Other: 0.8 ms]
      [Choose CSet: 0.0 ms]
      [Ref Proc: 0.2 ms]
      [Ref Enq: 0.0 ms]
      [Redirty Cards: 0.1 ms]
      [Humongous Register: 0.1 ms]
      [Humongous Reclaim: 0.2 ms]
      [Free CSet: 0.1 ms]
   [Eden: 182.0M(182.0M)->0.0B(175.0M) Survivors: 19.0M->26.0M Heap: 507.5M(2048.0M)->329.6M(2048.0M)]
 [Times: user=0.03 sys=0.16, real=0.03 secs] 
2020-10-26T00:10:01.768-0800: [GC pause (G1 Evacuation Pause) (young), 0.0184852 secs]
   [Parallel Time: 17.5 ms, GC Workers: 10]
      [GC Worker Start (ms): Min: 569.8, Avg: 569.9, Max: 569.9, Diff: 0.1]
      [Ext Root Scanning (ms): Min: 0.1, Avg: 0.1, Max: 0.2, Diff: 0.1, Sum: 1.1]
      [Update RS (ms): Min: 0.2, Avg: 0.3, Max: 0.5, Diff: 0.3, Sum: 2.6]
         [Processed Buffers: Min: 0, Avg: 2.4, Max: 3, Diff: 3, Sum: 24]
      [Scan RS (ms): Min: 0.0, Avg: 0.0, Max: 0.0, Diff: 0.0, Sum: 0.2]
      [Code Root Scanning (ms): Min: 0.0, Avg: 0.0, Max: 0.0, Diff: 0.0, Sum: 0.0]
      [Object Copy (ms): Min: 16.2, Avg: 16.5, Max: 16.8, Diff: 0.6, Sum: 164.9]
      [Termination (ms): Min: 0.0, Avg: 0.4, Max: 0.7, Diff: 0.7, Sum: 4.0]
         [Termination Attempts: Min: 1, Avg: 1.0, Max: 1, Diff: 0, Sum: 10]
      [GC Worker Other (ms): Min: 0.0, Avg: 0.0, Max: 0.0, Diff: 0.0, Sum: 0.1]
      [GC Worker Total (ms): Min: 17.2, Avg: 17.3, Max: 17.4, Diff: 0.2, Sum: 172.9]
      [GC Worker End (ms): Min: 587.1, Avg: 587.2, Max: 587.3, Diff: 0.2]
   [Code Root Fixup: 0.0 ms]
   [Code Root Purge: 0.0 ms]
   [Clear CT: 0.2 ms]
   [Other: 0.8 ms]
      [Choose CSet: 0.0 ms]
      [Ref Proc: 0.2 ms]
      [Ref Enq: 0.0 ms]
      [Redirty Cards: 0.1 ms]
      [Humongous Register: 0.1 ms]
      [Humongous Reclaim: 0.1 ms]
      [Free CSet: 0.1 ms]
   [Eden: 175.0M(175.0M)->0.0B(238.0M) Survivors: 26.0M->26.0M Heap: 543.6M(2048.0M)->379.2M(2048.0M)]
 [Times: user=0.04 sys=0.10, real=0.02 secs] 
2020-10-26T00:10:01.860-0800: [GC pause (G1 Evacuation Pause) (young), 0.0300378 secs]
   [Parallel Time: 28.9 ms, GC Workers: 10]
      [GC Worker Start (ms): Min: 661.8, Avg: 661.8, Max: 661.9, Diff: 0.1]
      [Ext Root Scanning (ms): Min: 0.1, Avg: 0.1, Max: 0.2, Diff: 0.1, Sum: 1.3]
      [Update RS (ms): Min: 0.2, Avg: 0.3, Max: 0.3, Diff: 0.2, Sum: 2.6]
         [Processed Buffers: Min: 0, Avg: 2.7, Max: 4, Diff: 4, Sum: 27]
      [Scan RS (ms): Min: 0.0, Avg: 0.0, Max: 0.0, Diff: 0.0, Sum: 0.3]
      [Code Root Scanning (ms): Min: 0.0, Avg: 0.0, Max: 0.0, Diff: 0.0, Sum: 0.0]
      [Object Copy (ms): Min: 27.8, Avg: 28.0, Max: 28.2, Diff: 0.4, Sum: 280.2]
      [Termination (ms): Min: 0.0, Avg: 0.2, Max: 0.5, Diff: 0.5, Sum: 2.5]
         [Termination Attempts: Min: 1, Avg: 1.4, Max: 2, Diff: 1, Sum: 14]
      [GC Worker Other (ms): Min: 0.0, Avg: 0.0, Max: 0.0, Diff: 0.0, Sum: 0.2]
      [GC Worker Total (ms): Min: 28.6, Avg: 28.7, Max: 28.8, Diff: 0.1, Sum: 287.2]
      [GC Worker End (ms): Min: 690.5, Avg: 690.5, Max: 690.6, Diff: 0.1]
   [Code Root Fixup: 0.0 ms]
   [Code Root Purge: 0.0 ms]
   [Clear CT: 0.2 ms]
   [Other: 0.9 ms]
      [Choose CSet: 0.0 ms]
      [Ref Proc: 0.2 ms]
      [Ref Enq: 0.0 ms]
      [Redirty Cards: 0.1 ms]
      [Humongous Register: 0.1 ms]
      [Humongous Reclaim: 0.2 ms]
      [Free CSet: 0.1 ms]
   [Eden: 238.0M(238.0M)->0.0B(242.0M) Survivors: 26.0M->33.0M Heap: 674.5M(2048.0M)->435.2M(2048.0M)]
 [Times: user=0.04 sys=0.19, real=0.03 secs] 
2020-10-26T00:10:01.938-0800: [GC pause (G1 Evacuation Pause) (young), 0.0257352 secs]
   [Parallel Time: 24.7 ms, GC Workers: 10]
      [GC Worker Start (ms): Min: 739.5, Avg: 739.6, Max: 739.7, Diff: 0.2]
      [Ext Root Scanning (ms): Min: 0.0, Avg: 0.1, Max: 0.2, Diff: 0.2, Sum: 0.9]
      [Update RS (ms): Min: 0.2, Avg: 0.3, Max: 0.6, Diff: 0.4, Sum: 2.8]
         [Processed Buffers: Min: 0, Avg: 2.6, Max: 3, Diff: 3, Sum: 26]
      [Scan RS (ms): Min: 0.0, Avg: 0.0, Max: 0.1, Diff: 0.0, Sum: 0.2]
      [Code Root Scanning (ms): Min: 0.0, Avg: 0.0, Max: 0.0, Diff: 0.0, Sum: 0.0]
      [Object Copy (ms): Min: 23.6, Avg: 23.8, Max: 24.0, Diff: 0.4, Sum: 238.4]
      [Termination (ms): Min: 0.0, Avg: 0.2, Max: 0.5, Diff: 0.5, Sum: 2.3]
         [Termination Attempts: Min: 1, Avg: 1.7, Max: 3, Diff: 2, Sum: 17]
      [GC Worker Other (ms): Min: 0.0, Avg: 0.0, Max: 0.0, Diff: 0.0, Sum: 0.1]
      [GC Worker Total (ms): Min: 24.3, Avg: 24.5, Max: 24.6, Diff: 0.3, Sum: 244.7]
      [GC Worker End (ms): Min: 764.0, Avg: 764.1, Max: 764.2, Diff: 0.2]
   [Code Root Fixup: 0.0 ms]
   [Code Root Purge: 0.0 ms]
   [Clear CT: 0.1 ms]
   [Other: 0.8 ms]
      [Choose CSet: 0.0 ms]
      [Ref Proc: 0.2 ms]
      [Ref Enq: 0.0 ms]
      [Redirty Cards: 0.1 ms]
      [Humongous Register: 0.1 ms]
      [Humongous Reclaim: 0.1 ms]
      [Free CSet: 0.1 ms]
   [Eden: 242.0M(242.0M)->0.0B(382.0M) Survivors: 33.0M->35.0M Heap: 733.6M(2048.0M)->496.0M(2048.0M)]
 [Times: user=0.04 sys=0.16, real=0.03 secs] 
2020-10-26T00:10:02.108-0800: [GC pause (G1 Evacuation Pause) (young), 0.0506759 secs]
   [Parallel Time: 49.4 ms, GC Workers: 10]
      [GC Worker Start (ms): Min: 909.7, Avg: 909.8, Max: 909.9, Diff: 0.1]
      [Ext Root Scanning (ms): Min: 0.0, Avg: 0.1, Max: 0.2, Diff: 0.1, Sum: 1.0]
      [Update RS (ms): Min: 0.2, Avg: 0.3, Max: 0.5, Diff: 0.3, Sum: 2.6]
         [Processed Buffers: Min: 0, Avg: 2.4, Max: 3, Diff: 3, Sum: 24]
      [Scan RS (ms): Min: 0.0, Avg: 0.0, Max: 0.1, Diff: 0.1, Sum: 0.4]
      [Code Root Scanning (ms): Min: 0.0, Avg: 0.0, Max: 0.0, Diff: 0.0, Sum: 0.1]
      [Object Copy (ms): Min: 48.4, Avg: 48.6, Max: 48.8, Diff: 0.4, Sum: 486.4]
      [Termination (ms): Min: 0.0, Avg: 0.2, Max: 0.5, Diff: 0.5, Sum: 1.9]
         [Termination Attempts: Min: 1, Avg: 1.0, Max: 1, Diff: 0, Sum: 10]
      [GC Worker Other (ms): Min: 0.0, Avg: 0.0, Max: 0.0, Diff: 0.0, Sum: 0.1]
      [GC Worker Total (ms): Min: 49.1, Avg: 49.2, Max: 49.3, Diff: 0.2, Sum: 492.4]
      [GC Worker End (ms): Min: 959.0, Avg: 959.1, Max: 959.1, Diff: 0.1]
   [Code Root Fixup: 0.0 ms]
   [Code Root Purge: 0.0 ms]
   [Clear CT: 0.2 ms]
   [Other: 1.1 ms]
      [Choose CSet: 0.0 ms]
      [Ref Proc: 0.2 ms]
      [Ref Enq: 0.0 ms]
      [Redirty Cards: 0.1 ms]
      [Humongous Register: 0.1 ms]
      [Humongous Reclaim: 0.3 ms]
      [Free CSet: 0.1 ms]
   [Eden: 382.0M(382.0M)->0.0B(253.0M) Survivors: 35.0M->53.0M Heap: 974.5M(2048.0M)->591.9M(2048.0M)]
 [Times: user=0.06 sys=0.31, real=0.05 secs] 
2020-10-26T00:10:02.216-0800: [GC pause (G1 Evacuation Pause) (young), 0.0277400 secs]
   [Parallel Time: 26.6 ms, GC Workers: 10]
      [GC Worker Start (ms): Min: 1017.7, Avg: 1017.8, Max: 1017.9, Diff: 0.2]
      [Ext Root Scanning (ms): Min: 0.0, Avg: 0.1, Max: 0.2, Diff: 0.2, Sum: 0.7]
      [Update RS (ms): Min: 0.4, Avg: 0.4, Max: 0.4, Diff: 0.1, Sum: 4.0]
         [Processed Buffers: Min: 1, Avg: 4.5, Max: 5, Diff: 4, Sum: 45]
      [Scan RS (ms): Min: 0.0, Avg: 0.0, Max: 0.0, Diff: 0.0, Sum: 0.3]
      [Code Root Scanning (ms): Min: 0.0, Avg: 0.0, Max: 0.0, Diff: 0.0, Sum: 0.0]
      [Object Copy (ms): Min: 25.5, Avg: 25.6, Max: 25.8, Diff: 0.3, Sum: 256.4]
      [Termination (ms): Min: 0.0, Avg: 0.2, Max: 0.5, Diff: 0.5, Sum: 2.3]
         [Termination Attempts: Min: 1, Avg: 1.0, Max: 1, Diff: 0, Sum: 10]
      [GC Worker Other (ms): Min: 0.0, Avg: 0.0, Max: 0.0, Diff: 0.0, Sum: 0.1]
      [GC Worker Total (ms): Min: 26.2, Avg: 26.4, Max: 26.6, Diff: 0.3, Sum: 263.9]
      [GC Worker End (ms): Min: 1044.2, Avg: 1044.2, Max: 1044.3, Diff: 0.2]
   [Code Root Fixup: 0.0 ms]
   [Code Root Purge: 0.0 ms]
   [Clear CT: 0.1 ms]
   [Other: 1.0 ms]
      [Choose CSet: 0.0 ms]
      [Ref Proc: 0.3 ms]
      [Ref Enq: 0.0 ms]
      [Redirty Cards: 0.2 ms]
      [Humongous Register: 0.1 ms]
      [Humongous Reclaim: 0.1 ms]
      [Free CSet: 0.1 ms]
   [Eden: 253.0M(253.0M)->0.0B(943.0M) Survivors: 53.0M->39.0M Heap: 920.1M(2048.0M)->664.3M(2048.0M)]
 [Times: user=0.07 sys=0.14, real=0.03 secs] 
creat: 10914
Heap
 garbage-first heap   total 2097152K, used 958223K [0x0000000740000000, 0x0000000740104000, 0x00000007c0000000)
  region size 1024K, 248 young (253952K), 39 survivors (39936K)
 Metaspace       used 2680K, capacity 4486K, committed 4864K, reserved 1056768K
  class space    used 292K, capacity 386K, committed 512K, reserved 1048576K
