start
2020-10-26T00:10:44.337-0800: [GC (Allocation Failure) [PSYoungGen: 1048576K->174581K(1223168K)] 1048576K->248899K(4019712K), 0.1097308 secs] [Times: user=0.13 sys=0.72, real=0.11 secs] 
2020-10-26T00:10:44.620-0800: [GC (Allocation Failure) [PSYoungGen: 1223157K->174585K(1223168K)] 1297475K->373774K(4019712K), 0.1313499 secs] [Times: user=0.15 sys=0.86, real=0.13 secs] 
creat: 7865
Heap
 PSYoungGen      total 1223168K, used 216755K [0x000000076ab00000, 0x00000007c0000000, 0x00000007c0000000)
  eden space 1048576K, 4% used [0x000000076ab00000,0x000000076d42ea68,0x00000007aab00000)
  from space 174592K, 99% used [0x00000007b5580000,0x00000007bfffe4c0,0x00000007c0000000)
  to   space 174592K, 0% used [0x00000007aab00000,0x00000007aab00000,0x00000007b5580000)
 ParOldGen       total 2796544K, used 199189K [0x00000006c0000000, 0x000000076ab00000, 0x000000076ab00000)
  object space 2796544K, 7% used [0x00000006c0000000,0x00000006cc2856a8,0x000000076ab00000)
 Metaspace       used 2680K, capacity 4486K, committed 4864K, reserved 1056768K
  class space    used 292K, capacity 386K, committed 512K, reserved 1048576K
