start
2020-10-26T00:10:37.801-0800: [GC (Allocation Failure) [PSYoungGen: 524800K->87037K(611840K)] 524800K->149409K(2010112K), 0.0669364 secs] [Times: user=0.08 sys=0.43, real=0.06 secs] 
2020-10-26T00:10:37.949-0800: [GC (Allocation Failure) [PSYoungGen: 611837K->87039K(611840K)] 674209K->259978K(2010112K), 0.0918029 secs] [Times: user=0.11 sys=0.60, real=0.10 secs] 
2020-10-26T00:10:38.130-0800: [GC (Allocation Failure) [PSYoungGen: 611839K->87037K(611840K)] 784778K->365141K(2010112K), 0.0561019 secs] [Times: user=0.13 sys=0.31, real=0.05 secs] 
2020-10-26T00:10:38.276-0800: [GC (Allocation Failure) [PSYoungGen: 611837K->87023K(611840K)] 889941K->477121K(2010112K), 0.0630464 secs] [Times: user=0.15 sys=0.35, real=0.06 secs] 
2020-10-26T00:10:38.412-0800: [GC (Allocation Failure) [PSYoungGen: 611823K->87036K(611840K)] 1001921K->597136K(2010112K), 0.0669770 secs] [Times: user=0.14 sys=0.37, real=0.06 secs] 
creat: 10231
Heap
 PSYoungGen      total 611840K, used 208026K [0x0000000795580000, 0x00000007c0000000, 0x00000007c0000000)
  eden space 524800K, 23% used [0x0000000795580000,0x000000079cba7548,0x00000007b5600000)
  from space 87040K, 99% used [0x00000007b5600000,0x00000007baaff320,0x00000007bab00000)
  to   space 87040K, 0% used [0x00000007bab00000,0x00000007bab00000,0x00000007c0000000)
 ParOldGen       total 1398272K, used 510099K [0x0000000740000000, 0x0000000795580000, 0x0000000795580000)
  object space 1398272K, 36% used [0x0000000740000000,0x000000075f224ed0,0x0000000795580000)
 Metaspace       used 2680K, capacity 4486K, committed 4864K, reserved 1056768K
  class space    used 292K, capacity 386K, committed 512K, reserved 1048576K
