start
2020-10-26T00:11:07.872-0800: [GC (Allocation Failure) 2020-10-26T00:11:07.872-0800: [DefNew: 279616K->34944K(314560K), 0.0457087 secs] 279616K->77013K(1013632K), 0.0458803 secs] [Times: user=0.03 sys=0.02, real=0.04 secs] 
2020-10-26T00:11:07.960-0800: [GC (Allocation Failure) 2020-10-26T00:11:07.960-0800: [DefNew: 314560K->34943K(314560K), 0.0659864 secs] 356629K->156283K(1013632K), 0.0660620 secs] [Times: user=0.04 sys=0.03, real=0.06 secs] 
2020-10-26T00:11:08.063-0800: [GC (Allocation Failure) 2020-10-26T00:11:08.063-0800: [DefNew: 314559K->34943K(314560K), 0.0500906 secs] 435899K->236046K(1013632K), 0.0501646 secs] [Times: user=0.03 sys=0.02, real=0.05 secs] 
2020-10-26T00:11:08.149-0800: [GC (Allocation Failure) 2020-10-26T00:11:08.149-0800: [DefNew: 314559K->34944K(314560K), 0.0496661 secs] 515662K->314173K(1013632K), 0.0497395 secs] [Times: user=0.03 sys=0.02, real=0.05 secs] 
2020-10-26T00:11:08.256-0800: [GC (Allocation Failure) 2020-10-26T00:11:08.256-0800: [DefNew: 314560K->34943K(314560K), 0.0480645 secs] 593789K->388278K(1013632K), 0.0481450 secs] [Times: user=0.03 sys=0.02, real=0.05 secs] 
2020-10-26T00:11:08.344-0800: [GC (Allocation Failure) 2020-10-26T00:11:08.344-0800: [DefNew: 314559K->34942K(314560K), 0.0546230 secs] 667894K->472901K(1013632K), 0.0546981 secs] [Times: user=0.04 sys=0.02, real=0.05 secs] 
2020-10-26T00:11:08.436-0800: [GC (Allocation Failure) 2020-10-26T00:11:08.436-0800: [DefNew: 314558K->34943K(314560K), 0.0454813 secs] 752517K->543955K(1013632K), 0.0455564 secs] [Times: user=0.03 sys=0.02, real=0.05 secs] 
2020-10-26T00:11:08.519-0800: [GC (Allocation Failure) 2020-10-26T00:11:08.519-0800: [DefNew: 314559K->34943K(314560K), 0.0485673 secs] 823571K->620844K(1013632K), 0.0486476 secs] [Times: user=0.03 sys=0.02, real=0.05 secs] 
2020-10-26T00:11:08.604-0800: [GC (Allocation Failure) 2020-10-26T00:11:08.604-0800: [DefNew: 314559K->34941K(314560K), 0.0478465 secs] 900460K->696926K(1013632K), 0.0479211 secs] [Times: user=0.03 sys=0.02, real=0.05 secs] 
2020-10-26T00:11:08.688-0800: [GC (Allocation Failure) 2020-10-26T00:11:08.688-0800: [DefNew: 314557K->314557K(314560K), 0.0000434 secs]2020-10-26T00:11:08.688-0800: [Tenured: 661985K->367855K(699072K), 0.0554476 secs] 976542K->367855K(1013632K), [Metaspace: 2673K->2673K(1056768K)], 0.0555953 secs] [Times: user=0.06 sys=0.00, real=0.06 secs] 
creat: 10559
Heap
 def new generation   total 314560K, used 11374K [0x0000000780000000, 0x0000000795550000, 0x0000000795550000)
  eden space 279616K,   4% used [0x0000000780000000, 0x0000000780b1bbf8, 0x0000000791110000)
  from space 34944K,   0% used [0x0000000793330000, 0x0000000793330000, 0x0000000795550000)
  to   space 34944K,   0% used [0x0000000791110000, 0x0000000791110000, 0x0000000793330000)
 tenured generation   total 699072K, used 367855K [0x0000000795550000, 0x00000007c0000000, 0x00000007c0000000)
   the space 699072K,  52% used [0x0000000795550000, 0x00000007abc8bf58, 0x00000007abc8c000, 0x00000007c0000000)
 Metaspace       used 2680K, capacity 4486K, committed 4864K, reserved 1056768K
  class space    used 292K, capacity 386K, committed 512K, reserved 1048576K
