start
2020-10-26T00:11:20.841-0800: [GC (Allocation Failure) 2020-10-26T00:11:20.841-0800: [DefNew: 1118528K->139775K(1258304K), 0.1423924 secs] 1118528K->237923K(4054528K), 0.1424750 secs] [Times: user=0.08 sys=0.06, real=0.14 secs] 
2020-10-26T00:11:21.161-0800: [GC (Allocation Failure) 2020-10-26T00:11:21.162-0800: [DefNew: 1258303K->139775K(1258304K), 0.1741913 secs] 1356451K->398480K(4054528K), 0.1742670 secs] [Times: user=0.10 sys=0.08, real=0.17 secs] 
creat: 8250
Heap
 def new generation   total 1258304K, used 184518K [0x00000006c0000000, 0x0000000715550000, 0x0000000715550000)
  eden space 1118528K,   4% used [0x00000006c0000000, 0x00000006c2bb18e0, 0x0000000704450000)
  from space 139776K,  99% used [0x0000000704450000, 0x000000070cccfff0, 0x000000070ccd0000)
  to   space 139776K,   0% used [0x000000070ccd0000, 0x000000070ccd0000, 0x0000000715550000)
 tenured generation   total 2796224K, used 258704K [0x0000000715550000, 0x00000007c0000000, 0x00000007c0000000)
   the space 2796224K,   9% used [0x0000000715550000, 0x00000007251f4078, 0x00000007251f4200, 0x00000007c0000000)
 Metaspace       used 2679K, capacity 4486K, committed 4864K, reserved 1056768K
  class space    used 292K, capacity 386K, committed 512K, reserved 1048576K
