start
2020-10-26T00:11:01.546-0800: [GC (Allocation Failure) 2020-10-26T00:11:01.546-0800: [DefNew: 139776K->17472K(157248K), 0.0290195 secs] 139776K->50041K(506816K), 0.0291024 secs] [Times: user=0.02 sys=0.01, real=0.03 secs] 
2020-10-26T00:11:01.598-0800: [GC (Allocation Failure) 2020-10-26T00:11:01.598-0800: [DefNew: 157248K->17471K(157248K), 0.0360361 secs] 189817K->92099K(506816K), 0.0361145 secs] [Times: user=0.02 sys=0.02, real=0.04 secs] 
2020-10-26T00:11:01.653-0800: [GC (Allocation Failure) 2020-10-26T00:11:01.653-0800: [DefNew: 157247K->17470K(157248K), 0.0284441 secs] 231875K->136477K(506816K), 0.0285112 secs] [Times: user=0.02 sys=0.01, real=0.03 secs] 
2020-10-26T00:11:01.701-0800: [GC (Allocation Failure) 2020-10-26T00:11:01.701-0800: [DefNew: 157082K->17472K(157248K), 0.0275331 secs] 276088K->179636K(506816K), 0.0276148 secs] [Times: user=0.02 sys=0.01, real=0.02 secs] 
2020-10-26T00:11:01.749-0800: [GC (Allocation Failure) 2020-10-26T00:11:01.749-0800: [DefNew: 157248K->17471K(157248K), 0.0256913 secs] 319412K->221386K(506816K), 0.0257701 secs] [Times: user=0.01 sys=0.01, real=0.03 secs] 
2020-10-26T00:11:01.793-0800: [GC (Allocation Failure) 2020-10-26T00:11:01.794-0800: [DefNew: 157245K->17470K(157248K), 0.0282794 secs] 361159K->267915K(506816K), 0.0283529 secs] [Times: user=0.01 sys=0.01, real=0.03 secs] 
2020-10-26T00:11:01.840-0800: [GC (Allocation Failure) 2020-10-26T00:11:01.840-0800: [DefNew: 157246K->17471K(157248K), 0.0262418 secs] 407691K->310100K(506816K), 0.0263138 secs] [Times: user=0.02 sys=0.01, real=0.02 secs] 
2020-10-26T00:11:01.887-0800: [GC (Allocation Failure) 2020-10-26T00:11:01.887-0800: [DefNew: 157247K->17469K(157248K), 0.0306163 secs] 449876K->360353K(506816K), 0.0306964 secs] [Times: user=0.02 sys=0.01, real=0.03 secs] 
2020-10-26T00:11:01.935-0800: [GC (Allocation Failure) 2020-10-26T00:11:01.935-0800: [DefNew: 157245K->157245K(157248K), 0.0000430 secs]2020-10-26T00:11:01.935-0800: [Tenured: 342883K->283417K(349568K), 0.0479972 secs] 500129K->283417K(506816K), [Metaspace: 2673K->2673K(1056768K)], 0.0481478 secs] [Times: user=0.05 sys=0.00, real=0.05 secs] 
2020-10-26T00:11:02.004-0800: [GC (Allocation Failure) 2020-10-26T00:11:02.004-0800: [DefNew: 139277K->17472K(157248K), 0.0092626 secs] 422695K->336364K(506816K), 0.0093418 secs] [Times: user=0.01 sys=0.00, real=0.01 secs] 
2020-10-26T00:11:02.034-0800: [GC (Allocation Failure) 2020-10-26T00:11:02.035-0800: [DefNew: 157248K->157248K(157248K), 0.0000438 secs]2020-10-26T00:11:02.035-0800: [Tenured: 318892K->315345K(349568K), 0.0453005 secs] 476140K->315345K(506816K), [Metaspace: 2673K->2673K(1056768K)], 0.0454569 secs] [Times: user=0.05 sys=0.01, real=0.05 secs] 
2020-10-26T00:11:02.106-0800: [GC (Allocation Failure) 2020-10-26T00:11:02.106-0800: [DefNew: 139678K->139678K(157248K), 0.0000437 secs]2020-10-26T00:11:02.106-0800: [Tenured: 315345K->329669K(349568K), 0.0459956 secs] 455024K->329669K(506816K), [Metaspace: 2673K->2673K(1056768K)], 0.0461623 secs] [Times: user=0.04 sys=0.00, real=0.05 secs] 
2020-10-26T00:11:02.180-0800: [GC (Allocation Failure) 2020-10-26T00:11:02.180-0800: [DefNew: 139776K->139776K(157248K), 0.0000433 secs]2020-10-26T00:11:02.180-0800: [Tenured: 329669K->323670K(349568K), 0.0485569 secs] 469445K->323670K(506816K), [Metaspace: 2673K->2673K(1056768K)], 0.0487186 secs] [Times: user=0.05 sys=0.00, real=0.04 secs] 
2020-10-26T00:11:02.254-0800: [GC (Allocation Failure) 2020-10-26T00:11:02.254-0800: [DefNew: 139337K->139337K(157248K), 0.0000434 secs]2020-10-26T00:11:02.254-0800: [Tenured: 323670K->346590K(349568K), 0.0328582 secs] 463008K->346590K(506816K), [Metaspace: 2673K->2673K(1056768K)], 0.0330169 secs] [Times: user=0.03 sys=0.00, real=0.03 secs] 
2020-10-26T00:11:02.311-0800: [GC (Allocation Failure) 2020-10-26T00:11:02.311-0800: [DefNew: 139776K->139776K(157248K), 0.0000443 secs]2020-10-26T00:11:02.311-0800: [Tenured: 346590K->349540K(349568K), 0.0433784 secs] 486366K->357347K(506816K), [Metaspace: 2673K->2673K(1056768K)], 0.0435396 secs] [Times: user=0.04 sys=0.00, real=0.04 secs] 
2020-10-26T00:11:02.379-0800: [Full GC (Allocation Failure) 2020-10-26T00:11:02.379-0800: [Tenured: 349540K->349451K(349568K), 0.0473124 secs] 506641K->357998K(506816K), [Metaspace: 2673K->2673K(1056768K)], 0.0474002 secs] [Times: user=0.05 sys=0.00, real=0.05 secs] 
2020-10-26T00:11:02.455-0800: [Full GC (Allocation Failure) 2020-10-26T00:11:02.455-0800: [Tenured: 349451K->337847K(349568K), 0.0496723 secs] 506545K->337847K(506816K), [Metaspace: 2673K->2673K(1056768K)], 0.0497531 secs] [Times: user=0.05 sys=0.00, real=0.05 secs] 
creat: 9145
Heap
 def new generation   total 157248K, used 5741K [0x00000007a0000000, 0x00000007aaaa0000, 0x00000007aaaa0000)
  eden space 139776K,   4% used [0x00000007a0000000, 0x00000007a059b4b8, 0x00000007a8880000)
  from space 17472K,   0% used [0x00000007a9990000, 0x00000007a9990000, 0x00000007aaaa0000)
  to   space 17472K,   0% used [0x00000007a8880000, 0x00000007a8880000, 0x00000007a9990000)
 tenured generation   total 349568K, used 337847K [0x00000007aaaa0000, 0x00000007c0000000, 0x00000007c0000000)
   the space 349568K,  96% used [0x00000007aaaa0000, 0x00000007bf48dc68, 0x00000007bf48de00, 0x00000007c0000000)
 Metaspace       used 2680K, capacity 4486K, committed 4864K, reserved 1056768K
  class space    used 292K, capacity 386K, committed 512K, reserved 1048576K
