start
2020-10-26T00:11:14.314-0800: [GC (Allocation Failure) 2020-10-26T00:11:14.314-0800: [DefNew: 559232K->69888K(629120K), 0.0878501 secs] 559232K->140521K(2027264K), 0.0879324 secs] [Times: user=0.06 sys=0.04, real=0.09 secs] 
2020-10-26T00:11:14.500-0800: [GC (Allocation Failure) 2020-10-26T00:11:14.500-0800: [DefNew: 629120K->69888K(629120K), 0.1139684 secs] 699753K->272471K(2027264K), 0.1140477 secs] [Times: user=0.07 sys=0.05, real=0.11 secs] 
2020-10-26T00:11:14.688-0800: [GC (Allocation Failure) 2020-10-26T00:11:14.688-0800: [DefNew: 629120K->69887K(629120K), 0.0822425 secs] 831703K->396548K(2027264K), 0.0823299 secs] [Times: user=0.06 sys=0.03, real=0.09 secs] 
2020-10-26T00:11:14.843-0800: [GC (Allocation Failure) 2020-10-26T00:11:14.843-0800: [DefNew: 629119K->69887K(629120K), 0.0803991 secs] 955780K->517370K(2027264K), 0.0804746 secs] [Times: user=0.05 sys=0.03, real=0.08 secs] 
creat: 9716
Heap
 def new generation   total 629120K, used 439003K [0x0000000740000000, 0x000000076aaa0000, 0x000000076aaa0000)
  eden space 559232K,  66% used [0x0000000740000000, 0x0000000756876ea8, 0x0000000762220000)
  from space 69888K,  99% used [0x0000000762220000, 0x000000076665fff0, 0x0000000766660000)
  to   space 69888K,   0% used [0x0000000766660000, 0x0000000766660000, 0x000000076aaa0000)
 tenured generation   total 1398144K, used 447482K [0x000000076aaa0000, 0x00000007c0000000, 0x00000007c0000000)
   the space 1398144K,  32% used [0x000000076aaa0000, 0x0000000785f9e840, 0x0000000785f9ea00, 0x00000007c0000000)
 Metaspace       used 2679K, capacity 4486K, committed 4864K, reserved 1056768K
  class space    used 292K, capacity 386K, committed 512K, reserved 1048576K
