start
2020-10-26T00:10:55.504-0800: [GC (Allocation Failure) 2020-10-26T00:10:55.504-0800: [DefNew: 69836K->8703K(78656K), 0.0151941 secs] 69836K->26952K(253440K), 0.0152757 secs] [Times: user=0.00 sys=0.00, real=0.01 secs] 
2020-10-26T00:10:55.533-0800: [GC (Allocation Failure) 2020-10-26T00:10:55.533-0800: [DefNew: 78655K->8703K(78656K), 0.0175322 secs] 96904K->49052K(253440K), 0.0176123 secs] [Times: user=0.01 sys=0.01, real=0.02 secs] 
2020-10-26T00:10:55.561-0800: [GC (Allocation Failure) 2020-10-26T00:10:55.561-0800: [DefNew: 78385K->8697K(78656K), 0.0167455 secs] 118734K->76319K(253440K), 0.0168264 secs] [Times: user=0.01 sys=0.01, real=0.01 secs] 
2020-10-26T00:10:55.588-0800: [GC (Allocation Failure) 2020-10-26T00:10:55.588-0800: [DefNew: 78616K->8703K(78656K), 0.0135908 secs] 146238K->98173K(253440K), 0.0136662 secs] [Times: user=0.00 sys=0.00, real=0.02 secs] 
2020-10-26T00:10:55.611-0800: [GC (Allocation Failure) 2020-10-26T00:10:55.611-0800: [DefNew: 78655K->8695K(78656K), 0.0159924 secs] 168125K->123603K(253440K), 0.0160555 secs] [Times: user=0.01 sys=0.01, real=0.01 secs] 
2020-10-26T00:10:55.637-0800: [GC (Allocation Failure) 2020-10-26T00:10:55.637-0800: [DefNew: 78081K->8699K(78656K), 0.0144785 secs] 192990K->146768K(253440K), 0.0145436 secs] [Times: user=0.01 sys=0.00, real=0.02 secs] 
2020-10-26T00:10:55.662-0800: [GC (Allocation Failure) 2020-10-26T00:10:55.662-0800: [DefNew: 78210K->8697K(78656K), 0.0126306 secs] 216279K->166396K(253440K), 0.0127061 secs] [Times: user=0.01 sys=0.01, real=0.01 secs] 
2020-10-26T00:10:55.686-0800: [GC (Allocation Failure) 2020-10-26T00:10:55.686-0800: [DefNew: 78649K->78649K(78656K), 0.0000432 secs]2020-10-26T00:10:55.686-0800: [Tenured: 157699K->166824K(174784K), 0.0248022 secs] 236348K->166824K(253440K), [Metaspace: 2673K->2673K(1056768K)], 0.0249503 secs] [Times: user=0.02 sys=0.00, real=0.03 secs] 
2020-10-26T00:10:55.721-0800: [GC (Allocation Failure) 2020-10-26T00:10:55.721-0800: [DefNew: 69952K->69952K(78656K), 0.0000441 secs]2020-10-26T00:10:55.721-0800: [Tenured: 166824K->174774K(174784K), 0.0236780 secs] 236776K->185941K(253440K), [Metaspace: 2673K->2673K(1056768K)], 0.0238273 secs] [Times: user=0.03 sys=0.00, real=0.02 secs] 
2020-10-26T00:10:55.755-0800: [Full GC (Allocation Failure) 2020-10-26T00:10:55.755-0800: [Tenured: 174774K->174621K(174784K), 0.0208608 secs] 253429K->191862K(253440K), [Metaspace: 2673K->2673K(1056768K)], 0.0209518 secs] [Times: user=0.02 sys=0.00, real=0.02 secs] 
2020-10-26T00:10:55.785-0800: [Full GC (Allocation Failure) 2020-10-26T00:10:55.786-0800: [Tenured: 174759K->174562K(174784K), 0.0284743 secs] 253406K->196027K(253440K), [Metaspace: 2673K->2673K(1056768K)], 0.0285754 secs] [Times: user=0.03 sys=0.00, real=0.03 secs] 
2020-10-26T00:10:55.825-0800: [Full GC (Allocation Failure) 2020-10-26T00:10:55.825-0800: [Tenured: 174774K->174774K(174784K), 0.0059511 secs] 253425K->214542K(253440K), [Metaspace: 2673K->2673K(1056768K)], 0.0060503 secs] [Times: user=0.00 sys=0.00, real=0.01 secs] 
2020-10-26T00:10:55.836-0800: [Full GC (Allocation Failure) 2020-10-26T00:10:55.836-0800: [Tenured: 174774K->174543K(174784K), 0.0152666 secs] 252707K->221019K(253440K), [Metaspace: 2673K->2673K(1056768K)], 0.0153589 secs] [Times: user=0.02 sys=0.00, real=0.02 secs] 
2020-10-26T00:10:55.857-0800: [Full GC (Allocation Failure) 2020-10-26T00:10:55.857-0800: [Tenured: 174741K->174635K(174784K), 0.0168444 secs] 253220K->225723K(253440K), [Metaspace: 2673K->2673K(1056768K)], 0.0169518 secs] [Times: user=0.02 sys=0.00, real=0.02 secs] 
2020-10-26T00:10:55.878-0800: [Full GC (Allocation Failure) 2020-10-26T00:10:55.878-0800: [Tenured: 174753K->174554K(174784K), 0.0304281 secs] 253374K->220985K(253440K), [Metaspace: 2673K->2673K(1056768K)], 0.0305422 secs] [Times: user=0.03 sys=0.01, real=0.03 secs] 
2020-10-26T00:10:55.914-0800: [Full GC (Allocation Failure) 2020-10-26T00:10:55.914-0800: [Tenured: 174599K->174599K(174784K), 0.0074569 secs] 253239K->233060K(253440K), [Metaspace: 2673K->2673K(1056768K)], 0.0075494 secs] [Times: user=0.00 sys=0.00, real=0.01 secs] 
2020-10-26T00:10:55.924-0800: [Full GC (Allocation Failure) 2020-10-26T00:10:55.924-0800: [Tenured: 174731K->174731K(174784K), 0.0058268 secs] 253380K->240934K(253440K), [Metaspace: 2673K->2673K(1056768K)], 0.0058882 secs] [Times: user=0.00 sys=0.00, real=0.01 secs] 
2020-10-26T00:10:55.932-0800: [Full GC (Allocation Failure) 2020-10-26T00:10:55.932-0800: [Tenured: 174731K->174311K(174784K), 0.0101852 secs] 253339K->242329K(253440K), [Metaspace: 2673K->2673K(1056768K)], 0.0102487 secs] [Times: user=0.01 sys=0.00, real=0.01 secs] 
2020-10-26T00:10:55.944-0800: [Full GC (Allocation Failure) 2020-10-26T00:10:55.944-0800: [Tenured: 174672K->174601K(174784K), 0.0304371 secs] 253211K->236443K(253440K), [Metaspace: 2673K->2673K(1056768K)], 0.0305011 secs] [Times: user=0.03 sys=0.00, real=0.03 secs] 
2020-10-26T00:10:55.977-0800: [Full GC (Allocation Failure) 2020-10-26T00:10:55.977-0800: [Tenured: 174741K->174741K(174784K), 0.0086539 secs] 253396K->243539K(253440K), [Metaspace: 2673K->2673K(1056768K)], 0.0087213 secs] [Times: user=0.01 sys=0.00, real=0.01 secs] 
2020-10-26T00:10:55.988-0800: [Full GC (Allocation Failure) 2020-10-26T00:10:55.988-0800: [Tenured: 174741K->174741K(174784K), 0.0074002 secs] 253372K->245878K(253440K), [Metaspace: 2673K->2673K(1056768K)], 0.0074649 secs] [Times: user=0.01 sys=0.00, real=0.01 secs] 
2020-10-26T00:10:55.997-0800: [Full GC (Allocation Failure) 2020-10-26T00:10:55.997-0800: [Tenured: 174741K->174741K(174784K), 0.0024224 secs] 253329K->248257K(253440K), [Metaspace: 2673K->2673K(1056768K)], 0.0024809 secs] [Times: user=0.00 sys=0.00, real=0.00 secs] 
2020-10-26T00:10:56.000-0800: [Full GC (Allocation Failure) 2020-10-26T00:10:56.000-0800: [Tenured: 174741K->174768K(174784K), 0.0293826 secs] 253174K->241901K(253440K), [Metaspace: 2673K->2673K(1056768K)], 0.0294458 secs] [Times: user=0.03 sys=0.00, real=0.03 secs] 
2020-10-26T00:10:56.033-0800: [Full GC (Allocation Failure) 2020-10-26T00:10:56.033-0800: [Tenured: 174768K->174768K(174784K), 0.0098038 secs] 253281K->243665K(253440K), [Metaspace: 2673K->2673K(1056768K)], 0.0098694 secs] [Times: user=0.01 sys=0.00, real=0.01 secs] 
2020-10-26T00:10:56.045-0800: [Full GC (Allocation Failure) 2020-10-26T00:10:56.045-0800: [Tenured: 174768K->174768K(174784K), 0.0083480 secs] 253383K->246553K(253440K), [Metaspace: 2673K->2673K(1056768K)], 0.0084061 secs] [Times: user=0.00 sys=0.00, real=0.01 secs] 
2020-10-26T00:10:56.054-0800: [Full GC (Allocation Failure) 2020-10-26T00:10:56.054-0800: [Tenured: 174768K->174768K(174784K), 0.0119155 secs] 253369K->249452K(253440K), [Metaspace: 2673K->2673K(1056768K)], 0.0119725 secs] [Times: user=0.01 sys=0.00, real=0.01 secs] 
2020-10-26T00:10:56.067-0800: [Full GC (Allocation Failure) 2020-10-26T00:10:56.067-0800: [Tenured: 174768K->174630K(174784K), 0.0368646 secs] 253063K->246346K(253440K), [Metaspace: 2673K->2673K(1056768K)], 0.0369203 secs] [Times: user=0.04 sys=0.00, real=0.04 secs] 
2020-10-26T00:10:56.106-0800: [Full GC (Allocation Failure) 2020-10-26T00:10:56.106-0800: [Tenured: 174702K->174702K(174784K), 0.0044358 secs] 253348K->248508K(253440K), [Metaspace: 2673K->2673K(1056768K)], 0.0044909 secs] [Times: user=0.00 sys=0.00, real=0.01 secs] 
2020-10-26T00:10:56.111-0800: [Full GC (Allocation Failure) 2020-10-26T00:10:56.111-0800: [Tenured: 174702K->174702K(174784K), 0.0079290 secs] 253223K->249776K(253440K), [Metaspace: 2673K->2673K(1056768K)], 0.0079792 secs] [Times: user=0.01 sys=0.00, real=0.00 secs] 
2020-10-26T00:10:56.119-0800: [Full GC (Allocation Failure) 2020-10-26T00:10:56.119-0800: [Tenured: 174702K->174702K(174784K), 0.0077423 secs] 252886K->250643K(253440K), [Metaspace: 2673K->2673K(1056768K)], 0.0077951 secs] [Times: user=0.01 sys=0.00, real=0.01 secs] 
2020-10-26T00:10:56.127-0800: [Full GC (Allocation Failure) 2020-10-26T00:10:56.127-0800: [Tenured: 174702K->174383K(174784K), 0.0248030 secs] 253120K->248890K(253440K), [Metaspace: 2673K->2673K(1056768K)], 0.0248676 secs] [Times: user=0.02 sys=0.00, real=0.03 secs] 
2020-10-26T00:10:56.153-0800: [Full GC (Allocation Failure) 2020-10-26T00:10:56.153-0800: [Tenured: 174670K->174670K(174784K), 0.0039096 secs] 253303K->249460K(253440K), [Metaspace: 2673K->2673K(1056768K)], 0.0039765 secs] [Times: user=0.01 sys=0.00, real=0.00 secs] 
2020-10-26T00:10:56.158-0800: [Full GC (Allocation Failure) 2020-10-26T00:10:56.158-0800: [Tenured: 174670K->174670K(174784K), 0.0022209 secs] 253116K->250280K(253440K), [Metaspace: 2673K->2673K(1056768K)], 0.0022812 secs] [Times: user=0.00 sys=0.00, real=0.01 secs] 
2020-10-26T00:10:56.161-0800: [Full GC (Allocation Failure) 2020-10-26T00:10:56.161-0800: [Tenured: 174670K->174670K(174784K), 0.0068928 secs] 253163K->251304K(253440K), [Metaspace: 2673K->2673K(1056768K)], 0.0069532 secs] [Times: user=0.01 sys=0.00, real=0.00 secs] 
2020-10-26T00:10:56.168-0800: [Full GC (Allocation Failure) 2020-10-26T00:10:56.168-0800: [Tenured: 174670K->174363K(174784K), 0.0258400 secs] 252771K->251054K(253440K), [Metaspace: 2673K->2673K(1056768K)], 0.0259064 secs] [Times: user=0.02 sys=0.00, real=0.03 secs] 
2020-10-26T00:10:56.194-0800: [Full GC (Allocation Failure) 2020-10-26T00:10:56.194-0800: [Tenured: 174363K->174363K(174784K), 0.0022651 secs] 252458K->251362K(253440K), [Metaspace: 2673K->2673K(1056768K)], 0.0023253 secs] [Times: user=0.01 sys=0.00, real=0.00 secs] 
2020-10-26T00:10:56.197-0800: [Full GC (Allocation Failure) 2020-10-26T00:10:56.197-0800: [Tenured: 174363K->174363K(174784K), 0.0092075 secs] 252903K->251894K(253440K), [Metaspace: 2673K->2673K(1056768K)], 0.0092692 secs] [Times: user=0.01 sys=0.00, real=0.01 secs] 
2020-10-26T00:10:56.206-0800: [Full GC (Allocation Failure) 2020-10-26T00:10:56.206-0800: [Tenured: 174781K->174781K(174784K), 0.0022389 secs] 253425K->252843K(253440K), [Metaspace: 2673K->2673K(1056768K)], 0.0023001 secs] [Times: user=0.00 sys=0.00, real=0.00 secs] 
2020-10-26T00:10:56.209-0800: [Full GC (Allocation Failure) 2020-10-26T00:10:56.209-0800: [Tenured: 174781K->174688K(174784K), 0.0194208 secs] 253021K->252131K(253440K), [Metaspace: 2673K->2673K(1056768K)], 0.0194848 secs] [Times: user=0.02 sys=0.00, real=0.02 secs] 
2020-10-26T00:10:56.229-0800: [Full GC (Allocation Failure) 2020-10-26T00:10:56.229-0800: [Tenured: 174688K->174688K(174784K), 0.0053487 secs] 253273K->253113K(253440K), [Metaspace: 2673K->2673K(1056768K)], 0.0054097 secs] [Times: user=0.00 sys=0.00, real=0.01 secs] 
2020-10-26T00:10:56.234-0800: [Full GC (Allocation Failure) 2020-10-26T00:10:56.234-0800: [Tenured: 174762K->174762K(174784K), 0.0020098 secs] 253381K->253133K(253440K), [Metaspace: 2673K->2673K(1056768K)], 0.0020648 secs] [Times: user=0.01 sys=0.00, real=0.00 secs] 
2020-10-26T00:10:56.236-0800: [Full GC (Allocation Failure) 2020-10-26T00:10:56.236-0800: [Tenured: 174762K->174762K(174784K), 0.0019066 secs] 253241K->253187K(253440K), [Metaspace: 2673K->2673K(1056768K)], 0.0019604 secs] [Times: user=0.00 sys=0.00, real=0.00 secs] 
2020-10-26T00:10:56.238-0800: [Full GC (Allocation Failure) 2020-10-26T00:10:56.239-0800: [Tenured: 174762K->174773K(174784K), 0.0168050 secs] 253354K->253075K(253440K), [Metaspace: 2673K->2673K(1056768K)], 0.0168657 secs] [Times: user=0.01 sys=0.00, real=0.02 secs] 
2020-10-26T00:10:56.255-0800: [Full GC (Allocation Failure) 2020-10-26T00:10:56.256-0800: [Tenured: 174773K->174773K(174784K), 0.0022429 secs] 253153K->253009K(253440K), [Metaspace: 2673K->2673K(1056768K)], 0.0023012 secs] [Times: user=0.01 sys=0.00, real=0.00 secs] 
2020-10-26T00:10:56.258-0800: [Full GC (Allocation Failure) 2020-10-26T00:10:56.258-0800: [Tenured: 174773K->174773K(174784K), 0.0051988 secs] 253237K->253056K(253440K), [Metaspace: 2673K->2673K(1056768K)], 0.0052593 secs] [Times: user=0.00 sys=0.00, real=0.01 secs] 
2020-10-26T00:10:56.263-0800: [Full GC (Allocation Failure) 2020-10-26T00:10:56.263-0800: [Tenured: 174773K->174732K(174784K), 0.0169506 secs] 253056K->253015K(253440K), [Metaspace: 2673K->2673K(1056768K)], 0.0170026 secs] [Times: user=0.02 sys=0.00, real=0.02 secs] 

Exception in thread "main" java.lang.OutOfMemoryError: Java heap space
	at GCLogAnalysis.generateGarbage(GCLogAnalysis.java:33)
	at GCLogAnalysis.main(GCLogAnalysis.java:18)

Heap
 def new generation   total 78656K, used 78390K [0x00000007b0000000, 0x00000007b5550000, 0x00000007b5550000)
  eden space 69952K, 100% used [0x00000007b0000000, 0x00000007b4450000, 0x00000007b4450000)
  from space 8704K,  96% used [0x00000007b4cd0000, 0x00000007b550db70, 0x00000007b5550000)
  to   space 8704K,   0% used [0x00000007b4450000, 0x00000007b4450000, 0x00000007b4cd0000)
 tenured generation   total 174784K, used 174732K [0x00000007b5550000, 0x00000007c0000000, 0x00000007c0000000)
   the space 174784K,  99% used [0x00000007b5550000, 0x00000007bfff3048, 0x00000007bfff3200, 0x00000007c0000000)
 Metaspace       used 2704K, capacity 4486K, committed 4864K, reserved 1056768K
  class space    used 295K, capacity 386K, committed 512K, reserved 1048576K
